Component: ARM Compiler 5.06 update 6 (build 750) Tool: armlink [4d35ed]

==============================================================================

Section Cross References

    startup_stm32f446xx.o(RESET) refers to startup_stm32f446xx.o(STACK) for __initial_sp
    startup_stm32f446xx.o(RESET) refers to startup_stm32f446xx.o(.text) for Reset_Handler
    startup_stm32f446xx.o(RESET) refers to stm32f4xx_it.o(i.NMI_Handler) for NMI_Handler
    startup_stm32f446xx.o(RESET) refers to stm32f4xx_it.o(i.HardFault_Handler) for HardFault_Handler
    startup_stm32f446xx.o(RESET) refers to stm32f4xx_it.o(i.MemManage_Handler) for MemManage_Handler
    startup_stm32f446xx.o(RESET) refers to stm32f4xx_it.o(i.BusFault_Handler) for BusFault_Handler
    startup_stm32f446xx.o(RESET) refers to stm32f4xx_it.o(i.UsageFault_Handler) for UsageFault_Handler
    startup_stm32f446xx.o(RESET) refers to stm32f4xx_it.o(i.SVC_Handler) for SVC_Handler
    startup_stm32f446xx.o(RESET) refers to stm32f4xx_it.o(i.DebugMon_Handler) for DebugMon_Handler
    startup_stm32f446xx.o(RESET) refers to stm32f4xx_it.o(i.PendSV_Handler) for PendSV_Handler
    startup_stm32f446xx.o(RESET) refers to stm32f4xx_it.o(i.SysTick_Handler) for SysTick_Handler
    startup_stm32f446xx.o(RESET) refers to stm32f4xx_it.o(i.TIM3_IRQHandler) for TIM3_IRQHandler
    startup_stm32f446xx.o(.text) refers to system_stm32f4xx.o(i.SystemInit) for SystemInit
    startup_stm32f446xx.o(.text) refers to entry.o(.ARM.Collect$$$$00000000) for __main
    mcufriend_kbv.o(i.LCD_Begin) refers to mcufriend_kbv.o(i.LCD_ReadID) for LCD_ReadID
    mcufriend_kbv.o(i.LCD_Begin) refers to mcufriend_kbv.o(i.LCD_Reset) for LCD_Reset
    mcufriend_kbv.o(i.LCD_Begin) refers to mcufriend_kbv.o(i.init_table16) for init_table16
    mcufriend_kbv.o(i.LCD_Begin) refers to mcufriend_kbv.o(i.init_table) for init_table
    mcufriend_kbv.o(i.LCD_Begin) refers to mcufriend_kbv.o(i.LCD_SetRotation) for LCD_SetRotation
    mcufriend_kbv.o(i.LCD_Begin) refers to mcufriend_kbv.o(i.LCD_InvertDisplay) for LCD_InvertDisplay
    mcufriend_kbv.o(i.LCD_Begin) refers to mcufriend_kbv.o(i.LCD_DrawPixel) for LCD_DrawPixel
    mcufriend_kbv.o(i.LCD_Begin) refers to mcufriend_kbv.o(i.LCD_ReadPixel) for LCD_ReadPixel
    mcufriend_kbv.o(i.LCD_Begin) refers to mcufriend_kbv.o(i.LCD_PushCommand) for LCD_PushCommand
    mcufriend_kbv.o(i.LCD_Begin) refers to mcufriend_kbv.o(.data) for .data
    mcufriend_kbv.o(i.LCD_Begin) refers to mcufriend_kbv.o(.constdata) for .constdata
    mcufriend_kbv.o(i.LCD_DrawChar) refers to mcufriend_kbv.o(i.LCD_FillRect) for LCD_FillRect
    mcufriend_kbv.o(i.LCD_DrawChar) refers to mcufriend_kbv.o(i.LCD_DrawPixel) for LCD_DrawPixel
    mcufriend_kbv.o(i.LCD_DrawChar) refers to mcufriend_kbv.o(.constdata) for .constdata
    mcufriend_kbv.o(i.LCD_DrawCircle) refers to mcufriend_kbv.o(i.LCD_DrawPixel) for LCD_DrawPixel
    mcufriend_kbv.o(i.LCD_DrawCircleHelper) refers to mcufriend_kbv.o(i.LCD_DrawPixel) for LCD_DrawPixel
    mcufriend_kbv.o(i.LCD_DrawFastHLine) refers to mcufriend_kbv.o(i.LCD_FillRect) for LCD_FillRect
    mcufriend_kbv.o(i.LCD_DrawFastVLine) refers to mcufriend_kbv.o(i.LCD_FillRect) for LCD_FillRect
    mcufriend_kbv.o(i.LCD_DrawLine) refers to mcufriend_kbv.o(i.LCD_DrawPixel) for LCD_DrawPixel
    mcufriend_kbv.o(i.LCD_DrawPixel) refers to mcufriend_kbv.o(i.color565_to_555) for color565_to_555
    mcufriend_kbv.o(i.LCD_DrawPixel) refers to mcufriend_kbv.o(i.LCD_SetAddrWindow) for LCD_SetAddrWindow
    mcufriend_kbv.o(i.LCD_DrawPixel) refers to mcufriend_kbv.o(i.LCD_WriteCmdData) for LCD_WriteCmdData
    mcufriend_kbv.o(i.LCD_DrawPixel) refers to mcufriend_kbv.o(.data) for .data
    mcufriend_kbv.o(i.LCD_DrawRect) refers to mcufriend_kbv.o(i.LCD_DrawFastHLine) for LCD_DrawFastHLine
    mcufriend_kbv.o(i.LCD_DrawRect) refers to mcufriend_kbv.o(i.LCD_DrawFastVLine) for LCD_DrawFastVLine
    mcufriend_kbv.o(i.LCD_FillCircle) refers to mcufriend_kbv.o(i.LCD_DrawFastVLine) for LCD_DrawFastVLine
    mcufriend_kbv.o(i.LCD_FillCircle) refers to mcufriend_kbv.o(i.LCD_FillCircleHelper) for LCD_FillCircleHelper
    mcufriend_kbv.o(i.LCD_FillCircleHelper) refers to mcufriend_kbv.o(i.LCD_DrawFastVLine) for LCD_DrawFastVLine
    mcufriend_kbv.o(i.LCD_FillRect) refers to mcufriend_kbv.o(i.color565_to_555) for color565_to_555
    mcufriend_kbv.o(i.LCD_FillRect) refers to mcufriend_kbv.o(i.LCD_SetAddrWindow) for LCD_SetAddrWindow
    mcufriend_kbv.o(i.LCD_FillRect) refers to mcufriend_kbv.o(.data) for .data
    mcufriend_kbv.o(i.LCD_FillScreen) refers to mcufriend_kbv.o(i.LCD_FillRect) for LCD_FillRect
    mcufriend_kbv.o(i.LCD_FillScreen) refers to mcufriend_kbv.o(.data) for .data
    mcufriend_kbv.o(i.LCD_InvertDisplay) refers to mcufriend_kbv.o(i.WriteCmdParamN) for WriteCmdParamN
    mcufriend_kbv.o(i.LCD_InvertDisplay) refers to mcufriend_kbv.o(i.LCD_WriteCmdData) for LCD_WriteCmdData
    mcufriend_kbv.o(i.LCD_InvertDisplay) refers to mcufriend_kbv.o(.data) for .data
[...]
    Removing stm32f4xx_hal_cortex.o(.revsh_text), (4 bytes).
    Removing stm32f4xx_hal_cortex.o(.rrx_text), (6 bytes).
    Removing stm32f4xx_hal_cortex.o(i.HAL_MPU_ConfigRegion), (84 bytes).
    Removing stm32f4xx_hal_cortex.o(i.HAL_MPU_Disable), (28 bytes).
    Removing stm32f4xx_hal_cortex.o(i.HAL_MPU_Enable), (36 bytes).
    Removing stm32f4xx_hal_cortex.o(i.HAL_NVIC_ClearPendingIRQ), (26 bytes).
    Removing stm32f4xx_hal_cortex.o(i.HAL_NVIC_DisableIRQ), (34 bytes).
    Removing stm32f4xx_hal_cortex.o(i.HAL_NVIC_GetActive), (36 bytes).
    Removing stm32f4xx_hal_cortex.o(i.HAL_NVIC_GetPendingIRQ), (36 bytes).
    Removing stm32f4xx_hal_cortex.o(i.HAL_NVIC_GetPriority), (82 bytes).
    Removing stm32f4xx_hal_cortex.o(i.HAL_NVIC_GetPriorityGrouping), (16 bytes).
    Removing stm32f4xx_hal_cortex.o(i.HAL_NVIC_SetPendingIRQ), (26 bytes).
    Removing stm32f4xx_hal_cortex.o(i.HAL_NVIC_SystemReset), (36 bytes).
    Removing stm32f4xx_hal_cortex.o(i.HAL_SYSTICK_CLKSourceConfig), (24 bytes).
    Removing stm32f4xx_hal_cortex.o(i.HAL_SYSTICK_Callback), (2 bytes).
    Removing stm32f4xx_hal.o(.rev16_text), (4 bytes).
    Removing stm32f4xx_hal.o(.revsh_text), (4 bytes).
    Removing stm32f4xx_hal.o(.rrx_text), (6 bytes).
    Removing stm32f4xx_hal.o(i.HAL_DBGMCU_DisableDBGSleepMode), (16 bytes).
    Removing stm32f4xx_hal.o(i.HAL_DBGMCU_DisableDBGStandbyMode), (16 bytes).
    Removing stm32f4xx_hal.o(i.HAL_DBGMCU_DisableDBGStopMode), (16 bytes).
    Removing stm32f4xx_hal.o(i.HAL_DBGMCU_EnableDBGSleepMode), (16 bytes).
    Removing stm32f4xx_hal.o(i.HAL_DBGMCU_EnableDBGStandbyMode), (16 bytes).
    Removing stm32f4xx_hal.o(i.HAL_DBGMCU_EnableDBGStopMode), (16 bytes).
    Removing stm32f4xx_hal.o(i.HAL_DeInit), (52 bytes).
    Removing stm32f4xx_hal.o(i.HAL_DisableCompensationCell), (12 bytes).
    Removing stm32f4xx_hal.o(i.HAL_EnableCompensationCell), (12 bytes).
    Removing stm32f4xx_hal.o(i.HAL_GetDEVID), (16 bytes).
    Removing stm32f4xx_hal.o(i.HAL_GetHalVersion), (8 bytes).
    Removing stm32f4xx_hal.o(i.HAL_GetREVID), (12 bytes).
    Removing stm32f4xx_hal.o(i.HAL_GetTickFreq), (12 bytes).
    Removing stm32f4xx_hal.o(i.HAL_GetTickPrio), (12 bytes).
    Removing stm32f4xx_hal.o(i.HAL_GetUIDw0), (12 bytes).
    Removing stm32f4xx_hal.o(i.HAL_GetUIDw1), (12 bytes).
    Removing stm32f4xx_hal.o(i.HAL_GetUIDw2), (12 bytes).
    Removing stm32f4xx_hal.o(i.HAL_MspDeInit), (2 bytes).
    Removing stm32f4xx_hal.o(i.HAL_MspInit), (2 bytes).
    Removing stm32f4xx_hal.o(i.HAL_ResumeTick), (14 bytes).
    Removing stm32f4xx_hal.o(i.HAL_SetTickFreq), (36 bytes).
    Removing stm32f4xx_hal.o(i.HAL_SuspendTick), (14 bytes).
    Removing stm32f4xx_hal_exti.o(.rev16_text), (4 bytes).
    Removing stm32f4xx_hal_exti.o(.revsh_text), (4 bytes).
    Removing stm32f4xx_hal_exti.o(.rrx_text), (6 bytes).
    Removing stm32f4xx_hal_exti.o(i.HAL_EXTI_ClearConfigLine), (108 bytes).
    Removing stm32f4xx_hal_exti.o(i.HAL_EXTI_ClearPending), (20 bytes).
    Removing stm32f4xx_hal_exti.o(i.HAL_EXTI_GenerateSWI), (20 bytes).
    Removing stm32f4xx_hal_exti.o(i.HAL_EXTI_GetConfigLine), (156 bytes).
    Removing stm32f4xx_hal_exti.o(i.HAL_EXTI_GetHandle), (12 bytes).
    Removing stm32f4xx_hal_exti.o(i.HAL_EXTI_GetPending), (24 bytes).
    Removing stm32f4xx_hal_exti.o(i.HAL_EXTI_IRQHandler), (36 bytes).
    Removing stm32f4xx_hal_exti.o(i.HAL_EXTI_RegisterCallback), (14 bytes).
    Removing stm32f4xx_hal_exti.o(i.HAL_EXTI_SetConfigLine), (168 bytes).
    Removing stm32f4xx_hal_uart.o(.rev16_text), (4 bytes).
    Removing stm32f4xx_hal_uart.o(.revsh_text), (4 bytes).
    Removing stm32f4xx_hal_uart.o(.rrx_text), (6 bytes).
    Removing stm32f4xx_hal_uart.o(i.HAL_HalfDuplex_EnableReceiver), (50 bytes).
    Removing stm32f4xx_hal_uart.o(i.HAL_HalfDuplex_EnableTransmitter), (50 bytes).
    Removing stm32f4xx_hal_uart.o(i.HAL_HalfDuplex_Init), (108 bytes).
    Removing stm32f4xx_hal_uart.o(i.HAL_LIN_Init), (128 bytes).
    Removing stm32f4xx_hal_uart.o(i.HAL_LIN_SendBreak), (46 bytes).
    Removing stm32f4xx_hal_uart.o(i.HAL_MultiProcessor_EnterMuteMode), (46 bytes).
    Removing stm32f4xx_hal_uart.o(i.HAL_MultiProcessor_ExitMuteMode), (46 bytes).
    Removing stm32f4xx_hal_uart.o(i.HAL_MultiProcessor_Init), (142 bytes).
    Removing stm32f4xx_hal_uart.o(i.HAL_UART_Abort), (138 bytes).
    Removing stm32f4xx_hal_uart.o(i.HAL_UART_AbortCpltCallback), (2 bytes).
    Removing stm32f4xx_hal_uart.o(i.HAL_UART_AbortReceive), (88 bytes).
    Removing stm32f4xx_hal_uart.o(i.HAL_UART_AbortReceiveCpltCallback), (2 bytes).
    Removing stm32f4xx_hal_uart.o(i.HAL_UART_AbortReceive_IT), (92 bytes).
    Removing stm32f4xx_hal_uart.o(i.HAL_UART_AbortTransmit), (78 bytes).
    Removing stm32f4xx_hal_uart.o(i.HAL_UART_AbortTransmitCpltCallback), (2 bytes).
    Removing stm32f4xx_hal_uart.o(i.HAL_UART_AbortTransmit_IT), (84 bytes).
    Removing stm32f4xx_hal_uart.o(i.HAL_UART_Abort_IT), (172 bytes).
    Removing stm32f4xx_hal_uart.o(i.HAL_UART_DMAPause), (102 bytes).
    Removing stm32f4xx_hal_uart.o(i.HAL_UART_DMAResume), (94 bytes).
    Removing stm32f4xx_hal_uart.o(i.HAL_UART_DMAStop), (88 bytes).
    Removing stm32f4xx_hal_uart.o(i.HAL_UART_DeInit), (50 bytes).
    Removing stm32f4xx_hal_uart.o(i.HAL_UART_ErrorCallback), (2 bytes).
    Removing stm32f4xx_hal_uart.o(i.HAL_UART_GetError), (4 bytes).
    Removing stm32f4xx_hal_uart.o(i.HAL_UART_GetState), (10 bytes).
    Removing stm32f4xx_hal_uart.o(i.HAL_UART_IRQHandler), (276 bytes).
    Removing stm32f4xx_hal_uart.o(i.HAL_UART_MspDeInit), (2 bytes).
    Removing stm32f4xx_hal_uart.o(i.HAL_UART_MspInit), (2 bytes).
    Removing stm32f4xx_hal_uart.o(i.HAL_UART_Receive), (190 bytes).
    Removing stm32f4xx_hal_uart.o(i.HAL_UART_Receive_DMA), (152 bytes).
    Removing stm32f4xx_hal_uart.o(i.HAL_UART_Receive_IT), (82 bytes).
    Removing stm32f4xx_hal_uart.o(i.HAL_UART_RxCpltCallback), (2 bytes).
    Removing stm32f4xx_hal_uart.o(i.HAL_UART_RxHalfCpltCallback), (2 bytes).
    Removing stm32f4xx_hal_uart.o(i.HAL_UART_Transmit), (186 bytes).
    Removing stm32f4xx_hal_uart.o(i.HAL_UART_Transmit_DMA), (128 bytes).
    Removing stm32f4xx_hal_uart.o(i.HAL_UART_Transmit_IT), (62 bytes).
    Removing stm32f4xx_hal_uart.o(i.HAL_UART_TxCpltCallback), (2 bytes).
    Removing stm32f4xx_hal_uart.o(i.HAL_UART_TxHalfCpltCallback), (2 bytes).
    Removing stm32f4xx_hal_uart.o(i.UART_DMAAbortOnError), (16 bytes).
    Removing stm32f4xx_hal_uart.o(i.UART_DMAError), (74 bytes).
    Removing stm32f4xx_hal_uart.o(i.UART_DMAReceiveCplt), (60 bytes).
    Removing stm32f4xx_hal_uart.o(i.UART_DMARxAbortCallback), (42 bytes).
    Removing stm32f4xx_hal_uart.o(i.UART_DMARxHalfCplt), (10 bytes).
    Removing stm32f4xx_hal_uart.o(i.UART_DMARxOnlyAbortCallback), (20 bytes).
    Removing stm32f4xx_hal_uart.o(i.UART_DMATransmitCplt), (46 bytes).
    Removing stm32f4xx_hal_uart.o(i.UART_DMATxAbortCallback), (42 bytes).
    Removing stm32f4xx_hal_uart.o(i.UART_DMATxHalfCplt), (10 bytes).
    Removing stm32f4xx_hal_uart.o(i.UART_DMATxOnlyAbortCallback), (20 bytes).
    Removing stm32f4xx_hal_uart.o(i.UART_EndRxTransfer), (28 bytes).
    Removing stm32f4xx_hal_uart.o(i.UART_EndTxTransfer), (18 bytes).
    Removing stm32f4xx_hal_uart.o(i.UART_Receive_IT), (150 bytes).
    Removing stm32f4xx_hal_uart.o(i.UART_Transmit_IT), (98 bytes).
    Removing stm32f4xx_hal_uart.o(i.UART_WaitOnFlagUntilTimeout), (100 bytes).
    Removing system_stm32f4xx.o(.rev16_text), (4 bytes).
    Removing system_stm32f4xx.o(.revsh_text), (4 bytes).
    Removing system_stm32f4xx.o(.rrx_text), (6 bytes).
    Removing system_stm32f4xx.o(i.SystemCoreClockUpdate), (120 bytes).

420 unused section(s) (total 28667 bytes) removed from the image.

==============================================================================

Image Symbol Table

    Local Symbols

    Symbol Name                              Value     Ov Type        Size  Object(Section)

    ../Core/Src/gpio.c                       0x00000000   Number         0  gpio.o ABSOLUTE
    ../Core/Src/main.c                       0x00000000   Number         0  main.o ABSOLUTE
    ../Core/Src/stm32f4xx_hal_msp.c          0x00000000   Number         0  stm32f4xx_hal_msp.o ABSOLUTE
    ../Core/Src/stm32f4xx_it.c               0x00000000   Number         0  stm32f4xx_it.o ABSOLUTE
    ../Core/Src/system_stm32f4xx.c           0x00000000   Number         0  system_stm32f4xx.o ABSOLUTE
    ../Core/Src/tim.c                        0x00000000   Number         0  tim.o ABSOLUTE
    ../Core/Src/usart.c                      0x00000000   Number         0  usart.o ABSOLUTE
    ../Drivers/STM32F4xx_HAL_Driver/Src/stm32f4xx_hal.c 0x00000000   Number         0  stm32f4xx_hal.o ABSOLUTE
    ../Drivers/STM32F4xx_HAL_Driver/Src/stm32f4xx_hal_cortex.c 0x00000000   Number         0  stm32f4xx_hal_cortex.o ABSOLUTE
    ../Drivers/STM32F4xx_HAL_Driver/Src/stm32f4xx_hal_dma.c 0x00000000   Number         0  stm32f4xx_hal_dma.o ABSOLUTE
    ../Drivers/STM32F4xx_HAL_Driver/Src/stm32f4xx_hal_dma_ex.c 0x00000000   Number         0  stm32f4xx_hal_dma_ex.o ABSOLUTE
    ../Drivers/STM32F4xx_HAL_Driver/Src/stm32f4xx_hal_exti.c 0x00000000   Number         0  stm32f4xx_hal_exti.o ABSOLUTE
    ../Drivers/STM32F4xx_HAL_Driver/Src/stm32f4xx_hal_flash.c 0x00000000   Number         0  stm32f4xx_hal_flash.o ABSOLUTE
    ../Drivers/STM32F4xx_HAL_Driver/Src/stm32f4xx_hal_flash_ex.c 0x00000000   Number         0  stm32f4xx_hal_flash_ex.o ABSOLUTE
    ../Drivers/STM32F4xx_HAL_Driver/Src/stm32f4xx_hal_flash_ramfunc.c 0x00000000   Number         0  stm32f4xx_hal_flash_ramfunc.o ABSOLUTE
    ../Drivers/STM32F4xx_HAL_Driver/Src/stm32f4xx_hal_gpio.c 0x00000000   Number         0  stm32f4xx_hal_gpio.o ABSOLUTE
    ../Drivers/STM32F4xx_HAL_Driver/Src/stm32f4xx_hal_pwr.c 0x00000000   Number         0  stm32f4xx_hal_pwr.o ABSOLUTE
    ../Drivers/STM32F4xx_HAL_Driver/Src/stm32f4xx_hal_pwr_ex.c 0x00000000   Number         0  stm32f4xx_hal_pwr_ex.o ABSOLUTE
    ../Drivers/STM32F4xx_HAL_Driver/Src/stm32f4xx_hal_rcc.c 0x00000000   Number         0  stm32f4xx_hal_rcc.o ABSOLUTE
    ../Drivers/STM32F4xx_HAL_Driver/Src/stm32f4xx_hal_rcc_ex.c 0x00000000   Number         0  stm32f4xx_hal_rcc_ex.o ABSOLUTE
    ../Drivers/STM32F4xx_HAL_Driver/Src/stm32f4xx_hal_tim.c 0x00000000   Number         0  stm32f4xx_hal_tim.o ABSOLUTE
    ../Drivers/STM32F4xx_HAL_Driver/Src/stm32f4xx_hal_tim_ex.c 0x00000000   Number         0  stm32f4xx_hal_tim_ex.o ABSOLUTE
    ../Drivers/STM32F4xx_HAL_Driver/Src/stm32f4xx_hal_uart.c 0x00000000   Number         0  stm32f4xx_hal_uart.o ABSOLUTE
    ../clib/microlib/division.c              0x00000000   Number         0  uldiv.o ABSOLUTE
    ../clib/microlib/division.c              0x00000000   Number         0  uidiv.o ABSOLUTE
    ../clib/microlib/init/entry.s            0x00000000   Number         0  entry11b.o ABSOLUTE
    ../clib/microlib/init/entry.s            0x00000000   Number         0  entry9a.o ABSOLUTE
    ../clib/microlib/init/entry.s            0x00000000   Number         0  entry10a.o ABSOLUTE
    ../clib/microlib/init/entry.s            0x00000000   Number         0  entry8b.o ABSOLUTE
    ../clib/microlib/init/entry.s            0x00000000   Number         0  entry10b.o ABSOLUTE
    ../clib/microlib/init/entry.s            0x00000000   Number         0  entry8a.o ABSOLUTE
    ../clib/microlib/init/entry.s            0x00000000   Number         0  entry7a.o ABSOLUTE
    ../clib/microlib/init/entry.s            0x00000000   Number         0  entry5.o ABSOLUTE
    ../clib/microlib/init/entry.s            0x00000000   Number         0  entry2.o ABSOLUTE
    ../clib/microlib/init/entry.s            0x00000000   Number         0  entry11a.o ABSOLUTE
    ../clib/microlib/init/entry.s            0x00000000   Number         0  entry.o ABSOLUTE
    ../clib/microlib/init/entry.s            0x00000000   Number         0  entry9b.o ABSOLUTE
    ../clib/microlib/init/entry.s            0x00000000   Number         0  entry7b.o ABSOLUTE
    ../clib/microlib/longlong.c              0x00000000   Number         0  llshl.o ABSOLUTE
    ../clib/microlib/longlong.c              0x00000000   Number         0  llushr.o ABSOLUTE
    ../clib/microlib/longlong.c              0x00000000   Number         0  llsshr.o ABSOLUTE
    ../clib/microlib/printf/printf.c         0x00000000   Number         0  printfa.o ABSOLUTE
    ../clib/microlib/stdio/streams.c         0x00000000   Number         0  stdout.o ABSOLUTE
    ../clib/microlib/stdlib/rand.c           0x00000000   Number         0  rand.o ABSOLUTE
    ../clib/microlib/string/memcpy.c         0x00000000   Number         0  memcpyb.o ABSOLUTE
    ../clib/microlib/string/memcpy.c         0x00000000   Number         0  memcpya.o ABSOLUTE
    ../clib/microlib/string/memset.c         0x00000000   Number         0  memseta.o ABSOLUTE
    ../clib/microlib/stubs.s                 0x00000000   Number         0  iusefp.o ABSOLUTE
    ../fplib/microlib/d2f.c                  0x00000000   Number         0  d2f.o ABSOLUTE
    ../fplib/microlib/f2d.c                  0x00000000   Number         0  f2d.o ABSOLUTE
    ../fplib/microlib/fpadd.c                0x00000000   Number         0  dadd.o ABSOLUTE
    ../fplib/microlib/fpdiv.c                0x00000000   Number         0  ddiv.o ABSOLUTE
    ../fplib/microlib/fpepilogue.c           0x00000000   Number         0  fepilogue.o ABSOLUTE
    ../fplib/microlib/fpepilogue.c           0x00000000   Number         0  depilogue.o ABSOLUTE
    ../fplib/microlib/fpfix.c                0x00000000   Number         0  dfixul.o ABSOLUTE
    ../fplib/microlib/fpmul.c                0x00000000   Number         0  dmul.o ABSOLUTE
    ..\Core\Src\MCUFRIEND_kbv.c              0x00000000   Number         0  mcufriend_kbv.o ABSOLUTE
    ..\Core\Src\gpio.c                       0x00000000   Number         0  gpio.o ABSOLUTE
    ..\Core\Src\main.c                       0x00000000   Number         0  main.o ABSOLUTE
    ..\Core\Src\stm32f4xx_hal_msp.c          0x00000000   Number         0  stm32f4xx_hal_msp.o ABSOLUTE
    ..\Core\Src\stm32f4xx_it.c               0x00000000   Number         0  stm32f4xx_it.o ABSOLUTE
    ..\Core\Src\system_stm32f4xx.c           0x00000000   Number         0  system_stm32f4xx.o ABSOLUTE
    ..\Core\Src\tim.c                        0x00000000   Number         0  tim.o ABSOLUTE
    ..\Core\Src\usart.c                      0x00000000   Number         0  usart.o ABSOLUTE
    ..\Drivers\STM32F4xx_HAL_Driver\Src\stm32f4xx_hal.c 0x00000000   Number         0  stm32f4xx_hal.o ABSOLUTE
    ..\Drivers\STM32F4xx_HAL_Driver\Src\stm32f4xx_hal_cortex.c 0x00000000   Number         0  stm32f4xx_hal_cortex.o ABSOLUTE
    ..\Drivers\STM32F4xx_HAL_Driver\Src\stm32f4xx_hal_dma.c 0x00000000   Number         0  stm32f4xx_hal_dma.o ABSOLUTE
    ..\Drivers\STM32F4xx_HAL_Driver\Src\stm32f4xx_hal_dma_ex.c 0x00000000   Number         0  stm32f4xx_hal_dma_ex.o ABSOLUTE
    ..\Drivers\STM32F4xx_HAL_Driver\Src\stm32f4xx_hal_exti.c 0x00000000   Number         0  stm32f4xx_hal_exti.o ABSOLUTE
    ..\Drivers\STM32F4xx_HAL_Driver\Src\stm32f4xx_hal_flash.c 0x00000000   Number         0  stm32f4xx_hal_flash.o ABSOLUTE
    ..\Drivers\STM32F4xx_HAL_Driver\Src\stm32f4xx_hal_flash_ex.c 0x00000000   Number         0  stm32f4xx_hal_flash_ex.o ABSOLUTE
    ..\Drivers\STM32F4xx_HAL_Driver\Src\stm32f4xx_hal_flash_ramfunc.c 0x00000000   Number         0  stm32f4xx_hal_flash_ramfunc.o ABSOLUTE
    ..\Drivers\STM32F4xx_HAL_Driver\Src\stm32f4xx_hal_gpio.c 0x00000000   Number         0  stm32f4xx_hal_gpio.o ABSOLUTE
    ..\Drivers\STM32F4xx_HAL_Driver\Src\stm32f4xx_hal_pwr.c 0x00000000   Number         0  stm32f4xx_hal_pwr.o ABSOLUTE
    ..\Drivers\STM32F4xx_HAL_Driver\Src\stm32f4xx_hal_pwr_ex.c 0x00000000   Number         0  stm32f4xx_hal_pwr_ex.o ABSOLUTE
    ..\Drivers\STM32F4xx_HAL_Driver\Src\stm32f4xx_hal_rcc.c 0x00000000   Number         0  stm32f4xx_hal_rcc.o ABSOLUTE
    ..\Drivers\STM32F4xx_HAL_Driver\Src\stm32f4xx_hal_rcc_ex.c 0x00000000   Number         0  stm32f4xx_hal_rcc_ex.o ABSOLUTE
    ..\Drivers\STM32F4xx_HAL_Driver\Src\stm32f4xx_hal_tim.c 0x00000000   Number         0  stm32f4xx_hal_tim.o ABSOLUTE
    ..\Drivers\STM32F4xx_HAL_Driver\Src\stm32f4xx_hal_tim_ex.c 0x00000000   Number         0  stm32f4xx_hal_tim_ex.o ABSOLUTE
    ..\Drivers\STM32F4xx_HAL_Driver\Src\stm32f4xx_hal_uart.c 0x00000000   Number         0  stm32f4xx_hal_uart.o ABSOLUTE
    ..\\Core\\Src\\MCUFRIEND_kbv.c           0x00000000   Number         0  mcufriend_kbv.o ABSOLUTE
    cdrcmple.s                               0x00000000   Number         0  cdrcmple.o ABSOLUTE
    dc.s                                     0x00000000   Number         0  dc.o ABSOLUTE
    handlers.s                               0x00000000   Number         0  handlers.o ABSOLUTE
    init.s                                   0x00000000   Number         0  init.o ABSOLUTE
    startup_stm32f446xx.s                    0x00000000   Number         0  startup_stm32f446xx.o ABSOLUTE
    RESET                                    0x08000000   Section      452  startup_stm32f446xx.o(RESET)
    .ARM.Collect$$$$00000000                 0x080001c4   Section        0  entry.o(.ARM.Collect$$$$00000000)
    .ARM.Collect$$$$00000001                 0x080001c4   Section        4  entry2.o(.ARM.Collect$$$$00000001)
    .ARM.Collect$$$$00000004                 0x080001c8   Section        4  entry5.o(.ARM.Collect$$$$00000004)
    .ARM.Collect$$$$00000008                 0x080001cc   Section        0  entry7b.o(.ARM.Collect$$$$00000008)
    .ARM.Collect$$$$0000000A                 0x080001cc   Section        0  entry8b.o(.ARM.Collect$$$$0000000A)
    .ARM.Collect$$$$0000000B                 0x080001cc   Section        8  entry9a.o(.ARM.Collect$$$$0000000B)
    .ARM.Collect$$$$0000000D                 0x080001d4   Section        0  entry10a.o(.ARM.Collect$$$$0000000D)
    .ARM.Collect$$$$0000000F                 0x080001d4   Section        0  entry11a.o(.ARM.Collect$$$$0000000F)
    .ARM.Collect$$$$00002712                 0x080001d4   Section        4  entry2.o(.ARM.Collect$$$$00002712)
    __lit__00000000                          0x080001d4   Data           4  entry2.o(.ARM.Collect$$$$00002712)
    .text                                    0x080001d8   Section       36  startup_stm32f446xx.o(.text)
    $v0                                      0x080001d8   Number         0  startup_stm32f446xx.o(.text)
    .text                                    0x080001fc   Section        0  uldiv.o(.text)
    .text                                    0x08000260   Section        0  rand.o(.text)
    .text                                    0x08000284   Section        0  memcpya.o(.text)
    .text                                    0x080002a8   Section        0  memseta.o(.text)
    .text                                    0x080002cc   Section        0  dadd.o(.text)
    .text                                    0x0800041a   Section        0  dmul.o(.text)
    .text                                    0x080004fe   Section        0  ddiv.o(.text)
    .text                                    0x080005dc   Section        0  f2d.o(.text)
    .text                                    0x08000602   Section        0  d2f.o(.text)
    .text                                    0x0800063a   Section        0  uidiv.o(.text)
    .text                                    0x08000666   Section        0  llshl.o(.text)
    .text                                    0x08000684   Section        0  llushr.o(.text)
    .text                                    0x080006a4   Section        0  llsshr.o(.text)
    .text                                    0x080006c8   Section        0  fepilogue.o(.text)
    .text                                    0x080006c8   Section        0  iusefp.o(.text)
    .text                                    0x08000736   Section        0  depilogue.o(.text)
    .text                                    0x080007f0   Section        0  dfixul.o(.text)
    .text                                    0x08000820   Section       48  cdrcmple.o(.text)
    .text                                    0x08000850   Section       36  init.o(.text)
    i.BallRectangle                          0x08000874   Section        0  main.o(i.BallRectangle)
    i.BorderGame                             0x080008ba   Section        0  main.o(i.BorderGame)
    i.BusFault_Handler                       0x08000900   Section        0  stm32f4xx_it.o(i.BusFault_Handler)
    i.CollisionBall                          0x08000904   Section        0  main.o(i.CollisionBall)
    i.CollisionPong                          0x08000ac0   Section        0  main.o(i.CollisionPong)
    i.DebugMon_Handler                       0x08000b00   Section        0  stm32f4xx_it.o(i.DebugMon_Handler)
    i.Error_Handler                          0x08000b02   Section        0  main.o(i.Error_Handler)
    i.HAL_Delay                              0x08000b04   Section        0  stm32f4xx_hal.o(i.HAL_Delay)
    i.HAL_GPIO_Init                          0x08000b28   Section        0  stm32f4xx_hal_gpio.o(i.HAL_GPIO_Init)
    i.HAL_GPIO_WritePin                      0x08000cd0   Section        0  stm32f4xx_hal_gpio.o(i.HAL_GPIO_WritePin)
    i.HAL_GetTick                            0x08000cdc   Section        0  stm32f4xx_hal.o(i.HAL_GetTick)
    i.HAL_IncTick                            0x08000ce8   Section        0  stm32f4xx_hal.o(i.HAL_IncTick)
    i.HAL_Init                               0x08000cf8   Section        0  stm32f4xx_hal.o(i.HAL_Init)
    i.HAL_InitTick                           0x08000d2c   Section        0  stm32f4xx_hal.o(i.HAL_InitTick)
    i.HAL_MspInit                            0x08000d6c   Section        0  stm32f4xx_hal_msp.o(i.HAL_MspInit)
    i.HAL_NVIC_EnableIRQ                     0x08000da0   Section        0  stm32f4xx_hal_cortex.o(i.HAL_NVIC_EnableIRQ)
    i.HAL_NVIC_SetPriority                   0x08000dbc   Section        0  stm32f4xx_hal_cortex.o(i.HAL_NVIC_SetPriority)
    i.HAL_NVIC_SetPriorityGrouping           0x08000dfc   Section        0  stm32f4xx_hal_cortex.o(i.HAL_NVIC_SetPriorityGrouping)
    i.HAL_RCC_ClockConfig                    0x08000e20   Section        0  stm32f4xx_hal_rcc.o(i.HAL_RCC_ClockConfig)
    i.HAL_RCC_GetPCLK1Freq                   0x08000f54   Section        0  stm32f4xx_hal_rcc.o(i.HAL_RCC_GetPCLK1Freq)
    i.HAL_RCC_GetPCLK2Freq                   0x08000f74   Section        0  stm32f4xx_hal_rcc.o(i.HAL_RCC_GetPCLK2Freq)
    i.HAL_RCC_GetSysClockFreq                0x08000f94   Section        0  stm32f4xx_hal_rcc_ex.o(i.HAL_RCC_GetSysClockFreq)
    i.HAL_RCC_OscConfig                      0x08001028   Section        0  stm32f4xx_hal_rcc_ex.o(i.HAL_RCC_OscConfig)
    i.HAL_SYSTICK_Callback                   0x0800136c   Section        0  main.o(i.HAL_SYSTICK_Callback)
    i.HAL_SYSTICK_Config                     0x08001388   Section        0  stm32f4xx_hal_cortex.o(i.HAL_SYSTICK_Config)
    i.HAL_SYSTICK_IRQHandler                 0x080013b0   Section        0  stm32f4xx_hal_cortex.o(i.HAL_SYSTICK_IRQHandler)
    i.HAL_TIMEx_MasterConfigSynchronization  0x080013b8   Section        0  stm32f4xx_hal_tim_ex.o(i.HAL_TIMEx_MasterConfigSynchronization)
    i.HAL_TIM_Base_Init                      0x08001448   Section        0  stm32f4xx_hal_tim.o(i.HAL_TIM_Base_Init)
    i.HAL_TIM_Base_MspInit                   0x08001480   Section        0  tim.o(i.HAL_TIM_Base_MspInit)
    i.HAL_TIM_ConfigClockSource              0x080014a4   Section        0  stm32f4xx_hal_tim.o(i.HAL_TIM_ConfigClockSource)
    i.HAL_TIM_IC_ConfigChannel               0x0800157c   Section        0  stm32f4xx_hal_tim.o(i.HAL_TIM_IC_ConfigChannel)
    i.HAL_TIM_IC_Init                        0x0800169a   Section        0  stm32f4xx_hal_tim.o(i.HAL_TIM_IC_Init)
    i.HAL_TIM_IC_MspInit                     0x080016d0   Section        0  tim.o(i.HAL_TIM_IC_MspInit)
    i.HAL_TIM_IC_Start_IT                    0x08001744   Section        0  stm32f4xx_hal_tim.o(i.HAL_TIM_IC_Start_IT)
    i.HAL_TIM_MspPostInit                    0x0800179c   Section        0  tim.o(i.HAL_TIM_MspPostInit)
    i.HAL_TIM_PWM_ConfigChannel              0x080017ec   Section        0  stm32f4xx_hal_tim.o(i.HAL_TIM_PWM_ConfigChannel)
    i.HAL_TIM_PWM_Init                       0x080018bc   Section        0  stm32f4xx_hal_tim.o(i.HAL_TIM_PWM_Init)
    i.HAL_TIM_PWM_MspInit                    0x080018f2   Section        0  stm32f4xx_hal_tim.o(i.HAL_TIM_PWM_MspInit)
    i.HAL_TIM_PWM_Start                      0x080018f4   Section        0  stm32f4xx_hal_tim.o(i.HAL_TIM_PWM_Start)
    i.HAL_TIM_SlaveConfigSynchro             0x08001938   Section        0  stm32f4xx_hal_tim.o(i.HAL_TIM_SlaveConfigSynchro)
    i.HAL_UART_Init                          0x0800198e   Section        0  stm32f4xx_hal_uart.o(i.HAL_UART_Init)
    i.HAL_UART_MspInit                       0x080019f0   Section        0  usart.o(i.HAL_UART_MspInit)
    i.HardFault_Handler                      0x08001a58   Section        0  stm32f4xx_it.o(i.HardFault_Handler)
    i.InitGame                               0x08001a5c   Section        0  main.o(i.InitGame)
    i.LCD_Begin                              0x08001ac8   Section        0  mcufriend_kbv.o(i.LCD_Begin)
    i.LCD_Color565                           0x08001e58   Section        0  mcufriend_kbv.o(i.LCD_Color565)
    i.LCD_DrawChar                           0x08001e6c   Section        0  mcufriend_kbv.o(i.LCD_DrawChar)
    i.LCD_DrawFastVLine                      0x08001f18   Section        0  mcufriend_kbv.o(i.LCD_DrawFastVLine)
    i.LCD_DrawPixel                          0x08001f28   Section        0  mcufriend_kbv.o(i.LCD_DrawPixel)
    i.LCD_FillCircle                         0x08001f78   Section        0  mcufriend_kbv.o(i.LCD_FillCircle)
    i.LCD_FillCircleHelper                   0x08001fac   Section        0  mcufriend_kbv.o(i.LCD_FillCircleHelper)
    i.LCD_FillRect                           0x08002070   Section        0  mcufriend_kbv.o(i.LCD_FillRect)
    i.LCD_FillScreen                         0x08002374   Section        0  mcufriend_kbv.o(i.LCD_FillScreen)
    i.LCD_InvertDisplay                      0x08002390   Section        0  mcufriend_kbv.o(i.LCD_InvertDisplay)
    i.LCD_Printf                             0x08002448   Section        0  mcufriend_kbv.o(i.LCD_Printf)
    i.LCD_PushCommand                        0x080024c0   Section        0  mcufriend_kbv.o(i.LCD_PushCommand)
    i.LCD_ReadGRAM                           0x080024cc   Section        0  mcufriend_kbv.o(i.LCD_ReadGRAM)
    i.LCD_ReadID                             0x08002c1c   Section        0  mcufriend_kbv.o(i.LCD_ReadID)
    i.LCD_ReadPixel                          0x08002d98   Section        0  mcufriend_kbv.o(i.LCD_ReadPixel)
    i.LCD_ReadReg                            0x08002dac   Section        0  mcufriend_kbv.o(i.LCD_ReadReg)
    i.LCD_ReadReg32                          0x08002f50   Section        0  mcufriend_kbv.o(i.LCD_ReadReg32)
    i.LCD_ReadReg40                          0x08002f6a   Section        0  mcufriend_kbv.o(i.LCD_ReadReg40)
    i.LCD_Reset                              0x08002f98   Section        0  mcufriend_kbv.o(i.LCD_Reset)
    i.LCD_SetAddrWindow                      0x0800305c   Section        0  mcufriend_kbv.o(i.LCD_SetAddrWindow)
    i.LCD_SetCursor                          0x080031a0   Section        0  mcufriend_kbv.o(i.LCD_SetCursor)
    i.LCD_SetRotation                        0x080031ac   Section        0  mcufriend_kbv.o(i.LCD_SetRotation)
    i.LCD_VertScroll                         0x080034d0   Section        0  mcufriend_kbv.o(i.LCD_VertScroll)
    i.LCD_WriteCmdData                       0x0800364c   Section        0  mcufriend_kbv.o(i.LCD_WriteCmdData)
    i.MX_GPIO_Init                           0x08003650   Section        0  gpio.o(i.MX_GPIO_Init)
    i.MX_TIM2_Init                           0x08003708   Section        0  tim.o(i.MX_TIM2_Init)
    i.MX_TIM3_Init                           0x080037a4   Section        0  tim.o(i.MX_TIM3_Init)
    i.MX_USART2_UART_Init                    0x0800384c   Section        0  usart.o(i.MX_USART2_UART_Init)
    i.MemManage_Handler                      0x08003884   Section        0  stm32f4xx_it.o(i.MemManage_Handler)
    i.MoveBall                               0x08003888   Section        0  main.o(i.MoveBall)
    i.MovePong                               0x080039a8   Section        0  main.o(i.MovePong)
    i.NMI_Handler                            0x08003a38   Section        0  stm32f4xx_it.o(i.NMI_Handler)
    i.PendSV_Handler                         0x08003a3a   Section        0  stm32f4xx_it.o(i.PendSV_Handler)
    i.SVC_Handler                            0x08003a3c   Section        0  stm32f4xx_it.o(i.SVC_Handler)
    i.SetLCD                                 0x08003a3e   Section        0  main.o(i.SetLCD)
    i.SysTick_Handler                        0x08003a5a   Section        0  stm32f4xx_it.o(i.SysTick_Handler)
    i.SystemClock_Config                     0x08003a68   Section        0  main.o(i.SystemClock_Config)
    i.SystemInit                             0x08003af0   Section        0  system_stm32f4xx.o(i.SystemInit)
    i.TIM3_IRQHandler                        0x08003b0c   Section        0  stm32f4xx_it.o(i.TIM3_IRQHandler)
    i.TIM_Base_SetConfig                     0x08003b44   Section        0  stm32f4xx_hal_tim.o(i.TIM_Base_SetConfig)
    i.TIM_CCxChannelCmd                      0x08003c0c   Section        0  stm32f4xx_hal_tim.o(i.TIM_CCxChannelCmd)
    i.TIM_ETR_SetConfig                      0x08003c26   Section        0  stm32f4xx_hal_tim.o(i.TIM_ETR_SetConfig)
    i.TIM_ITRx_SetConfig                     0x08003c3a   Section        0  stm32f4xx_hal_tim.o(i.TIM_ITRx_SetConfig)
    TIM_ITRx_SetConfig                       0x08003c3b   Thumb Code    16  stm32f4xx_hal_tim.o(i.TIM_ITRx_SetConfig)
    i.TIM_OC1_SetConfig                      0x08003c4c   Section        0  stm32f4xx_hal_tim.o(i.TIM_OC1_SetConfig)
    TIM_OC1_SetConfig                        0x08003c4d   Thumb Code    88  stm32f4xx_hal_tim.o(i.TIM_OC1_SetConfig)
    i.TIM_OC2_SetConfig                      0x08003cac   Section        0  stm32f4xx_hal_tim.o(i.TIM_OC2_SetConfig)
    i.TIM_OC3_SetConfig                      0x08003d18   Section        0  stm32f4xx_hal_tim.o(i.TIM_OC3_SetConfig)
    TIM_OC3_SetConfig                        0x08003d19   Thumb Code    96  stm32f4xx_hal_tim.o(i.TIM_OC3_SetConfig)
    i.TIM_OC4_SetConfig                      0x08003d80   Section        0  stm32f4xx_hal_tim.o(i.TIM_OC4_SetConfig)
    TIM_OC4_SetConfig                        0x08003d81   Thumb Code    70  stm32f4xx_hal_tim.o(i.TIM_OC4_SetConfig)
    i.TIM_SlaveTimer_SetConfig               0x08003dd0   Section        0  stm32f4xx_hal_tim.o(i.TIM_SlaveTimer_SetConfig)
    TIM_SlaveTimer_SetConfig                 0x08003dd1   Thumb Code   134  stm32f4xx_hal_tim.o(i.TIM_SlaveTimer_SetConfig)
    i.TIM_TI1_ConfigInputStage               0x08003e56   Section        0  stm32f4xx_hal_tim.o(i.TIM_TI1_ConfigInputStage)
    TIM_TI1_ConfigInputStage                 0x08003e57   Thumb Code    34  stm32f4xx_hal_tim.o(i.TIM_TI1_ConfigInputStage)
    i.TIM_TI1_SetConfig                      0x08003e78   Section        0  stm32f4xx_hal_tim.o(i.TIM_TI1_SetConfig)
    i.TIM_TI2_ConfigInputStage               0x08003ef8   Section        0  stm32f4xx_hal_tim.o(i.TIM_TI2_ConfigInputStage)
    TIM_TI2_ConfigInputStage                 0x08003ef9   Thumb Code    36  stm32f4xx_hal_tim.o(i.TIM_TI2_ConfigInputStage)
    i.TIM_TI2_SetConfig                      0x08003f1c   Section        0  stm32f4xx_hal_tim.o(i.TIM_TI2_SetConfig)
    TIM_TI2_SetConfig                        0x08003f1d   Thumb Code    54  stm32f4xx_hal_tim.o(i.TIM_TI2_SetConfig)
    i.UART_SetConfig                         0x08003f54   Section        0  stm32f4xx_hal_uart.o(i.UART_SetConfig)
    UART_SetConfig                           0x08003f55   Thumb Code   286  stm32f4xx_hal_uart.o(i.UART_SetConfig)
    i.UsageFault_Handler                     0x0800407c   Section        0  stm32f4xx_it.o(i.UsageFault_Handler)
    i.WriteCmdParam4                         0x0800407e   Section        0  mcufriend_kbv.o(i.WriteCmdParam4)
    WriteCmdParam4                           0x0800407f   Thumb Code    30  mcufriend_kbv.o(i.WriteCmdParam4)
    i.WriteCmdParamN                         0x0800409c   Section        0  mcufriend_kbv.o(i.WriteCmdParamN)
    WriteCmdParamN                           0x0800409d   Thumb Code   764  mcufriend_kbv.o(i.WriteCmdParamN)
    i.__0vsprintf                            0x080043a8   Section        0  printfa.o(i.__0vsprintf)
    i.__NVIC_SetPriority                     0x080043cc   Section        0  stm32f4xx_hal_cortex.o(i.__NVIC_SetPriority)
    __NVIC_SetPriority                       0x080043cd   Thumb Code    32  stm32f4xx_hal_cortex.o(i.__NVIC_SetPriority)
    i.__scatterload_copy                     0x080043ec   Section       14  handlers.o(i.__scatterload_copy)
    i.__scatterload_null                     0x080043fa   Section        2  handlers.o(i.__scatterload_null)
    i.__scatterload_zeroinit                 0x080043fc   Section       14  handlers.o(i.__scatterload_zeroinit)
    i._fp_digits                             0x0800440c   Section        0  printfa.o(i._fp_digits)
    _fp_digits                               0x0800440d   Thumb Code   366  printfa.o(i._fp_digits)
    i._printf_core                           0x08004590   Section        0  printfa.o(i._printf_core)
    _printf_core                             0x08004591   Thumb Code  1744  printfa.o(i._printf_core)
    i._printf_post_padding                   0x08004c6c   Section        0  printfa.o(i._printf_post_padding)
    _printf_post_padding                     0x08004c6d   Thumb Code    36  printfa.o(i._printf_post_padding)
    i._printf_pre_padding                    0x08004c90   Section        0  printfa.o(i._printf_pre_padding)
    _printf_pre_padding                      0x08004c91   Thumb Code    46  printfa.o(i._printf_pre_padding)
    i._sputc                                 0x08004cbe   Section        0  printfa.o(i._sputc)
    _sputc                                   0x08004cbf   Thumb Code    10  printfa.o(i._sputc)
    i.cMax                                   0x08004cc8   Section        0  main.o(i.cMax)
    i.cMin                                   0x08004cd0   Section        0  main.o(i.cMin)
    i.color565_to_555                        0x08004cd8   Section        0  mcufriend_kbv.o(i.color565_to_555)
    color565_to_555                          0x08004cd9   Thumb Code    20  mcufriend_kbv.o(i.color565_to_555)
    i.delay                                  0x08004cec   Section        0  mcufriend_kbv.o(i.delay)
    i.init_table                             0x08004d0c   Section        0  mcufriend_kbv.o(i.init_table)
    init_table                               0x08004d0d   Thumb Code    78  mcufriend_kbv.o(i.init_table)
    i.init_table16                           0x08004d5a   Section        0  mcufriend_kbv.o(i.init_table16)
    init_table16                             0x08004d5b   Thumb Code    46  mcufriend_kbv.o(i.init_table16)
    i.main                                   0x08004d88   Section        0  main.o(i.main)
    i.read16bits                             0x08004ec0   Section        0  mcufriend_kbv.o(i.read16bits)
    read16bits                               0x08004ec1   Thumb Code   238  mcufriend_kbv.o(i.read16bits)
    i.writecmddata                           0x08004fbc   Section        0  mcufriend_kbv.o(i.writecmddata)
    writecmddata                             0x08004fbd   Thumb Code   474  mcufriend_kbv.o(i.writecmddata)
    .constdata                               0x080051a4   Section     2345  mcufriend_kbv.o(.constdata)
    NT35310_regValues                        0x080051a4   Data           2  mcufriend_kbv.o(.constdata)
    HX8357C_regValues                        0x080051a6   Data           2  mcufriend_kbv.o(.constdata)
    R61511_regValues                         0x080051a8   Data           3  mcufriend_kbv.o(.constdata)
    RM68140_regValues_max                    0x080051ab   Data           3  mcufriend_kbv.o(.constdata)
    ILI9329_regValues                        0x080051ae   Data           3  mcufriend_kbv.o(.constdata)
    R61520_regValues                         0x080051b1   Data           6  mcufriend_kbv.o(.constdata)
    wake_on                                  0x080051b7   Data           6  mcufriend_kbv.o(.constdata)
    font                                     0x080051bd   Data         640  mcufriend_kbv.o(.constdata)
    S6D0154_regValues                        0x0800543e   Data         156  mcufriend_kbv.o(.constdata)
    R61526_regValues                         0x080054da   Data          12  mcufriend_kbv.o(.constdata)
    LGDP4535_regValues                       0x080054e6   Data         156  mcufriend_kbv.o(.constdata)
    ST7781_regValues                         0x08005582   Data         144  mcufriend_kbv.o(.constdata)
    ST7789_regValues                         0x08005612   Data          65  mcufriend_kbv.o(.constdata)
    FK8031_regValues                         0x08005653   Data          18  mcufriend_kbv.o(.constdata)
    HX8357_99_regValues                      0x08005665   Data          29  mcufriend_kbv.o(.constdata)
    ILI9327_regValues                        0x08005682   Data          30  mcufriend_kbv.o(.constdata)
    ILI9341_regValues_2_4                    0x080056a0   Data         101  mcufriend_kbv.o(.constdata)
    ILI9486_regValues                        0x08005705   Data          59  mcufriend_kbv.o(.constdata)
    R61505V_regValues                        0x08005740   Data         176  mcufriend_kbv.o(.constdata)
    R61509V_regValues                        0x080057f0   Data         192  mcufriend_kbv.o(.constdata)
    ILI9320_regValues                        0x080058b0   Data         216  mcufriend_kbv.o(.constdata)
    ILI9325_regValues                        0x08005988   Data         204  mcufriend_kbv.o(.constdata)
    ILI9481_regValues                        0x08005a54   Data          69  mcufriend_kbv.o(.constdata)
    ILI9488_regValues_max                    0x08005a99   Data          43  mcufriend_kbv.o(.constdata)
    reset_off                                0x08005ac4   Data           9  mcufriend_kbv.o(.constdata)
    .constdata                               0x08005acd   Section       16  system_stm32f4xx.o(.constdata)
    .constdata                               0x08005add   Section        8  system_stm32f4xx.o(.constdata)
    .data                                    0x20000000   Section       48  mcufriend_kbv.o(.data)
    done_reset                               0x20000004   Data           1  mcufriend_kbv.o(.data)
    is8347                                   0x20000005   Data           1  mcufriend_kbv.o(.data)
    is555                                    0x20000006   Data           1  mcufriend_kbv.o(.data)
    .data                                    0x20000030   Section        8  main.o(.data)
    local_time                               0x20000034   Data           4  main.o(.data)
    .data                                    0x20000038   Section        4  stm32f4xx_it.o(.data)
    .data                                    0x2000003c   Section       12  stm32f4xx_hal.o(.data)
    .data                                    0x20000048   Section        4  system_stm32f4xx.o(.data)
    .data                                    0x2000004c   Section        4  rand.o(.data)
    _rand_state                              0x2000004c   Data           4  rand.o(.data)
    .bss                                     0x20000050   Section      256  mcufriend_kbv.o(.bss)
    buf                                      0x20000050   Data         256  mcufriend_kbv.o(.bss)
    .bss                                     0x20000150   Section       60  main.o(.bss)
    .bss                                     0x2000018c   Section      128  tim.o(.bss)
    .bss                                     0x2000020c   Section       64  usart.o(.bss)
    STACK                                    0x20000250   Section     1024  startup_stm32f446xx.o(STACK)

    Global Symbols

    Symbol Name                              Value     Ov Type        Size  Object(Section)

    BuildAttributes$$THM_ISAv4$E$P$D$K$B$S$7EM$VFPi3$EXTD16$VFPS$VFMA$PE$A:L22UL41UL21$X:L11$S22US41US21$IEEE1$IW$USESV6$~STKCKD$USESV7$~SHL$OTIME$ROPI$EBA8$MICROLIB$REQ8$PRES8$EABIv2 0x00000000   Number         0  anon$$obj.o ABSOLUTE
    __ARM_use_no_argv                        0x00000000   Number         0  main.o ABSOLUTE
    __cpp_initialize__aeabi_                  - Undefined Weak Reference
    __cxa_finalize                            - Undefined Weak Reference
    __decompress                              - Undefined Weak Reference
    _clock_init                               - Undefined Weak Reference
    _microlib_exit                            - Undefined Weak Reference
    __Vectors_Size                           0x000001c4   Number         0  startup_stm32f446xx.o ABSOLUTE
    __Vectors                                0x08000000   Data           4  startup_stm32f446xx.o(RESET)
    __Vectors_End                            0x080001c4   Data           0  startup_stm32f446xx.o(RESET)
    __main                                   0x080001c5   Thumb Code     0  entry.o(.ARM.Collect$$$$00000000)
    _main_stk                                0x080001c5   Thumb Code     0  entry2.o(.ARM.Collect$$$$00000001)
    _main_scatterload                        0x080001c9   Thumb Code     0  entry5.o(.ARM.Collect$$$$00000004)
    __main_after_scatterload                 0x080001cd   Thumb Code     0  entry5.o(.ARM.Collect$$$$00000004)
    _main_clock                              0x080001cd   Thumb Code     0  entry7b.o(.ARM.Collect$$$$00000008)
    _main_cpp_init                           0x080001cd   Thumb Code     0  entry8b.o(.ARM.Collect$$$$0000000A)
    _main_init                               0x080001cd   Thumb Code     0  entry9a.o(.ARM.Collect$$$$0000000B)
    __rt_final_cpp                           0x080001d5   Thumb Code     0  entry10a.o(.ARM.Collect$$$$0000000D)
    __rt_final_exit                          0x080001d5   Thumb Code     0  entry11a.o(.ARM.Collect$$$$0000000F)
    Reset_Handler                            0x080001d9   Thumb Code     8  startup_stm32f446xx.o(.text)
    ADC_IRQHandler                           0x080001f3   Thumb Code     0  startup_stm32f446xx.o(.text)
    CAN1_RX0_IRQHandler                      0x080001f3   Thumb Code     0  startup_stm32f446xx.o(.text)
    CAN1_RX1_IRQHandler                      0x080001f3   Thumb Code     0  startup_stm32f446xx.o(.text)
    CAN1_SCE_IRQHandler                      0x080001f3   Thumb Code     0  startup_stm32f446xx.o(.text)
    CAN1_TX_IRQHandler                       0x080001f3   Thumb Code     0  startup_stm32f446xx.o(.text)
    CAN2_RX0_IRQHandler                      0x080001f3   Thumb Code     0  startup_stm32f446xx.o(.text)
    CAN2_RX1_IRQHandler                      0x080001f3   Thumb Code     0  startup_stm32f446xx.o(.text)
    CAN2_SCE_IRQHandler                      0x080001f3   Thumb Code     0  startup_stm32f446xx.o(.text)
    CAN2_TX_IRQHandler                       0x080001f3   Thumb Code     0  startup_stm32f446xx.o(.text)
    CEC_IRQHandler                           0x080001f3   Thumb Code     0  startup_stm32f446xx.o(.text)
    DCMI_IRQHandler                          0x080001f3   Thumb Code     0  startup_stm32f446xx.o(.text)
    DMA1_Stream0_IRQHandler                  0x080001f3   Thumb Code     0  startup_stm32f446xx.o(.text)
    DMA1_Stream1_IRQHandler                  0x080001f3   Thumb Code     0  startup_stm32f446xx.o(.text)
    DMA1_Stream2_IRQHandler                  0x080001f3   Thumb Code     0  startup_stm32f446xx.o(.text)
    DMA1_Stream3_IRQHandler                  0x080001f3   Thumb Code     0  startup_stm32f446xx.o(.text)
    DMA1_Stream4_IRQHandler                  0x080001f3   Thumb Code     0  startup_stm32f446xx.o(.text)
    DMA1_Stream5_IRQHandler                  0x080001f3   Thumb Code     0  startup_stm32f446xx.o(.text)
    DMA1_Stream6_IRQHandler                  0x080001f3   Thumb Code     0  startup_stm32f446xx.o(.text)
    DMA1_Stream7_IRQHandler                  0x080001f3   Thumb Code     0  startup_stm32f446xx.o(.text)
    DMA2_Stream0_IRQHandler                  0x080001f3   Thumb Code     0  startup_stm32f446xx.o(.text)
    DMA2_Stream1_IRQHandler                  0x080001f3   Thumb Code     0  startup_stm32f446xx.o(.text)
    DMA2_Stream2_IRQHandler                  0x080001f3   Thumb Code     0  startup_stm32f446xx.o(.text)
    DMA2_Stream3_IRQHandler                  0x080001f3   Thumb Code     0  startup_stm32f446xx.o(.text)
    DMA2_Stream4_IRQHandler                  0x080001f3   Thumb Code     0  startup_stm32f446xx.o(.text)
    DMA2_Stream5_IRQHandler                  0x080001f3   Thumb Code     0  startup_stm32f446xx.o(.text)
    DMA2_Stream6_IRQHandler                  0x080001f3   Thumb Code     0  startup_stm32f446xx.o(.text)
    DMA2_Stream7_IRQHandler                  0x080001f3   Thumb Code     0  startup_stm32f446xx.o(.text)
    EXTI0_IRQHandler                         0x080001f3   Thumb Code     0  startup_stm32f446xx.o(.text)
    EXTI15_10_IRQHandler                     0x080001f3   Thumb Code     0  startup_stm32f446xx.o(.text)
    EXTI1_IRQHandler                         0x080001f3   Thumb Code     0  startup_stm32f446xx.o(.text)
    EXTI2_IRQHandler                         0x080001f3   Thumb Code     0  startup_stm32f446xx.o(.text)
    EXTI3_IRQHandler                         0x080001f3   Thumb Code     0  startup_stm32f446xx.o(.text)
    EXTI4_IRQHandler                         0x080001f3   Thumb Code     0  startup_stm32f446xx.o(.text)
    EXTI9_5_IRQHandler                       0x080001f3   Thumb Code     0  startup_stm32f446xx.o(.text)
    FLASH_IRQHandler                         0x080001f3   Thumb Code     0  startup_stm32f446xx.o(.text)
    FMC_IRQHandler                           0x080001f3   Thumb Code     0  startup_stm32f446xx.o(.text)
    FMPI2C1_ER_IRQHandler                    0x080001f3   Thumb Code     0  startup_stm32f446xx.o(.text)
    FMPI2C1_EV_IRQHandler                    0x080001f3   Thumb Code     0  startup_stm32f446xx.o(.text)
    FPU_IRQHandler                           0x080001f3   Thumb Code     0  startup_stm32f446xx.o(.text)
    I2C1_ER_IRQHandler                       0x080001f3   Thumb Code     0  startup_stm32f446xx.o(.text)
    I2C1_EV_IRQHandler                       0x080001f3   Thumb Code     0  startup_stm32f446xx.o(.text)
    I2C2_ER_IRQHandler                       0x080001f3   Thumb Code     0  startup_stm32f446xx.o(.text)
    I2C2_EV_IRQHandler                       0x080001f3   Thumb Code     0  startup_stm32f446xx.o(.text)
    I2C3_ER_IRQHandler                       0x080001f3   Thumb Code     0  startup_stm32f446xx.o(.text)
    I2C3_EV_IRQHandler                       0x080001f3   Thumb Code     0  startup_stm32f446xx.o(.text)
    OTG_FS_IRQHandler                        0x080001f3   Thumb Code     0  startup_stm32f446xx.o(.text)
    OTG_FS_WKUP_IRQHandler                   0x080001f3   Thumb Code     0  startup_stm32f446xx.o(.text)
    OTG_HS_EP1_IN_IRQHandler                 0x080001f3   Thumb Code     0  startup_stm32f446xx.o(.text)
    OTG_HS_EP1_OUT_IRQHandler                0x080001f3   Thumb Code     0  startup_stm32f446xx.o(.text)
    OTG_HS_IRQHandler                        0x080001f3   Thumb Code     0  startup_stm32f446xx.o(.text)
    OTG_HS_WKUP_IRQHandler                   0x080001f3   Thumb Code     0  startup_stm32f446xx.o(.text)
    PVD_IRQHandler                           0x080001f3   Thumb Code     0  startup_stm32f446xx.o(.text)
    QUADSPI_IRQHandler                       0x080001f3   Thumb Code     0  startup_stm32f446xx.o(.text)
    RCC_IRQHandler                           0x080001f3   Thumb Code     0  startup_stm32f446xx.o(.text)
    RTC_Alarm_IRQHandler                     0x080001f3   Thumb Code     0  startup_stm32f446xx.o(.text)
    RTC_WKUP_IRQHandler                      0x080001f3   Thumb Code     0  startup_stm32f446xx.o(.text)
    SAI1_IRQHandler                          0x080001f3   Thumb Code     0  startup_stm32f446xx.o(.text)
    SAI2_IRQHandler                          0x080001f3   Thumb Code     0  startup_stm32f446xx.o(.text)
    SDIO_IRQHandler                          0x080001f3   Thumb Code     0  startup_stm32f446xx.o(.text)
    SPDIF_RX_IRQHandler                      0x080001f3   Thumb Code     0  startup_stm32f446xx.o(.text)
    SPI1_IRQHandler                          0x080001f3   Thumb Code     0  startup_stm32f446xx.o(.text)
    SPI2_IRQHandler                          0x080001f3   Thumb Code     0  startup_stm32f446xx.o(.text)
    SPI3_IRQHandler                          0x080001f3   Thumb Code     0  startup_stm32f446xx.o(.text)
    SPI4_IRQHandler                          0x080001f3   Thumb Code     0  startup_stm32f446xx.o(.text)
    TAMP_STAMP_IRQHandler                    0x080001f3   Thumb Code     0  startup_stm32f446xx.o(.text)
    TIM1_BRK_TIM9_IRQHandler                 0x080001f3   Thumb Code     0  startup_stm32f446xx.o(.text)
    TIM1_CC_IRQHandler                       0x080001f3   Thumb Code     0  startup_stm32f446xx.o(.text)
    TIM1_TRG_COM_TIM11_IRQHandler            0x080001f3   Thumb Code     0  startup_stm32f446xx.o(.text)
    TIM1_UP_TIM10_IRQHandler                 0x080001f3   Thumb Code     0  startup_stm32f446xx.o(.text)
    TIM2_IRQHandler                          0x080001f3   Thumb Code     0  startup_stm32f446xx.o(.text)
    TIM4_IRQHandler                          0x080001f3   Thumb Code     0  startup_stm32f446xx.o(.text)
    TIM5_IRQHandler                          0x080001f3   Thumb Code     0  startup_stm32f446xx.o(.text)
    TIM6_DAC_IRQHandler                      0x080001f3   Thumb Code     0  startup_stm32f446xx.o(.text)
    TIM7_IRQHandler                          0x080001f3   Thumb Code     0  startup_stm32f446xx.o(.text)
    TIM8_BRK_TIM12_IRQHandler                0x080001f3   Thumb Code     0  startup_stm32f446xx.o(.text)
    TIM8_CC_IRQHandler                       0x080001f3   Thumb Code     0  startup_stm32f446xx.o(.text)
    TIM8_TRG_COM_TIM14_IRQHandler            0x080001f3   Thumb Code     0  startup_stm32f446xx.o(.text)
    TIM8_UP_TIM13_IRQHandler                 0x080001f3   Thumb Code     0  startup_stm32f446xx.o(.text)
    UART4_IRQHandler                         0x080001f3   Thumb Code     0  startup_stm32f446xx.o(.text)
    UART5_IRQHandler                         0x080001f3   Thumb Code     0  startup_stm32f446xx.o(.text)
    USART1_IRQHandler                        0x080001f3   Thumb Code     0  startup_stm32f446xx.o(.text)
    USART2_IRQHandler                        0x080001f3   Thumb Code     0  startup_stm32f446xx.o(.text)
    USART3_IRQHandler                        0x080001f3   Thumb Code     0  startup_stm32f446xx.o(.text)
    USART6_IRQHandler                        0x080001f3   Thumb Code     0  startup_stm32f446xx.o(.text)
    WWDG_IRQHandler                          0x080001f3   Thumb Code     0  startup_stm32f446xx.o(.text)
    __aeabi_uldivmod                         0x080001fd   Thumb Code    98  uldiv.o(.text)
    rand                                     0x08000261   Thumb Code    20  rand.o(.text)
    srand                                    0x08000275   Thumb Code     6  rand.o(.text)
    __aeabi_memcpy                           0x08000285   Thumb Code    36  memcpya.o(.text)
    __aeabi_memcpy4                          0x08000285   Thumb Code     0  memcpya.o(.text)
    __aeabi_memcpy8                          0x08000285   Thumb Code     0  memcpya.o(.text)
    __aeabi_memset                           0x080002a9   Thumb Code    14  memseta.o(.text)
    __aeabi_memset4                          0x080002a9   Thumb Code     0  memseta.o(.text)
    __aeabi_memset8                          0x080002a9   Thumb Code     0  memseta.o(.text)
    __aeabi_memclr                           0x080002b7   Thumb Code     4  memseta.o(.text)
    __aeabi_memclr4                          0x080002b7   Thumb Code     0  memseta.o(.text)
    __aeabi_memclr8                          0x080002b7   Thumb Code     0  memseta.o(.text)
    _memset$wrapper                          0x080002bb   Thumb Code    18  memseta.o(.text)
    __aeabi_dadd                             0x080002cd   Thumb Code   322  dadd.o(.text)
    __aeabi_dsub                             0x0800040f   Thumb Code     6  dadd.o(.text)
    __aeabi_drsub                            0x08000415   Thumb Code     6  dadd.o(.text)
    __aeabi_dmul                             0x0800041b   Thumb Code   228  dmul.o(.text)
    __aeabi_ddiv                             0x080004ff   Thumb Code   222  ddiv.o(.text)
    __aeabi_f2d                              0x080005dd   Thumb Code    38  f2d.o(.text)
    __aeabi_d2f                              0x08000603   Thumb Code    56  d2f.o(.text)
    __aeabi_uidiv                            0x0800063b   Thumb Code     0  uidiv.o(.text)
    __aeabi_uidivmod                         0x0800063b   Thumb Code    44  uidiv.o(.text)
    __aeabi_llsl                             0x08000667   Thumb Code    30  llshl.o(.text)
    _ll_shift_l                              0x08000667   Thumb Code     0  llshl.o(.text)
    __aeabi_llsr                             0x08000685   Thumb Code    32  llushr.o(.text)
    _ll_ushift_r                             0x08000685   Thumb Code     0  llushr.o(.text)
    __aeabi_lasr                             0x080006a5   Thumb Code    36  llsshr.o(.text)
    _ll_sshift_r                             0x080006a5   Thumb Code     0  llsshr.o(.text)
    __I$use$fp                               0x080006c9   Thumb Code     0  iusefp.o(.text)
    _float_round                             0x080006c9   Thumb Code    18  fepilogue.o(.text)
    _float_epilogue                          0x080006db   Thumb Code    92  fepilogue.o(.text)
    _double_round                            0x08000737   Thumb Code    30  depilogue.o(.text)
    _double_epilogue                         0x08000755   Thumb Code   156  depilogue.o(.text)
    __aeabi_d2ulz                            0x080007f1   Thumb Code    48  dfixul.o(.text)
    __aeabi_cdrcmple                         0x08000821   Thumb Code    48  cdrcmple.o(.text)
    __scatterload                            0x08000851   Thumb Code    28  init.o(.text)
    __scatterload_rt2                        0x08000851   Thumb Code     0  init.o(.text)
    BallRectangle                            0x08000875   Thumb Code    70  main.o(i.BallRectangle)
    BorderGame                               0x080008bb   Thumb Code    70  main.o(i.BorderGame)
    BusFault_Handler                         0x08000901   Thumb Code     2  stm32f4xx_it.o(i.BusFault_Handler)
    CollisionBall                            0x08000905   Thumb Code   440  main.o(i.CollisionBall)
    CollisionPong                            0x08000ac1   Thumb Code    52  main.o(i.CollisionPong)
    DebugMon_Handler                         0x08000b01   Thumb Code     2  stm32f4xx_it.o(i.DebugMon_Handler)
    Error_Handler                            0x08000b03   Thumb Code     2  main.o(i.Error_Handler)
    HAL_Delay                                0x08000b05   Thumb Code    32  stm32f4xx_hal.o(i.HAL_Delay)
    HAL_GPIO_Init                            0x08000b29   Thumb Code   384  stm32f4xx_hal_gpio.o(i.HAL_GPIO_Init)
    HAL_GPIO_WritePin                        0x08000cd1   Thumb Code    10  stm32f4xx_hal_gpio.o(i.HAL_GPIO_WritePin)
    HAL_GetTick                              0x08000cdd   Thumb Code     6  stm32f4xx_hal.o(i.HAL_GetTick)
    HAL_IncTick                              0x08000ce9   Thumb Code    12  stm32f4xx_hal.o(i.HAL_IncTick)
    HAL_Init                                 0x08000cf9   Thumb Code    48  stm32f4xx_hal.o(i.HAL_Init)
    HAL_InitTick                             0x08000d2d   Thumb Code    54  stm32f4xx_hal.o(i.HAL_InitTick)
    HAL_MspInit                              0x08000d6d   Thumb Code    48  stm32f4xx_hal_msp.o(i.HAL_MspInit)
    HAL_NVIC_EnableIRQ                       0x08000da1   Thumb Code    26  stm32f4xx_hal_cortex.o(i.HAL_NVIC_EnableIRQ)
    HAL_NVIC_SetPriority                     0x08000dbd   Thumb Code    60  stm32f4xx_hal_cortex.o(i.HAL_NVIC_SetPriority)
    HAL_NVIC_SetPriorityGrouping             0x08000dfd   Thumb Code    26  stm32f4xx_hal_cortex.o(i.HAL_NVIC_SetPriorityGrouping)
    HAL_RCC_ClockConfig                      0x08000e21   Thumb Code   288  stm32f4xx_hal_rcc.o(i.HAL_RCC_ClockConfig)
    HAL_RCC_GetPCLK1Freq                     0x08000f55   Thumb Code    20  stm32f4xx_hal_rcc.o(i.HAL_RCC_GetPCLK1Freq)
    HAL_RCC_GetPCLK2Freq                     0x08000f75   Thumb Code    20  stm32f4xx_hal_rcc.o(i.HAL_RCC_GetPCLK2Freq)
    HAL_RCC_GetSysClockFreq                  0x08000f95   Thumb Code   140  stm32f4xx_hal_rcc_ex.o(i.HAL_RCC_GetSysClockFreq)
    HAL_RCC_OscConfig                        0x08001029   Thumb Code   814  stm32f4xx_hal_rcc_ex.o(i.HAL_RCC_OscConfig)
    HAL_SYSTICK_Callback                     0x0800136d   Thumb Code    22  main.o(i.HAL_SYSTICK_Callback)
    HAL_SYSTICK_Config                       0x08001389   Thumb Code    40  stm32f4xx_hal_cortex.o(i.HAL_SYSTICK_Config)
    HAL_SYSTICK_IRQHandler                   0x080013b1   Thumb Code     8  stm32f4xx_hal_cortex.o(i.HAL_SYSTICK_IRQHandler)
    HAL_TIMEx_MasterConfigSynchronization    0x080013b9   Thumb Code   116  stm32f4xx_hal_tim_ex.o(i.HAL_TIMEx_MasterConfigSynchronization)
    HAL_TIM_Base_Init                        0x08001449   Thumb Code    54  stm32f4xx_hal_tim.o(i.HAL_TIM_Base_Init)
    HAL_TIM_Base_MspInit                     0x08001481   Thumb Code    30  tim.o(i.HAL_TIM_Base_MspInit)
    HAL_TIM_ConfigClockSource                0x080014a5   Thumb Code   214  stm32f4xx_hal_tim.o(i.HAL_TIM_ConfigClockSource)
    HAL_TIM_IC_ConfigChannel                 0x0800157d   Thumb Code   286  stm32f4xx_hal_tim.o(i.HAL_TIM_IC_ConfigChannel)
    HAL_TIM_IC_Init                          0x0800169b   Thumb Code    54  stm32f4xx_hal_tim.o(i.HAL_TIM_IC_Init)
    HAL_TIM_IC_MspInit                       0x080016d1   Thumb Code   104  tim.o(i.HAL_TIM_IC_MspInit)
    HAL_TIM_IC_Start_IT                      0x08001745   Thumb Code    86  stm32f4xx_hal_tim.o(i.HAL_TIM_IC_Start_IT)
    HAL_TIM_MspPostInit                      0x0800179d   Thumb Code    72  tim.o(i.HAL_TIM_MspPostInit)
    HAL_TIM_PWM_ConfigChannel                0x080017ed   Thumb Code   208  stm32f4xx_hal_tim.o(i.HAL_TIM_PWM_ConfigChannel)
    HAL_TIM_PWM_Init                         0x080018bd   Thumb Code    54  stm32f4xx_hal_tim.o(i.HAL_TIM_PWM_Init)
    HAL_TIM_PWM_MspInit                      0x080018f3   Thumb Code     2  stm32f4xx_hal_tim.o(i.HAL_TIM_PWM_MspInit)
    HAL_TIM_PWM_Start                        0x080018f5   Thumb Code    58  stm32f4xx_hal_tim.o(i.HAL_TIM_PWM_Start)
    HAL_TIM_SlaveConfigSynchro               0x08001939   Thumb Code    86  stm32f4xx_hal_tim.o(i.HAL_TIM_SlaveConfigSynchro)
    HAL_UART_Init                            0x0800198f   Thumb Code    98  stm32f4xx_hal_uart.o(i.HAL_UART_Init)
    HAL_UART_MspInit                         0x080019f1   Thumb Code    92  usart.o(i.HAL_UART_MspInit)
    HardFault_Handler                        0x08001a59   Thumb Code     2  stm32f4xx_it.o(i.HardFault_Handler)
    InitGame                                 0x08001a5d   Thumb Code    84  main.o(i.InitGame)
    LCD_Begin                                0x08001ac9   Thumb Code   882  mcufriend_kbv.o(i.LCD_Begin)
    LCD_Color565                             0x08001e59   Thumb Code    20  mcufriend_kbv.o(i.LCD_Color565)
    LCD_DrawChar                             0x08001e6d   Thumb Code   168  mcufriend_kbv.o(i.LCD_DrawChar)
    LCD_DrawFastVLine                        0x08001f19   Thumb Code    14  mcufriend_kbv.o(i.LCD_DrawFastVLine)
    LCD_DrawPixel                            0x08001f29   Thumb Code    74  mcufriend_kbv.o(i.LCD_DrawPixel)
    LCD_FillCircle                           0x08001f79   Thumb Code    52  mcufriend_kbv.o(i.LCD_FillCircle)
    LCD_FillCircleHelper                     0x08001fad   Thumb Code   194  mcufriend_kbv.o(i.LCD_FillCircleHelper)
    LCD_FillRect                             0x08002071   Thumb Code   756  mcufriend_kbv.o(i.LCD_FillRect)
    LCD_FillScreen                           0x08002375   Thumb Code    24  mcufriend_kbv.o(i.LCD_FillScreen)
    LCD_InvertDisplay                        0x08002391   Thumb Code   180  mcufriend_kbv.o(i.LCD_InvertDisplay)
    LCD_Printf                               0x08002449   Thumb Code   112  mcufriend_kbv.o(i.LCD_Printf)
    LCD_PushCommand                          0x080024c1   Thumb Code    10  mcufriend_kbv.o(i.LCD_PushCommand)
    LCD_ReadGRAM                             0x080024cd   Thumb Code  1848  mcufriend_kbv.o(i.LCD_ReadGRAM)
    LCD_ReadID                               0x08002c1d   Thumb Code   376  mcufriend_kbv.o(i.LCD_ReadID)
    LCD_ReadPixel                            0x08002d99   Thumb Code    20  mcufriend_kbv.o(i.LCD_ReadPixel)
    LCD_ReadReg                              0x08002dad   Thumb Code   396  mcufriend_kbv.o(i.LCD_ReadReg)
    LCD_ReadReg32                            0x08002f51   Thumb Code    26  mcufriend_kbv.o(i.LCD_ReadReg32)
    LCD_ReadReg40                            0x08002f6b   Thumb Code    44  mcufriend_kbv.o(i.LCD_ReadReg40)
    LCD_Reset                                0x08002f99   Thumb Code   170  mcufriend_kbv.o(i.LCD_Reset)
    LCD_SetAddrWindow                        0x0800305d   Thumb Code   318  mcufriend_kbv.o(i.LCD_SetAddrWindow)
    LCD_SetCursor                            0x080031a1   Thumb Code     8  mcufriend_kbv.o(i.LCD_SetCursor)
    LCD_SetRotation                          0x080031ad   Thumb Code   798  mcufriend_kbv.o(i.LCD_SetRotation)
    LCD_VertScroll                           0x080034d1   Thumb Code   374  mcufriend_kbv.o(i.LCD_VertScroll)
    LCD_WriteCmdData                         0x0800364d   Thumb Code     4  mcufriend_kbv.o(i.LCD_WriteCmdData)
    MX_GPIO_Init                             0x08003651   Thumb Code   166  gpio.o(i.MX_GPIO_Init)
    MX_TIM2_Init                             0x08003709   Thumb Code   146  tim.o(i.MX_TIM2_Init)
    MX_TIM3_Init                             0x080037a5   Thumb Code   158  tim.o(i.MX_TIM3_Init)
    MX_USART2_UART_Init                      0x0800384d   Thumb Code    48  usart.o(i.MX_USART2_UART_Init)
    MemManage_Handler                        0x08003885   Thumb Code     2  stm32f4xx_it.o(i.MemManage_Handler)
    MoveBall                                 0x08003889   Thumb Code   268  main.o(i.MoveBall)
    MovePong                                 0x080039a9   Thumb Code   144  main.o(i.MovePong)
    NMI_Handler                              0x08003a39   Thumb Code     2  stm32f4xx_it.o(i.NMI_Handler)
    PendSV_Handler                           0x08003a3b   Thumb Code     2  stm32f4xx_it.o(i.PendSV_Handler)
    SVC_Handler                              0x08003a3d   Thumb Code     2  stm32f4xx_it.o(i.SVC_Handler)
    SetLCD                                   0x08003a3f   Thumb Code    28  main.o(i.SetLCD)
    SysTick_Handler                          0x08003a5b   Thumb Code    14  stm32f4xx_it.o(i.SysTick_Handler)
    SystemClock_Config                       0x08003a69   Thumb Code   126  main.o(i.SystemClock_Config)
    SystemInit                               0x08003af1   Thumb Code    22  system_stm32f4xx.o(i.SystemInit)
    TIM3_IRQHandler                          0x08003b0d   Thumb Code    48  stm32f4xx_it.o(i.TIM3_IRQHandler)
    TIM_Base_SetConfig                       0x08003b45   Thumb Code   156  stm32f4xx_hal_tim.o(i.TIM_Base_SetConfig)
    TIM_CCxChannelCmd                        0x08003c0d   Thumb Code    26  stm32f4xx_hal_tim.o(i.TIM_CCxChannelCmd)
    TIM_ETR_SetConfig                        0x08003c27   Thumb Code    20  stm32f4xx_hal_tim.o(i.TIM_ETR_SetConfig)
    TIM_OC2_SetConfig                        0x08003cad   Thumb Code    98  stm32f4xx_hal_tim.o(i.TIM_OC2_SetConfig)
    TIM_TI1_SetConfig                        0x08003e79   Thumb Code   100  stm32f4xx_hal_tim.o(i.TIM_TI1_SetConfig)
    UsageFault_Handler                       0x0800407d   Thumb Code     2  stm32f4xx_it.o(i.UsageFault_Handler)
    __0vsprintf                              0x080043a9   Thumb Code    30  printfa.o(i.__0vsprintf)
    __1vsprintf                              0x080043a9   Thumb Code     0  printfa.o(i.__0vsprintf)
    __2vsprintf                              0x080043a9   Thumb Code     0  printfa.o(i.__0vsprintf)
    __c89vsprintf                            0x080043a9   Thumb Code     0  printfa.o(i.__0vsprintf)
    vsprintf                                 0x080043a9   Thumb Code     0  printfa.o(i.__0vsprintf)
    __scatterload_copy                       0x080043ed   Thumb Code    14  handlers.o(i.__scatterload_copy)
    __scatterload_null                       0x080043fb   Thumb Code     2  handlers.o(i.__scatterload_null)
    __scatterload_zeroinit                   0x080043fd   Thumb Code    14  handlers.o(i.__scatterload_zeroinit)
    cMax                                     0x08004cc9   Thumb Code     8  main.o(i.cMax)
    cMin                                     0x08004cd1   Thumb Code     8  main.o(i.cMin)
    delay                                    0x08004ced   Thumb Code    32  mcufriend_kbv.o(i.delay)
    main                                     0x08004d89   Thumb Code   278  main.o(i.main)
    AHBPrescTable                            0x08005acd   Data          16  system_stm32f4xx.o(.constdata)
    APBPrescTable                            0x08005add   Data           8  system_stm32f4xx.o(.constdata)
    Region$$Table$$Base                      0x08005ae8   Number         0  anon$$obj.o(Region$$Table)
    Region$$Table$$Limit                     0x08005b08   Number         0  anon$$obj.o(Region$$Table)
    textsize_x                               0x20000000   Data           1  mcufriend_kbv.o(.data)
    textsize_y                               0x20000001   Data           1  mcufriend_kbv.o(.data)
    rotation                                 0x20000002   Data           1  mcufriend_kbv.o(.data)
    wrap                                     0x20000003   Data           1  mcufriend_kbv.o(.data)
    WIDTH                                    0x20000008   Data           2  mcufriend_kbv.o(.data)
    HEIGHT                                   0x2000000a   Data           2  mcufriend_kbv.o(.data)
    _width                                   0x2000000c   Data           2  mcufriend_kbv.o(.data)
    _height                                  0x2000000e   Data           2  mcufriend_kbv.o(.data)
    cursor_x                                 0x20000010   Data           2  mcufriend_kbv.o(.data)
    cursor_y                                 0x20000012   Data           2  mcufriend_kbv.o(.data)
    textcolor                                0x20000014   Data           2  mcufriend_kbv.o(.data)
    textbgcolor                              0x20000016   Data           2  mcufriend_kbv.o(.data)
    _lcd_xor                                 0x20000018   Data           2  mcufriend_kbv.o(.data)
    _lcd_capable                             0x2000001a   Data           2  mcufriend_kbv.o(.data)
    _lcd_ID                                  0x2000001c   Data           2  mcufriend_kbv.o(.data)
    _lcd_rev                                 0x2000001e   Data           2  mcufriend_kbv.o(.data)
    _lcd_madctl                              0x20000020   Data           2  mcufriend_kbv.o(.data)
    _MC                                      0x20000022   Data           2  mcufriend_kbv.o(.data)
    _MP                                      0x20000024   Data           2  mcufriend_kbv.o(.data)
    _MW                                      0x20000026   Data           2  mcufriend_kbv.o(.data)
    _SC                                      0x20000028   Data           2  mcufriend_kbv.o(.data)
    _EC                                      0x2000002a   Data           2  mcufriend_kbv.o(.data)
    _SP                                      0x2000002c   Data           2  mcufriend_kbv.o(.data)
    _EP                                      0x2000002e   Data           2  mcufriend_kbv.o(.data)
    done                                     0x20000030   Data           1  main.o(.data)
    pulse_width                              0x20000038   Data           4  stm32f4xx_it.o(.data)
    uwTickFreq                               0x2000003c   Data           1  stm32f4xx_hal.o(.data)
    uwTickPrio                               0x20000040   Data           4  stm32f4xx_hal.o(.data)
    uwTick                                   0x20000044   Data           4  stm32f4xx_hal.o(.data)
    SystemCoreClock                          0x20000048   Data           4  system_stm32f4xx.o(.data)
    mBall                                    0x20000150   Data          20  main.o(.bss)
    mPade1                                   0x20000164   Data          20  main.o(.bss)
    mPade2                                   0x20000178   Data          20  main.o(.bss)
    htim2                                    0x2000018c   Data          64  tim.o(.bss)
    htim3                                    0x200001cc   Data          64  tim.o(.bss)
    huart2                                   0x2000020c   Data          64  usart.o(.bss)
    __initial_sp                             0x20000650   Data           0  startup_stm32f446xx.o(STACK)



==============================================================================

Memory Map of the image

  Image Entry point : 0x080001c5

  Load Region LR_IROM1 (Base: 0x08000000, Size: 0x00005b58, Max: 0x00080000, ABSOLUTE)

    Execution Region ER_IROM1 (Exec base: 0x08000000, Load base: 0x08000000, Size: 0x00005b08, Max: 0x00080000, ABSOLUTE)

    Exec Addr    Load Addr    Size         Type   Attr      Idx    E Section Name        Object

    0x08000000   0x08000000   0x000001c4   Data   RO            3    RESET               startup_stm32f446xx.o
    0x080001c4   0x080001c4   0x00000000   Code   RO         3309  * .ARM.Collect$$$$00000000  mc_w.l(entry.o)
    0x080001c4   0x080001c4   0x00000004   Code   RO         3361    .ARM.Collect$$$$00000001  mc_w.l(entry2.o)
    0x080001c8   0x080001c8   0x00000004   Code   RO         3364    .ARM.Collect$$$$00000004  mc_w.l(entry5.o)
    0x080001cc   0x080001cc   0x00000000   Code   RO         3366    .ARM.Collect$$$$00000008  mc_w.l(entry7b.o)
    0x080001cc   0x080001cc   0x00000000   Code   RO         3368    .ARM.Collect$$$$0000000A  mc_w.l(entry8b.o)
    0x080001cc   0x080001cc   0x00000008   Code   RO         3369    .ARM.Collect$$$$0000000B  mc_w.l(entry9a.o)
    0x080001d4   0x080001d4   0x00000000   Code   RO         3371    .ARM.Collect$$$$0000000D  mc_w.l(entry10a.o)
    0x080001d4   0x080001d4   0x00000000   Code   RO         3373    .ARM.Collect$$$$0000000F  mc_w.l(entry11a.o)
    0x080001d4   0x080001d4   0x00000004   Code   RO         3362    .ARM.Collect$$$$00002712  mc_w.l(entry2.o)
    0x080001d8   0x080001d8   0x00000024   Code   RO            4    .text               startup_stm32f446xx.o
    0x080001fc   0x080001fc   0x00000062   Code   RO         3312    .text               mc_w.l(uldiv.o)
    0x0800025e   0x0800025e   0x00000002   PAD
    0x08000260   0x08000260   0x00000024   Code   RO         3314    .text               mc_w.l(rand.o)
    0x08000284   0x08000284   0x00000024   Code   RO         3317    .text               mc_w.l(memcpya.o)
    0x080002a8   0x080002a8   0x00000024   Code   RO         3319    .text               mc_w.l(memseta.o)
    0x080002cc   0x080002cc   0x0000014e   Code   RO         3351    .text               mf_w.l(dadd.o)
    0x0800041a   0x0800041a   0x000000e4   Code   RO         3353    .text               mf_w.l(dmul.o)
    0x080004fe   0x080004fe   0x000000de   Code   RO         3355    .text               mf_w.l(ddiv.o)
    0x080005dc   0x080005dc   0x00000026   Code   RO         3357    .text               mf_w.l(f2d.o)
    0x08000602   0x08000602   0x00000038   Code   RO         3359    .text               mf_w.l(d2f.o)
    0x0800063a   0x0800063a   0x0000002c   Code   RO         3376    .text               mc_w.l(uidiv.o)
    0x08000666   0x08000666   0x0000001e   Code   RO         3378    .text               mc_w.l(llshl.o)
    0x08000684   0x08000684   0x00000020   Code   RO         3380    .text               mc_w.l(llushr.o)
    0x080006a4   0x080006a4   0x00000024   Code   RO         3382    .text               mc_w.l(llsshr.o)
    0x080006c8   0x080006c8   0x00000000   Code   RO         3384    .text               mc_w.l(iusefp.o)
    0x080006c8   0x080006c8   0x0000006e   Code   RO         3385    .text               mf_w.l(fepilogue.o)
    0x08000736   0x08000736   0x000000ba   Code   RO         3387    .text               mf_w.l(depilogue.o)
    0x080007f0   0x080007f0   0x00000030   Code   RO         3389    .text               mf_w.l(dfixul.o)
    0x08000820   0x08000820   0x00000030   Code   RO         3391    .text               mf_w.l(cdrcmple.o)
    0x08000850   0x08000850   0x00000024   Code   RO         3393    .text               mc_w.l(init.o)
    0x08000874   0x08000874   0x00000046   Code   RO          402    i.BallRectangle     main.o
    0x080008ba   0x080008ba   0x00000046   Code   RO          403    i.BorderGame        main.o
    0x08000900   0x08000900   0x00000002   Code   RO          677    i.BusFault_Handler  stm32f4xx_it.o
    0x08000902   0x08000902   0x00000002   PAD
    0x08000904   0x08000904   0x000001bc   Code   RO          404    i.CollisionBall     main.o
    0x08000ac0   0x08000ac0   0x00000040   Code   RO          405    i.CollisionPong     main.o
    0x08000b00   0x08000b00   0x00000002   Code   RO          678    i.DebugMon_Handler  stm32f4xx_it.o
    0x08000b02   0x08000b02   0x00000002   Code   RO          406    i.Error_Handler     main.o
    0x08000b04   0x08000b04   0x00000024   Code   RO         2697    i.HAL_Delay         stm32f4xx_hal.o
    0x08000b28   0x08000b28   0x000001a8   Code   RO         2153    i.HAL_GPIO_Init     stm32f4xx_hal_gpio.o
    0x08000cd0   0x08000cd0   0x0000000a   Code   RO         2157    i.HAL_GPIO_WritePin  stm32f4xx_hal_gpio.o
    0x08000cda   0x08000cda   0x00000002   PAD
    0x08000cdc   0x08000cdc   0x0000000c   Code   RO         2703    i.HAL_GetTick       stm32f4xx_hal.o
    0x08000ce8   0x08000ce8   0x00000010   Code   RO         2709    i.HAL_IncTick       stm32f4xx_hal.o
    0x08000cf8   0x08000cf8   0x00000034   Code   RO         2710    i.HAL_Init          stm32f4xx_hal.o
    0x08000d2c   0x08000d2c   0x00000040   Code   RO         2711    i.HAL_InitTick      stm32f4xx_hal.o
    0x08000d6c   0x08000d6c   0x00000034   Code   RO          762    i.HAL_MspInit       stm32f4xx_hal_msp.o
    0x08000da0   0x08000da0   0x0000001a   Code   RO         2560    i.HAL_NVIC_EnableIRQ  stm32f4xx_hal_cortex.o
    0x08000dba   0x08000dba   0x00000002   PAD
    0x08000dbc   0x08000dbc   0x00000040   Code   RO         2566    i.HAL_NVIC_SetPriority  stm32f4xx_hal_cortex.o
    0x08000dfc   0x08000dfc   0x00000024   Code   RO         2567    i.HAL_NVIC_SetPriorityGrouping  stm32f4xx_hal_cortex.o
    0x08000e20   0x08000e20   0x00000134   Code   RO         1715    i.HAL_RCC_ClockConfig  stm32f4xx_hal_rcc.o
    0x08000f54   0x08000f54   0x00000020   Code   RO         1722    i.HAL_RCC_GetPCLK1Freq  stm32f4xx_hal_rcc.o
    0x08000f74   0x08000f74   0x00000020   Code   RO         1723    i.HAL_RCC_GetPCLK2Freq  stm32f4xx_hal_rcc.o
    0x08000f94   0x08000f94   0x00000094   Code   RO         1826    i.HAL_RCC_GetSysClockFreq  stm32f4xx_hal_rcc_ex.o
    0x08001028   0x08001028   0x00000344   Code   RO         1827    i.HAL_RCC_OscConfig  stm32f4xx_hal_rcc_ex.o
    0x0800136c   0x0800136c   0x0000001c   Code   RO          407    i.HAL_SYSTICK_Callback  main.o
    0x08001388   0x08001388   0x00000028   Code   RO         2571    i.HAL_SYSTICK_Config  stm32f4xx_hal_cortex.o
    0x080013b0   0x080013b0   0x00000008   Code   RO         2572    i.HAL_SYSTICK_IRQHandler  stm32f4xx_hal_cortex.o
    0x080013b8   0x080013b8   0x00000090   Code   RO         1481    i.HAL_TIMEx_MasterConfigSynchronization  stm32f4xx_hal_tim_ex.o
    0x08001448   0x08001448   0x00000036   Code   RO          788    i.HAL_TIM_Base_Init  stm32f4xx_hal_tim.o
    0x0800147e   0x0800147e   0x00000002   PAD
    0x08001480   0x08001480   0x00000024   Code   RO          570    i.HAL_TIM_Base_MspInit  tim.o
    0x080014a4   0x080014a4   0x000000d6   Code   RO          797    i.HAL_TIM_ConfigClockSource  stm32f4xx_hal_tim.o
    0x0800157a   0x0800157a   0x00000002   PAD
    0x0800157c   0x0800157c   0x0000011e   Code   RO          819    i.HAL_TIM_IC_ConfigChannel  stm32f4xx_hal_tim.o
    0x0800169a   0x0800169a   0x00000036   Code   RO          822    i.HAL_TIM_IC_Init   stm32f4xx_hal_tim.o
    0x080016d0   0x080016d0   0x00000074   Code   RO          572    i.HAL_TIM_IC_MspInit  tim.o
    0x08001744   0x08001744   0x00000056   Code   RO          827    i.HAL_TIM_IC_Start_IT  stm32f4xx_hal_tim.o
    0x0800179a   0x0800179a   0x00000002   PAD
    0x0800179c   0x0800179c   0x00000050   Code   RO          573    i.HAL_TIM_MspPostInit  tim.o
    0x080017ec   0x080017ec   0x000000d0   Code   RO          855    i.HAL_TIM_PWM_ConfigChannel  stm32f4xx_hal_tim.o
    0x080018bc   0x080018bc   0x00000036   Code   RO          858    i.HAL_TIM_PWM_Init  stm32f4xx_hal_tim.o
    0x080018f2   0x080018f2   0x00000002   Code   RO          860    i.HAL_TIM_PWM_MspInit  stm32f4xx_hal_tim.o
    0x080018f4   0x080018f4   0x00000044   Code   RO          863    i.HAL_TIM_PWM_Start  stm32f4xx_hal_tim.o
    0x08001938   0x08001938   0x00000056   Code   RO          872    i.HAL_TIM_SlaveConfigSynchro  stm32f4xx_hal_tim.o
    0x0800198e   0x0800198e   0x00000062   Code   RO         2973    i.HAL_UART_Init     stm32f4xx_hal_uart.o
    0x080019f0   0x080019f0   0x00000068   Code   RO          636    i.HAL_UART_MspInit  usart.o
    0x08001a58   0x08001a58   0x00000002   Code   RO          679    i.HardFault_Handler  stm32f4xx_it.o
    0x08001a5a   0x08001a5a   0x00000002   PAD
    0x08001a5c   0x08001a5c   0x0000006c   Code   RO          408    i.InitGame          main.o
    0x08001ac8   0x08001ac8   0x00000390   Code   RO           13    i.LCD_Begin         mcufriend_kbv.o
    0x08001e58   0x08001e58   0x00000014   Code   RO           14    i.LCD_Color565      mcufriend_kbv.o
    0x08001e6c   0x08001e6c   0x000000ac   Code   RO           15    i.LCD_DrawChar      mcufriend_kbv.o
    0x08001f18   0x08001f18   0x0000000e   Code   RO           19    i.LCD_DrawFastVLine  mcufriend_kbv.o
    0x08001f26   0x08001f26   0x00000002   PAD
    0x08001f28   0x08001f28   0x00000050   Code   RO           21    i.LCD_DrawPixel     mcufriend_kbv.o
    0x08001f78   0x08001f78   0x00000034   Code   RO           23    i.LCD_FillCircle    mcufriend_kbv.o
    0x08001fac   0x08001fac   0x000000c2   Code   RO           24    i.LCD_FillCircleHelper  mcufriend_kbv.o
    0x0800206e   0x0800206e   0x00000002   PAD
    0x08002070   0x08002070   0x00000304   Code   RO           25    i.LCD_FillRect      mcufriend_kbv.o
    0x08002374   0x08002374   0x0000001c   Code   RO           26    i.LCD_FillScreen    mcufriend_kbv.o
    0x08002390   0x08002390   0x000000b8   Code   RO           27    i.LCD_InvertDisplay  mcufriend_kbv.o
    0x08002448   0x08002448   0x00000078   Code   RO           28    i.LCD_Printf        mcufriend_kbv.o
    0x080024c0   0x080024c0   0x0000000a   Code   RO           32    i.LCD_PushCommand   mcufriend_kbv.o
    0x080024ca   0x080024ca   0x00000002   PAD
    0x080024cc   0x080024cc   0x00000750   Code   RO           33    i.LCD_ReadGRAM      mcufriend_kbv.o
    0x08002c1c   0x08002c1c   0x0000017c   Code   RO           34    i.LCD_ReadID        mcufriend_kbv.o
    0x08002d98   0x08002d98   0x00000014   Code   RO           35    i.LCD_ReadPixel     mcufriend_kbv.o
    0x08002dac   0x08002dac   0x000001a4   Code   RO           36    i.LCD_ReadReg       mcufriend_kbv.o
    0x08002f50   0x08002f50   0x0000001a   Code   RO           37    i.LCD_ReadReg32     mcufriend_kbv.o
    0x08002f6a   0x08002f6a   0x0000002c   Code   RO           38    i.LCD_ReadReg40     mcufriend_kbv.o
    0x08002f96   0x08002f96   0x00000002   PAD
    0x08002f98   0x08002f98   0x000000c4   Code   RO           39    i.LCD_Reset         mcufriend_kbv.o
    0x0800305c   0x0800305c   0x00000144   Code   RO           40    i.LCD_SetAddrWindow  mcufriend_kbv.o
    0x080031a0   0x080031a0   0x0000000c   Code   RO           41    i.LCD_SetCursor     mcufriend_kbv.o
    0x080031ac   0x080031ac   0x00000324   Code   RO           42    i.LCD_SetRotation   mcufriend_kbv.o
    0x080034d0   0x080034d0   0x0000017c   Code   RO           45    i.LCD_VertScroll    mcufriend_kbv.o
    0x0800364c   0x0800364c   0x00000004   Code   RO           46    i.LCD_WriteCmdData  mcufriend_kbv.o
    0x08003650   0x08003650   0x000000b8   Code   RO          545    i.MX_GPIO_Init      gpio.o
    0x08003708   0x08003708   0x0000009c   Code   RO          574    i.MX_TIM2_Init      tim.o
    0x080037a4   0x080037a4   0x000000a8   Code   RO          575    i.MX_TIM3_Init      tim.o
    0x0800384c   0x0800384c   0x00000038   Code   RO          637    i.MX_USART2_UART_Init  usart.o
    0x08003884   0x08003884   0x00000002   Code   RO          680    i.MemManage_Handler  stm32f4xx_it.o
    0x08003886   0x08003886   0x00000002   PAD
    0x08003888   0x08003888   0x00000120   Code   RO          409    i.MoveBall          main.o
    0x080039a8   0x080039a8   0x00000090   Code   RO          410    i.MovePong          main.o
    0x08003a38   0x08003a38   0x00000002   Code   RO          681    i.NMI_Handler       stm32f4xx_it.o
    0x08003a3a   0x08003a3a   0x00000002   Code   RO          682    i.PendSV_Handler    stm32f4xx_it.o
    0x08003a3c   0x08003a3c   0x00000002   Code   RO          683    i.SVC_Handler       stm32f4xx_it.o
    0x08003a3e   0x08003a3e   0x0000001c   Code   RO          411    i.SetLCD            main.o
    0x08003a5a   0x08003a5a   0x0000000e   Code   RO          684    i.SysTick_Handler   stm32f4xx_it.o
    0x08003a68   0x08003a68   0x00000088   Code   RO          412    i.SystemClock_Config  main.o
    0x08003af0   0x08003af0   0x0000001c   Code   RO         3275    i.SystemInit        system_stm32f4xx.o
    0x08003b0c   0x08003b0c   0x00000038   Code   RO          685    i.TIM3_IRQHandler   stm32f4xx_it.o
    0x08003b44   0x08003b44   0x000000c8   Code   RO          876    i.TIM_Base_SetConfig  stm32f4xx_hal_tim.o
    0x08003c0c   0x08003c0c   0x0000001a   Code   RO          877    i.TIM_CCxChannelCmd  stm32f4xx_hal_tim.o
    0x08003c26   0x08003c26   0x00000014   Code   RO          887    i.TIM_ETR_SetConfig  stm32f4xx_hal_tim.o
    0x08003c3a   0x08003c3a   0x00000010   Code   RO          888    i.TIM_ITRx_SetConfig  stm32f4xx_hal_tim.o
    0x08003c4a   0x08003c4a   0x00000002   PAD
    0x08003c4c   0x08003c4c   0x00000060   Code   RO          889    i.TIM_OC1_SetConfig  stm32f4xx_hal_tim.o
    0x08003cac   0x08003cac   0x0000006c   Code   RO          890    i.TIM_OC2_SetConfig  stm32f4xx_hal_tim.o
    0x08003d18   0x08003d18   0x00000068   Code   RO          891    i.TIM_OC3_SetConfig  stm32f4xx_hal_tim.o
    0x08003d80   0x08003d80   0x00000050   Code   RO          892    i.TIM_OC4_SetConfig  stm32f4xx_hal_tim.o
    0x08003dd0   0x08003dd0   0x00000086   Code   RO          893    i.TIM_SlaveTimer_SetConfig  stm32f4xx_hal_tim.o
    0x08003e56   0x08003e56   0x00000022   Code   RO          894    i.TIM_TI1_ConfigInputStage  stm32f4xx_hal_tim.o
    0x08003e78   0x08003e78   0x00000080   Code   RO          895    i.TIM_TI1_SetConfig  stm32f4xx_hal_tim.o
    0x08003ef8   0x08003ef8   0x00000024   Code   RO          896    i.TIM_TI2_ConfigInputStage  stm32f4xx_hal_tim.o
    0x08003f1c   0x08003f1c   0x00000036   Code   RO          897    i.TIM_TI2_SetConfig  stm32f4xx_hal_tim.o
    0x08003f52   0x08003f52   0x00000002   PAD
    0x08003f54   0x08003f54   0x00000128   Code   RO         2999    i.UART_SetConfig    stm32f4xx_hal_uart.o
    0x0800407c   0x0800407c   0x00000002   Code   RO          686    i.UsageFault_Handler  stm32f4xx_it.o
    0x0800407e   0x0800407e   0x0000001e   Code   RO           47    i.WriteCmdParam4    mcufriend_kbv.o
    0x0800409c   0x0800409c   0x0000030c   Code   RO           48    i.WriteCmdParamN    mcufriend_kbv.o
    0x080043a8   0x080043a8   0x00000024   Code   RO         3330    i.__0vsprintf       mc_w.l(printfa.o)
    0x080043cc   0x080043cc   0x00000020   Code   RO         2573    i.__NVIC_SetPriority  stm32f4xx_hal_cortex.o
    0x080043ec   0x080043ec   0x0000000e   Code   RO         3397    i.__scatterload_copy  mc_w.l(handlers.o)
    0x080043fa   0x080043fa   0x00000002   Code   RO         3398    i.__scatterload_null  mc_w.l(handlers.o)
    0x080043fc   0x080043fc   0x0000000e   Code   RO         3399    i.__scatterload_zeroinit  mc_w.l(handlers.o)
    0x0800440a   0x0800440a   0x00000002   PAD
    0x0800440c   0x0800440c   0x00000184   Code   RO         3331    i._fp_digits        mc_w.l(printfa.o)
    0x08004590   0x08004590   0x000006dc   Code   RO         3332    i._printf_core      mc_w.l(printfa.o)
    0x08004c6c   0x08004c6c   0x00000024   Code   RO         3333    i._printf_post_padding  mc_w.l(printfa.o)
    0x08004c90   0x08004c90   0x0000002e   Code   RO         3334    i._printf_pre_padding  mc_w.l(printfa.o)
    0x08004cbe   0x08004cbe   0x0000000a   Code   RO         3336    i._sputc            mc_w.l(printfa.o)
    0x08004cc8   0x08004cc8   0x00000008   Code   RO          413    i.cMax              main.o
    0x08004cd0   0x08004cd0   0x00000008   Code   RO          414    i.cMin              main.o
    0x08004cd8   0x08004cd8   0x00000014   Code   RO           49    i.color565_to_555   mcufriend_kbv.o
    0x08004cec   0x08004cec   0x00000020   Code   RO           50    i.delay             mcufriend_kbv.o
    0x08004d0c   0x08004d0c   0x0000004e   Code   RO           51    i.init_table        mcufriend_kbv.o
    0x08004d5a   0x08004d5a   0x0000002e   Code   RO           52    i.init_table16      mcufriend_kbv.o
    0x08004d88   0x08004d88   0x00000138   Code   RO          416    i.main              main.o
    0x08004ec0   0x08004ec0   0x000000fc   Code   RO           54    i.read16bits        mcufriend_kbv.o
    0x08004fbc   0x08004fbc   0x000001e8   Code   RO           55    i.writecmddata      mcufriend_kbv.o
    0x080051a4   0x080051a4   0x00000929   Data   RO           57    .constdata          mcufriend_kbv.o
    0x08005acd   0x08005acd   0x00000010   Data   RO         3276    .constdata          system_stm32f4xx.o
    0x08005add   0x08005add   0x00000008   Data   RO         3277    .constdata          system_stm32f4xx.o
    0x08005ae5   0x08005ae5   0x00000003   PAD
    0x08005ae8   0x08005ae8   0x00000020   Data   RO         3395    Region$$Table       anon$$obj.o


    Execution Region RW_IRAM1 (Exec base: 0x20000000, Load base: 0x08005b08, Size: 0x00000650, Max: 0x00020000, ABSOLUTE)

    Exec Addr    Load Addr    Size         Type   Attr      Idx    E Section Name        Object

    0x20000000   0x08005b08   0x00000030   Data   RW           58    .data               mcufriend_kbv.o
    0x20000030   0x08005b38   0x00000008   Data   RW          418    .data               main.o
    0x20000038   0x08005b40   0x00000004   Data   RW          687    .data               stm32f4xx_it.o
    0x2000003c   0x08005b44   0x0000000c   Data   RW         2717    .data               stm32f4xx_hal.o
    0x20000048   0x08005b50   0x00000004   Data   RW         3278    .data               system_stm32f4xx.o
    0x2000004c   0x08005b54   0x00000004   Data   RW         3315    .data               mc_w.l(rand.o)
    0x20000050        -       0x00000100   Zero   RW           56    .bss                mcufriend_kbv.o
    0x20000150        -       0x0000003c   Zero   RW          417    .bss                main.o
    0x2000018c        -       0x00000080   Zero   RW          576    .bss                tim.o
    0x2000020c        -       0x00000040   Zero   RW          638    .bss                usart.o
    0x2000024c   0x08005b58   0x00000004   PAD
    0x20000250        -       0x00000400   Zero   RW            1    STACK               startup_stm32f446xx.o


==============================================================================

Image component sizes


      Code (inc. data)   RO Data    RW Data    ZI Data      Debug   Object Name

       184         18          0          0          0       1019   gpio.o
      1710        110          0          8         60      10895   main.o
      8766        236       2345         48        256     736666   mcufriend_kbv.o
        36          8        452          0       1024        852   startup_stm32f446xx.o
       180         28          0         12          0       9409   stm32f4xx_hal.o
       206         14          0          0          0      34632   stm32f4xx_hal_cortex.o
       434         40          0          0          0       2436   stm32f4xx_hal_gpio.o
        52          4          0          0          0        902   stm32f4xx_hal_msp.o
       372         44          0          0          0       2954   stm32f4xx_hal_rcc.o
       984         30          0          0          0       2762   stm32f4xx_hal_rcc_ex.o
      2148        126          0          0          0      18904   stm32f4xx_hal_tim.o
       144         28          0          0          0       1376   stm32f4xx_hal_tim_ex.o
       394         10          0          0          0       2100   stm32f4xx_hal_uart.o
        86          8          0          4          0       5486   stm32f4xx_it.o
        28          6         24          4          0       1203   system_stm32f4xx.o
       556         46          0          0        128       3902   tim.o
       160         20          0          0         64       1782   usart.o

    ----------------------------------------------------------------------
     16468        776       2856         76       1536     837280   Object Totals
         0          0         32          0          0          0   (incl. Generated)
        28          0          3          0          4          0   (incl. Padding)

    ----------------------------------------------------------------------

      Code (inc. data)   RO Data    RW Data    ZI Data      Debug   Library Member Name

         0          0          0          0          0          0   entry.o
         0          0          0          0          0          0   entry10a.o
         0          0          0          0          0          0   entry11a.o
         8          4          0          0          0          0   entry2.o
         4          0          0          0          0          0   entry5.o
         0          0          0          0          0          0   entry7b.o
         0          0          0          0          0          0   entry8b.o
         8          4          0          0          0          0   entry9a.o
        30          0          0          0          0          0   handlers.o
        36          8          0          0          0         68   init.o
         0          0          0          0          0          0   iusefp.o
        30          0          0          0          0         68   llshl.o
        36          0          0          0          0         68   llsshr.o
        32          0          0          0          0         68   llushr.o
        36          0          0          0          0         68   memcpya.o
        36          0          0          0          0        108   memseta.o
      2272         86          0          0          0        516   printfa.o
        36         10          0          4          0        136   rand.o
        44          0          0          0          0         80   uidiv.o
        98          0          0          0          0         92   uldiv.o
        48          0          0          0          0         68   cdrcmple.o
        56          0          0          0          0         88   d2f.o
       334          0          0          0          0        148   dadd.o
       222          0          0          0          0        100   ddiv.o
       186          0          0          0          0        176   depilogue.o
        48          0          0          0          0         68   dfixul.o
       228          0          0          0          0         96   dmul.o
        38          0          0          0          0         68   f2d.o
       110          0          0          0          0        168   fepilogue.o

    ----------------------------------------------------------------------
      3980        112          0          4          0       2252   Library Totals
         4          0          0          0          0          0   (incl. Padding)

    ----------------------------------------------------------------------

      Code (inc. data)   RO Data    RW Data    ZI Data      Debug   Library Name

      2706        112          0          4          0       1272   mc_w.l
      1270          0          0          0          0        980   mf_w.l

    ----------------------------------------------------------------------
      3980        112          0          4          0       2252   Library Totals

    ----------------------------------------------------------------------

==============================================================================


      Code (inc. data)   RO Data    RW Data    ZI Data      Debug   

     20448        888       2856         80       1536     828592   Grand Totals
     20448        888       2856         80       1536     828592   ELF Image Totals
     20448        888       2856         80          0          0   ROM Totals

==============================================================================

    Total RO  Size (Code + RO Data)                23304 (  22.76kB)
    Total RW  Size (RW Data + ZI Data)              1616 (   1.58kB)
    Total ROM Size (Code + RO Data + RW Data)      23384 (  22.84kB)

==============================================================================

