Component: ARM Compiler 5.06 update 6 (build 750) Tool: armlink [4d35ed]

==============================================================================

Section Cross References

    startup_stm32f446xx.o(RESET) refers to startup_stm32f446xx.o(STACK) for __initial_sp
    startup_stm32f446xx.o(RESET) refers to startup_stm32f446xx.o(.text) for Reset_Handler
    startup_stm32f446xx.o(RESET) refers to stm32f4xx_it.o(i.NMI_Handler) for NMI_Handler
    startup_stm32f446xx.o(RESET) refers to stm32f4xx_it.o(i.HardFault_Handler) for HardFault_Handler
    startup_stm32f446xx.o(RESET) refers to stm32f4xx_it.o(i.MemManage_Handler) for MemManage_Handler
    startup_stm32f446xx.o(RESET) refers to stm32f4xx_it.o(i.BusFault_Handler) for BusFault_Handler
    startup_stm32f446xx.o(RESET) refers to stm32f4xx_it.o(i.UsageFault_Handler) for UsageFault_Handler
    startup_stm32f446xx.o(RESET) refers to stm32f4xx_it.o(i.SVC_Handler) for SVC_Handler
    startup_stm32f446xx.o(RESET) refers to stm32f4xx_it.o(i.DebugMon_Handler) for DebugMon_Handler
    startup_stm32f446xx.o(RESET) refers to stm32f4xx_it.o(i.PendSV_Handler) for PendSV_Handler
    startup_stm32f446xx.o(RESET) refers to stm32f4xx_it.o(i.SysTick_Handler) for SysTick_Handler
    startup_stm32f446xx.o(RESET) refers to stm32f4xx_it.o(i.TIM3_IRQHandler) for TIM3_IRQHandler
    startup_stm32f446xx.o(.text) refers to system_stm32f4xx.o(i.SystemInit) for SystemInit
    startup_stm32f446xx.o(.text) refers to entry.o(.ARM.Collect$$$$00000000) for __main
    main.o(i.SystemClock_Config) refers to memseta.o(.text) for __aeabi_memclr4
    main.o(i.SystemClock_Config) refers to stm32f4xx_hal_rcc_ex.o(i.HAL_RCC_OscConfig) for HAL_RCC_OscConfig
    main.o(i.SystemClock_Config) refers to stm32f4xx_hal_rcc.o(i.HAL_RCC_ClockConfig) for HAL_RCC_ClockConfig
    main.o(i.fputc) refers to stm32f4xx_hal_uart.o(i.HAL_UART_Transmit) for HAL_UART_Transmit
    main.o(i.fputc) refers to usart.o(.bss) for huart2
    main.o(i.main) refers to stm32f4xx_hal.o(i.HAL_Init) for HAL_Init
    main.o(i.main) refers to main.o(i.SystemClock_Config) for SystemClock_Config
    main.o(i.main) refers to gpio.o(i.MX_GPIO_Init) for MX_GPIO_Init
    main.o(i.main) refers to usart.o(i.MX_USART2_UART_Init) for MX_USART2_UART_Init
    main.o(i.main) refers to tim.o(i.MX_TIM2_Init) for MX_TIM2_Init
    main.o(i.main) refers to tim.o(i.MX_TIM3_Init) for MX_TIM3_Init
    main.o(i.main) refers to mcufriend_kbv.o(i.LCD_Begin) for LCD_Begin
    main.o(i.main) refers to stm32f4xx_hal.o(i.HAL_Delay) for HAL_Delay
    main.o(i.main) refers to mcufriend_kbv.o(i.LCD_SetRotation) for LCD_SetRotation
    main.o(i.main) refers to mcufriend_kbv.o(i.LCD_FillScreen) for LCD_FillScreen
    main.o(i.main) refers to mcufriend_kbv.o(i.LCD_DrawFastHLine) for LCD_DrawFastHLine
    main.o(i.main) refers to mcufriend_kbv.o(i.LCD_DrawCircle) for LCD_DrawCircle
    main.o(i.main) refers to mcufriend_kbv.o(i.LCD_DrawRect) for LCD_DrawRect
    main.o(i.main) refers to mcufriend_kbv.o(i.LCD_Printf) for LCD_Printf
    gpio.o(i.MX_GPIO_Init) refers to memseta.o(.text) for __aeabi_memclr4
    gpio.o(i.MX_GPIO_Init) refers to stm32f4xx_hal_gpio.o(i.HAL_GPIO_WritePin) for HAL_GPIO_WritePin
    gpio.o(i.MX_GPIO_Init) refers to stm32f4xx_hal_gpio.o(i.HAL_GPIO_Init) for HAL_GPIO_Init
    tim.o(i.HAL_TIM_IC_MspDeInit) refers to stm32f4xx_hal_gpio.o(i.HAL_GPIO_DeInit) for HAL_GPIO_DeInit
    tim.o(i.HAL_TIM_IC_MspDeInit) refers to stm32f4xx_hal_cortex.o(i.HAL_NVIC_DisableIRQ) for HAL_NVIC_DisableIRQ
    tim.o(i.HAL_TIM_IC_MspInit) refers to memseta.o(.text) for __aeabi_memclr4
    tim.o(i.HAL_TIM_IC_MspInit) refers to stm32f4xx_hal_gpio.o(i.HAL_GPIO_Init) for HAL_GPIO_Init
    tim.o(i.HAL_TIM_IC_MspInit) refers to stm32f4xx_hal_cortex.o(i.HAL_NVIC_SetPriority) for HAL_NVIC_SetPriority
    tim.o(i.HAL_TIM_IC_MspInit) refers to stm32f4xx_hal_cortex.o(i.HAL_NVIC_EnableIRQ) for HAL_NVIC_EnableIRQ
    tim.o(i.HAL_TIM_MspPostInit) refers to memseta.o(.text) for __aeabi_memclr4
    tim.o(i.HAL_TIM_MspPostInit) refers to stm32f4xx_hal_gpio.o(i.HAL_GPIO_Init) for HAL_GPIO_Init
    tim.o(i.MX_TIM2_Init) refers to memseta.o(.text) for __aeabi_memclr4
    tim.o(i.MX_TIM2_Init) refers to stm32f4xx_hal_tim.o(i.HAL_TIM_Base_Init) for HAL_TIM_Base_Init
    tim.o(i.MX_TIM2_Init) refers to main.o(i.Error_Handler) for Error_Handler
    tim.o(i.MX_TIM2_Init) refers to stm32f4xx_hal_tim.o(i.HAL_TIM_ConfigClockSource) for HAL_TIM_ConfigClockSource
    tim.o(i.MX_TIM2_Init) refers to stm32f4xx_hal_tim.o(i.HAL_TIM_PWM_Init) for HAL_TIM_PWM_Init
    tim.o(i.MX_TIM2_Init) refers to stm32f4xx_hal_tim_ex.o(i.HAL_TIMEx_MasterConfigSynchronization) for HAL_TIMEx_MasterConfigSynchronization
    tim.o(i.MX_TIM2_Init) refers to stm32f4xx_hal_tim.o(i.HAL_TIM_PWM_ConfigChannel) for HAL_TIM_PWM_ConfigChannel
    tim.o(i.MX_TIM2_Init) refers to tim.o(i.HAL_TIM_MspPostInit) for HAL_TIM_MspPostInit
    tim.o(i.MX_TIM2_Init) refers to tim.o(.bss) for .bss
[...]
    Removing stm32f4xx_hal_flash_ex.o(i.HAL_FLASHEx_AdvOBGetConfig), (12 bytes).
    Removing stm32f4xx_hal_flash_ex.o(i.HAL_FLASHEx_AdvOBProgram), (60 bytes).
    Removing stm32f4xx_hal_flash_ex.o(i.HAL_FLASHEx_Erase), (152 bytes).
    Removing stm32f4xx_hal_flash_ex.o(i.HAL_FLASHEx_Erase_IT), (104 bytes).
    Removing stm32f4xx_hal_flash_ex.o(i.HAL_FLASHEx_OBGetConfig), (64 bytes).
    Removing stm32f4xx_hal_flash_ex.o(i.HAL_FLASHEx_OBProgram), (204 bytes).
    Removing stm32f4xx_hal_flash_ex.o(i.HAL_FLASHEx_OB_DeSelectPCROP), (20 bytes).
    Removing stm32f4xx_hal_flash_ex.o(i.HAL_FLASHEx_OB_SelectPCROP), (24 bytes).
    Removing stm32f4xx_hal_flash_ramfunc.o(.rev16_text), (4 bytes).
    Removing stm32f4xx_hal_flash_ramfunc.o(.revsh_text), (4 bytes).
    Removing stm32f4xx_hal_flash_ramfunc.o(.rrx_text), (6 bytes).
    Removing stm32f4xx_hal_flash_ramfunc.o(i.HAL_FLASHEx_DisableFlashSleepMode), (44 bytes).
    Removing stm32f4xx_hal_flash_ramfunc.o(i.HAL_FLASHEx_EnableFlashSleepMode), (44 bytes).
    Removing stm32f4xx_hal_flash_ramfunc.o(i.HAL_FLASHEx_StartFlashInterfaceClk), (44 bytes).
    Removing stm32f4xx_hal_flash_ramfunc.o(i.HAL_FLASHEx_StopFlashInterfaceClk), (44 bytes).
    Removing stm32f4xx_hal_gpio.o(.rev16_text), (4 bytes).
    Removing stm32f4xx_hal_gpio.o(.revsh_text), (4 bytes).
    Removing stm32f4xx_hal_gpio.o(.rrx_text), (6 bytes).
    Removing stm32f4xx_hal_gpio.o(i.HAL_GPIO_DeInit), (340 bytes).
    Removing stm32f4xx_hal_gpio.o(i.HAL_GPIO_EXTI_Callback), (2 bytes).
    Removing stm32f4xx_hal_gpio.o(i.HAL_GPIO_EXTI_IRQHandler), (24 bytes).
    Removing stm32f4xx_hal_gpio.o(i.HAL_GPIO_LockPin), (34 bytes).
    Removing stm32f4xx_hal_gpio.o(i.HAL_GPIO_ReadPin), (10 bytes).
    Removing stm32f4xx_hal_gpio.o(i.HAL_GPIO_TogglePin), (14 bytes).
    Removing stm32f4xx_hal_dma_ex.o(.rev16_text), (4 bytes).
    Removing stm32f4xx_hal_dma_ex.o(.revsh_text), (4 bytes).
    Removing stm32f4xx_hal_dma_ex.o(.rrx_text), (6 bytes).
    Removing stm32f4xx_hal_dma_ex.o(i.DMA_MultiBufferSetConfig), (30 bytes).
    Removing stm32f4xx_hal_dma_ex.o(i.HAL_DMAEx_ChangeMemory), (14 bytes).
    Removing stm32f4xx_hal_dma_ex.o(i.HAL_DMAEx_MultiBufferStart), (100 bytes).
    Removing stm32f4xx_hal_dma_ex.o(i.HAL_DMAEx_MultiBufferStart_IT), (2432 bytes).
    Removing stm32f4xx_hal_dma.o(.rev16_text), (4 bytes).
    Removing stm32f4xx_hal_dma.o(.revsh_text), (4 bytes).
    Removing stm32f4xx_hal_dma.o(.rrx_text), (6 bytes).
    Removing stm32f4xx_hal_dma.o(i.DMA_CalcBaseAndBitshift), (40 bytes).
    Removing stm32f4xx_hal_dma.o(i.DMA_CheckFifoParam), (84 bytes).
    Removing stm32f4xx_hal_dma.o(i.DMA_SetConfig), (40 bytes).
    Removing stm32f4xx_hal_dma.o(i.HAL_DMA_Abort), (142 bytes).
    Removing stm32f4xx_hal_dma.o(i.HAL_DMA_Abort_IT), (36 bytes).
    Removing stm32f4xx_hal_dma.o(i.HAL_DMA_DeInit), (98 bytes).
    Removing stm32f4xx_hal_dma.o(i.HAL_DMA_GetError), (4 bytes).
    Removing stm32f4xx_hal_dma.o(i.HAL_DMA_GetState), (6 bytes).
    Removing stm32f4xx_hal_dma.o(i.HAL_DMA_IRQHandler), (416 bytes).
    Removing stm32f4xx_hal_dma.o(i.HAL_DMA_Init), (212 bytes).
    Removing stm32f4xx_hal_dma.o(i.HAL_DMA_PollForTransfer), (292 bytes).
    Removing stm32f4xx_hal_dma.o(i.HAL_DMA_RegisterCallback), (80 bytes).
    Removing stm32f4xx_hal_dma.o(i.HAL_DMA_Start), (70 bytes).
    Removing stm32f4xx_hal_dma.o(i.HAL_DMA_Start_IT), (110 bytes).
    Removing stm32f4xx_hal_dma.o(i.HAL_DMA_UnRegisterCallback), (96 bytes).
    Removing stm32f4xx_hal_dma.o(.constdata), (8 bytes).
    Removing stm32f4xx_hal_pwr.o(.rev16_text), (4 bytes).
    Removing stm32f4xx_hal_pwr.o(.revsh_text), (4 bytes).
    Removing stm32f4xx_hal_pwr.o(.rrx_text), (6 bytes).
    Removing stm32f4xx_hal_pwr.o(i.HAL_PWR_ConfigPVD), (124 bytes).
    Removing stm32f4xx_hal_pwr.o(i.HAL_PWR_DeInit), (24 bytes).
    Removing stm32f4xx_hal_pwr.o(i.HAL_PWR_DisableBkUpAccess), (12 bytes).
    Removing stm32f4xx_hal_pwr.o(i.HAL_PWR_DisablePVD), (12 bytes).
    Removing stm32f4xx_hal_pwr.o(i.HAL_PWR_DisableSEVOnPend), (16 bytes).
    Removing stm32f4xx_hal_pwr.o(i.HAL_PWR_DisableSleepOnExit), (16 bytes).
    Removing stm32f4xx_hal_pwr.o(i.HAL_PWR_DisableWakeUpPin), (16 bytes).
    Removing stm32f4xx_hal_pwr.o(i.HAL_PWR_EnableBkUpAccess), (12 bytes).
    Removing stm32f4xx_hal_pwr.o(i.HAL_PWR_EnablePVD), (12 bytes).
    Removing stm32f4xx_hal_pwr.o(i.HAL_PWR_EnableSEVOnPend), (16 bytes).
    Removing stm32f4xx_hal_pwr.o(i.HAL_PWR_EnableSleepOnExit), (16 bytes).
    Removing stm32f4xx_hal_pwr.o(i.HAL_PWR_EnableWakeUpPin), (16 bytes).
    Removing stm32f4xx_hal_pwr.o(i.HAL_PWR_EnterSLEEPMode), (32 bytes).
    Removing stm32f4xx_hal_pwr.o(i.HAL_PWR_EnterSTANDBYMode), (32 bytes).
    Removing stm32f4xx_hal_pwr.o(i.HAL_PWR_EnterSTOPMode), (56 bytes).
    Removing stm32f4xx_hal_pwr.o(i.HAL_PWR_PVDCallback), (2 bytes).
    Removing stm32f4xx_hal_pwr.o(i.HAL_PWR_PVD_IRQHandler), (28 bytes).
    Removing stm32f4xx_hal_pwr_ex.o(.rev16_text), (4 bytes).
    Removing stm32f4xx_hal_pwr_ex.o(.revsh_text), (4 bytes).
    Removing stm32f4xx_hal_pwr_ex.o(.rrx_text), (6 bytes).
    Removing stm32f4xx_hal_pwr_ex.o(i.HAL_PWREx_ControlVoltageScaling), (176 bytes).
    Removing stm32f4xx_hal_pwr_ex.o(i.HAL_PWREx_DisableBkUpReg), (60 bytes).
    Removing stm32f4xx_hal_pwr_ex.o(i.HAL_PWREx_DisableFlashPowerDown), (12 bytes).
    Removing stm32f4xx_hal_pwr_ex.o(i.HAL_PWREx_DisableOverDrive), (112 bytes).
    Removing stm32f4xx_hal_pwr_ex.o(i.HAL_PWREx_EnableBkUpReg), (60 bytes).
    Removing stm32f4xx_hal_pwr_ex.o(i.HAL_PWREx_EnableFlashPowerDown), (12 bytes).
    Removing stm32f4xx_hal_pwr_ex.o(i.HAL_PWREx_EnableOverDrive), (112 bytes).
    Removing stm32f4xx_hal_pwr_ex.o(i.HAL_PWREx_EnterUnderDriveSTOPMode), (96 bytes).
    Removing stm32f4xx_hal_pwr_ex.o(i.HAL_PWREx_GetVoltageRange), (16 bytes).
    Removing stm32f4xx_hal_cortex.o(.rev16_text), (4 bytes).
    Removing stm32f4xx_hal_cortex.o(.revsh_text), (4 bytes).
    Removing stm32f4xx_hal_cortex.o(.rrx_text), (6 bytes).
    Removing stm32f4xx_hal_cortex.o(i.HAL_MPU_ConfigRegion), (84 bytes).
    Removing stm32f4xx_hal_cortex.o(i.HAL_MPU_Disable), (28 bytes).
    Removing stm32f4xx_hal_cortex.o(i.HAL_MPU_Enable), (36 bytes).
    Removing stm32f4xx_hal_cortex.o(i.HAL_NVIC_ClearPendingIRQ), (26 bytes).
    Removing stm32f4xx_hal_cortex.o(i.HAL_NVIC_DisableIRQ), (34 bytes).
    Removing stm32f4xx_hal_cortex.o(i.HAL_NVIC_GetActive), (36 bytes).
    Removing stm32f4xx_hal_cortex.o(i.HAL_NVIC_GetPendingIRQ), (36 bytes).
    Removing stm32f4xx_hal_cortex.o(i.HAL_NVIC_GetPriority), (82 bytes).
    Removing stm32f4xx_hal_cortex.o(i.HAL_NVIC_GetPriorityGrouping), (16 bytes).
    Removing stm32f4xx_hal_cortex.o(i.HAL_NVIC_SetPendingIRQ), (26 bytes).
    Removing stm32f4xx_hal_cortex.o(i.HAL_NVIC_SystemReset), (36 bytes).
    Removing stm32f4xx_hal_cortex.o(i.HAL_SYSTICK_CLKSourceConfig), (24 bytes).
    Removing stm32f4xx_hal_cortex.o(i.HAL_SYSTICK_Callback), (2 bytes).
    Removing stm32f4xx_hal.o(.rev16_text), (4 bytes).
    Removing stm32f4xx_hal.o(.revsh_text), (4 bytes).
    Removing stm32f4xx_hal.o(.rrx_text), (6 bytes).
    Removing stm32f4xx_hal.o(i.HAL_DBGMCU_DisableDBGSleepMode), (16 bytes).
    Removing stm32f4xx_hal.o(i.HAL_DBGMCU_DisableDBGStandbyMode), (16 bytes).
    Removing stm32f4xx_hal.o(i.HAL_DBGMCU_DisableDBGStopMode), (16 bytes).
    Removing stm32f4xx_hal.o(i.HAL_DBGMCU_EnableDBGSleepMode), (16 bytes).
    Removing stm32f4xx_hal.o(i.HAL_DBGMCU_EnableDBGStandbyMode), (16 bytes).
    Removing stm32f4xx_hal.o(i.HAL_DBGMCU_EnableDBGStopMode), (16 bytes).
    Removing stm32f4xx_hal.o(i.HAL_DeInit), (52 bytes).
    Removing stm32f4xx_hal.o(i.HAL_DisableCompensationCell), (12 bytes).
    Removing stm32f4xx_hal.o(i.HAL_EnableCompensationCell), (12 bytes).
    Removing stm32f4xx_hal.o(i.HAL_GetDEVID), (16 bytes).
    Removing stm32f4xx_hal.o(i.HAL_GetHalVersion), (8 bytes).
    Removing stm32f4xx_hal.o(i.HAL_GetREVID), (12 bytes).
    Removing stm32f4xx_hal.o(i.HAL_GetTickFreq), (12 bytes).
    Removing stm32f4xx_hal.o(i.HAL_GetTickPrio), (12 bytes).
    Removing stm32f4xx_hal.o(i.HAL_GetUIDw0), (12 bytes).
    Removing stm32f4xx_hal.o(i.HAL_GetUIDw1), (12 bytes).
    Removing stm32f4xx_hal.o(i.HAL_GetUIDw2), (12 bytes).
    Removing stm32f4xx_hal.o(i.HAL_MspDeInit), (2 bytes).
    Removing stm32f4xx_hal.o(i.HAL_MspInit), (2 bytes).
    Removing stm32f4xx_hal.o(i.HAL_ResumeTick), (14 bytes).
    Removing stm32f4xx_hal.o(i.HAL_SetTickFreq), (36 bytes).
    Removing stm32f4xx_hal.o(i.HAL_SuspendTick), (14 bytes).
    Removing stm32f4xx_hal_exti.o(.rev16_text), (4 bytes).
    Removing stm32f4xx_hal_exti.o(.revsh_text), (4 bytes).
    Removing stm32f4xx_hal_exti.o(.rrx_text), (6 bytes).
    Removing stm32f4xx_hal_exti.o(i.HAL_EXTI_ClearConfigLine), (108 bytes).
    Removing stm32f4xx_hal_exti.o(i.HAL_EXTI_ClearPending), (20 bytes).
    Removing stm32f4xx_hal_exti.o(i.HAL_EXTI_GenerateSWI), (20 bytes).
    Removing stm32f4xx_hal_exti.o(i.HAL_EXTI_GetConfigLine), (156 bytes).
    Removing stm32f4xx_hal_exti.o(i.HAL_EXTI_GetHandle), (12 bytes).
    Removing stm32f4xx_hal_exti.o(i.HAL_EXTI_GetPending), (24 bytes).
    Removing stm32f4xx_hal_exti.o(i.HAL_EXTI_IRQHandler), (36 bytes).
    Removing stm32f4xx_hal_exti.o(i.HAL_EXTI_RegisterCallback), (14 bytes).
    Removing stm32f4xx_hal_exti.o(i.HAL_EXTI_SetConfigLine), (168 bytes).
    Removing stm32f4xx_hal_uart.o(.rev16_text), (4 bytes).
    Removing stm32f4xx_hal_uart.o(.revsh_text), (4 bytes).
    Removing stm32f4xx_hal_uart.o(.rrx_text), (6 bytes).
    Removing stm32f4xx_hal_uart.o(i.HAL_HalfDuplex_EnableReceiver), (50 bytes).
    Removing stm32f4xx_hal_uart.o(i.HAL_HalfDuplex_EnableTransmitter), (50 bytes).
    Removing stm32f4xx_hal_uart.o(i.HAL_HalfDuplex_Init), (108 bytes).
    Removing stm32f4xx_hal_uart.o(i.HAL_LIN_Init), (128 bytes).
    Removing stm32f4xx_hal_uart.o(i.HAL_LIN_SendBreak), (46 bytes).
    Removing stm32f4xx_hal_uart.o(i.HAL_MultiProcessor_EnterMuteMode), (46 bytes).
    Removing stm32f4xx_hal_uart.o(i.HAL_MultiProcessor_ExitMuteMode), (46 bytes).
    Removing stm32f4xx_hal_uart.o(i.HAL_MultiProcessor_Init), (142 bytes).
    Removing stm32f4xx_hal_uart.o(i.HAL_UART_Abort), (138 bytes).
    Removing stm32f4xx_hal_uart.o(i.HAL_UART_AbortCpltCallback), (2 bytes).
    Removing stm32f4xx_hal_uart.o(i.HAL_UART_AbortReceive), (88 bytes).
    Removing stm32f4xx_hal_uart.o(i.HAL_UART_AbortReceiveCpltCallback), (2 bytes).
    Removing stm32f4xx_hal_uart.o(i.HAL_UART_AbortReceive_IT), (92 bytes).
    Removing stm32f4xx_hal_uart.o(i.HAL_UART_AbortTransmit), (78 bytes).
    Removing stm32f4xx_hal_uart.o(i.HAL_UART_AbortTransmitCpltCallback), (2 bytes).
    Removing stm32f4xx_hal_uart.o(i.HAL_UART_AbortTransmit_IT), (84 bytes).
    Removing stm32f4xx_hal_uart.o(i.HAL_UART_Abort_IT), (172 bytes).
    Removing stm32f4xx_hal_uart.o(i.HAL_UART_DMAPause), (102 bytes).
    Removing stm32f4xx_hal_uart.o(i.HAL_UART_DMAResume), (94 bytes).
    Removing stm32f4xx_hal_uart.o(i.HAL_UART_DMAStop), (88 bytes).
    Removing stm32f4xx_hal_uart.o(i.HAL_UART_DeInit), (50 bytes).
    Removing stm32f4xx_hal_uart.o(i.HAL_UART_ErrorCallback), (2 bytes).
    Removing stm32f4xx_hal_uart.o(i.HAL_UART_GetError), (4 bytes).
    Removing stm32f4xx_hal_uart.o(i.HAL_UART_GetState), (10 bytes).
    Removing stm32f4xx_hal_uart.o(i.HAL_UART_IRQHandler), (276 bytes).
    Removing stm32f4xx_hal_uart.o(i.HAL_UART_MspDeInit), (2 bytes).
    Removing stm32f4xx_hal_uart.o(i.HAL_UART_MspInit), (2 bytes).
    Removing stm32f4xx_hal_uart.o(i.HAL_UART_Receive), (190 bytes).
    Removing stm32f4xx_hal_uart.o(i.HAL_UART_Receive_DMA), (152 bytes).
    Removing stm32f4xx_hal_uart.o(i.HAL_UART_Receive_IT), (82 bytes).
    Removing stm32f4xx_hal_uart.o(i.HAL_UART_RxCpltCallback), (2 bytes).
    Removing stm32f4xx_hal_uart.o(i.HAL_UART_RxHalfCpltCallback), (2 bytes).
    Removing stm32f4xx_hal_uart.o(i.HAL_UART_Transmit), (186 bytes).
    Removing stm32f4xx_hal_uart.o(i.HAL_UART_Transmit_DMA), (128 bytes).
    Removing stm32f4xx_hal_uart.o(i.HAL_UART_Transmit_IT), (62 bytes).
    Removing stm32f4xx_hal_uart.o(i.HAL_UART_TxCpltCallback), (2 bytes).
    Removing stm32f4xx_hal_uart.o(i.HAL_UART_TxHalfCpltCallback), (2 bytes).
    Removing stm32f4xx_hal_uart.o(i.UART_DMAAbortOnError), (16 bytes).
    Removing stm32f4xx_hal_uart.o(i.UART_DMAError), (74 bytes).
    Removing stm32f4xx_hal_uart.o(i.UART_DMAReceiveCplt), (60 bytes).
    Removing stm32f4xx_hal_uart.o(i.UART_DMARxAbortCallback), (42 bytes).
    Removing stm32f4xx_hal_uart.o(i.UART_DMARxHalfCplt), (10 bytes).
    Removing stm32f4xx_hal_uart.o(i.UART_DMARxOnlyAbortCallback), (20 bytes).
    Removing stm32f4xx_hal_uart.o(i.UART_DMATransmitCplt), (46 bytes).
    Removing stm32f4xx_hal_uart.o(i.UART_DMATxAbortCallback), (42 bytes).
    Removing stm32f4xx_hal_uart.o(i.UART_DMATxHalfCplt), (10 bytes).
    Removing stm32f4xx_hal_uart.o(i.UART_DMATxOnlyAbortCallback), (20 bytes).
    Removing stm32f4xx_hal_uart.o(i.UART_EndRxTransfer), (28 bytes).
    Removing stm32f4xx_hal_uart.o(i.UART_EndTxTransfer), (18 bytes).
    Removing stm32f4xx_hal_uart.o(i.UART_Receive_IT), (150 bytes).
    Removing stm32f4xx_hal_uart.o(i.UART_Transmit_IT), (98 bytes).
    Removing stm32f4xx_hal_uart.o(i.UART_WaitOnFlagUntilTimeout), (100 bytes).
    Removing system_stm32f4xx.o(.rev16_text), (4 bytes).
    Removing system_stm32f4xx.o(.revsh_text), (4 bytes).
    Removing system_stm32f4xx.o(.rrx_text), (6 bytes).
    Removing system_stm32f4xx.o(i.SystemCoreClockUpdate), (120 bytes).

417 unused section(s) (total 28619 bytes) removed from the image.

==============================================================================

Image Symbol Table

    Local Symbols

    Symbol Name                              Value     Ov Type        Size  Object(Section)

    ../Core/Src/gpio.c                       0x00000000   Number         0  gpio.o ABSOLUTE
    ../Core/Src/main.c                       0x00000000   Number         0  main.o ABSOLUTE
    ../Core/Src/stm32f4xx_hal_msp.c          0x00000000   Number         0  stm32f4xx_hal_msp.o ABSOLUTE
    ../Core/Src/stm32f4xx_it.c               0x00000000   Number         0  stm32f4xx_it.o ABSOLUTE
    ../Core/Src/system_stm32f4xx.c           0x00000000   Number         0  system_stm32f4xx.o ABSOLUTE
    ../Core/Src/tim.c                        0x00000000   Number         0  tim.o ABSOLUTE
    ../Core/Src/usart.c                      0x00000000   Number         0  usart.o ABSOLUTE
    ../Drivers/STM32F4xx_HAL_Driver/Src/stm32f4xx_hal.c 0x00000000   Number         0  stm32f4xx_hal.o ABSOLUTE
    ../Drivers/STM32F4xx_HAL_Driver/Src/stm32f4xx_hal_cortex.c 0x00000000   Number         0  stm32f4xx_hal_cortex.o ABSOLUTE
    ../Drivers/STM32F4xx_HAL_Driver/Src/stm32f4xx_hal_dma.c 0x00000000   Number         0  stm32f4xx_hal_dma.o ABSOLUTE
    ../Drivers/STM32F4xx_HAL_Driver/Src/stm32f4xx_hal_dma_ex.c 0x00000000   Number         0  stm32f4xx_hal_dma_ex.o ABSOLUTE
    ../Drivers/STM32F4xx_HAL_Driver/Src/stm32f4xx_hal_exti.c 0x00000000   Number         0  stm32f4xx_hal_exti.o ABSOLUTE
    ../Drivers/STM32F4xx_HAL_Driver/Src/stm32f4xx_hal_flash.c 0x00000000   Number         0  stm32f4xx_hal_flash.o ABSOLUTE
    ../Drivers/STM32F4xx_HAL_Driver/Src/stm32f4xx_hal_flash_ex.c 0x00000000   Number         0  stm32f4xx_hal_flash_ex.o ABSOLUTE
    ../Drivers/STM32F4xx_HAL_Driver/Src/stm32f4xx_hal_flash_ramfunc.c 0x00000000   Number         0  stm32f4xx_hal_flash_ramfunc.o ABSOLUTE
    ../Drivers/STM32F4xx_HAL_Driver/Src/stm32f4xx_hal_gpio.c 0x00000000   Number         0  stm32f4xx_hal_gpio.o ABSOLUTE
    ../Drivers/STM32F4xx_HAL_Driver/Src/stm32f4xx_hal_pwr.c 0x00000000   Number         0  stm32f4xx_hal_pwr.o ABSOLUTE
    ../Drivers/STM32F4xx_HAL_Driver/Src/stm32f4xx_hal_pwr_ex.c 0x00000000   Number         0  stm32f4xx_hal_pwr_ex.o ABSOLUTE
    ../Drivers/STM32F4xx_HAL_Driver/Src/stm32f4xx_hal_rcc.c 0x00000000   Number         0  stm32f4xx_hal_rcc.o ABSOLUTE
    ../Drivers/STM32F4xx_HAL_Driver/Src/stm32f4xx_hal_rcc_ex.c 0x00000000   Number         0  stm32f4xx_hal_rcc_ex.o ABSOLUTE
    ../Drivers/STM32F4xx_HAL_Driver/Src/stm32f4xx_hal_tim.c 0x00000000   Number         0  stm32f4xx_hal_tim.o ABSOLUTE
    ../Drivers/STM32F4xx_HAL_Driver/Src/stm32f4xx_hal_tim_ex.c 0x00000000   Number         0  stm32f4xx_hal_tim_ex.o ABSOLUTE
    ../Drivers/STM32F4xx_HAL_Driver/Src/stm32f4xx_hal_uart.c 0x00000000   Number         0  stm32f4xx_hal_uart.o ABSOLUTE
    ../clib/microlib/division.c              0x00000000   Number         0  uidiv.o ABSOLUTE
    ../clib/microlib/division.c              0x00000000   Number         0  uldiv.o ABSOLUTE
    ../clib/microlib/init/entry.s            0x00000000   Number         0  entry7a.o ABSOLUTE
    ../clib/microlib/init/entry.s            0x00000000   Number         0  entry.o ABSOLUTE
    ../clib/microlib/init/entry.s            0x00000000   Number         0  entry8b.o ABSOLUTE
    ../clib/microlib/init/entry.s            0x00000000   Number         0  entry11a.o ABSOLUTE
    ../clib/microlib/init/entry.s            0x00000000   Number         0  entry9a.o ABSOLUTE
    ../clib/microlib/init/entry.s            0x00000000   Number         0  entry11b.o ABSOLUTE
    ../clib/microlib/init/entry.s            0x00000000   Number         0  entry10b.o ABSOLUTE
    ../clib/microlib/init/entry.s            0x00000000   Number         0  entry7b.o ABSOLUTE
    ../clib/microlib/init/entry.s            0x00000000   Number         0  entry5.o ABSOLUTE
    ../clib/microlib/init/entry.s            0x00000000   Number         0  entry10a.o ABSOLUTE
    ../clib/microlib/init/entry.s            0x00000000   Number         0  entry9b.o ABSOLUTE
    ../clib/microlib/init/entry.s            0x00000000   Number         0  entry2.o ABSOLUTE
    ../clib/microlib/init/entry.s            0x00000000   Number         0  entry8a.o ABSOLUTE
    ../clib/microlib/longlong.c              0x00000000   Number         0  llsshr.o ABSOLUTE
    ../clib/microlib/longlong.c              0x00000000   Number         0  llshl.o ABSOLUTE
    ../clib/microlib/longlong.c              0x00000000   Number         0  llushr.o ABSOLUTE
    ../clib/microlib/printf/printf.c         0x00000000   Number         0  printfa.o ABSOLUTE
    ../clib/microlib/stdio/streams.c         0x00000000   Number         0  stdout.o ABSOLUTE
    ../clib/microlib/string/memset.c         0x00000000   Number         0  memseta.o ABSOLUTE
    ../clib/microlib/stubs.s                 0x00000000   Number         0  iusefp.o ABSOLUTE
    ../fplib/microlib/fpadd.c                0x00000000   Number         0  dadd.o ABSOLUTE
    ../fplib/microlib/fpdiv.c                0x00000000   Number         0  ddiv.o ABSOLUTE
    ../fplib/microlib/fpepilogue.c           0x00000000   Number         0  depilogue.o ABSOLUTE
    ../fplib/microlib/fpfix.c                0x00000000   Number         0  dfixul.o ABSOLUTE
    ../fplib/microlib/fpmul.c                0x00000000   Number         0  dmul.o ABSOLUTE
    ..\Core\Src\MCUFRIEND_kbv.c              0x00000000   Number         0  mcufriend_kbv.o ABSOLUTE
    ..\Core\Src\gpio.c                       0x00000000   Number         0  gpio.o ABSOLUTE
    ..\Core\Src\main.c                       0x00000000   Number         0  main.o ABSOLUTE
    ..\Core\Src\stm32f4xx_hal_msp.c          0x00000000   Number         0  stm32f4xx_hal_msp.o ABSOLUTE
    ..\Core\Src\stm32f4xx_it.c               0x00000000   Number         0  stm32f4xx_it.o ABSOLUTE
    ..\Core\Src\system_stm32f4xx.c           0x00000000   Number         0  system_stm32f4xx.o ABSOLUTE
    ..\Core\Src\tim.c                        0x00000000   Number         0  tim.o ABSOLUTE
    ..\Core\Src\usart.c                      0x00000000   Number         0  usart.o ABSOLUTE
    ..\Drivers\STM32F4xx_HAL_Driver\Src\stm32f4xx_hal.c 0x00000000   Number         0  stm32f4xx_hal.o ABSOLUTE
    ..\Drivers\STM32F4xx_HAL_Driver\Src\stm32f4xx_hal_cortex.c 0x00000000   Number         0  stm32f4xx_hal_cortex.o ABSOLUTE
    ..\Drivers\STM32F4xx_HAL_Driver\Src\stm32f4xx_hal_dma.c 0x00000000   Number         0  stm32f4xx_hal_dma.o ABSOLUTE
    ..\Drivers\STM32F4xx_HAL_Driver\Src\stm32f4xx_hal_dma_ex.c 0x00000000   Number         0  stm32f4xx_hal_dma_ex.o ABSOLUTE
    ..\Drivers\STM32F4xx_HAL_Driver\Src\stm32f4xx_hal_exti.c 0x00000000   Number         0  stm32f4xx_hal_exti.o ABSOLUTE
    ..\Drivers\STM32F4xx_HAL_Driver\Src\stm32f4xx_hal_flash.c 0x00000000   Number         0  stm32f4xx_hal_flash.o ABSOLUTE
    ..\Drivers\STM32F4xx_HAL_Driver\Src\stm32f4xx_hal_flash_ex.c 0x00000000   Number         0  stm32f4xx_hal_flash_ex.o ABSOLUTE
    ..\Drivers\STM32F4xx_HAL_Driver\Src\stm32f4xx_hal_flash_ramfunc.c 0x00000000   Number         0  stm32f4xx_hal_flash_ramfunc.o ABSOLUTE
    ..\Drivers\STM32F4xx_HAL_Driver\Src\stm32f4xx_hal_gpio.c 0x00000000   Number         0  stm32f4xx_hal_gpio.o ABSOLUTE
    ..\Drivers\STM32F4xx_HAL_Driver\Src\stm32f4xx_hal_pwr.c 0x00000000   Number         0  stm32f4xx_hal_pwr.o ABSOLUTE
    ..\Drivers\STM32F4xx_HAL_Driver\Src\stm32f4xx_hal_pwr_ex.c 0x00000000   Number         0  stm32f4xx_hal_pwr_ex.o ABSOLUTE
    ..\Drivers\STM32F4xx_HAL_Driver\Src\stm32f4xx_hal_rcc.c 0x00000000   Number         0  stm32f4xx_hal_rcc.o ABSOLUTE
    ..\Drivers\STM32F4xx_HAL_Driver\Src\stm32f4xx_hal_rcc_ex.c 0x00000000   Number         0  stm32f4xx_hal_rcc_ex.o ABSOLUTE
    ..\Drivers\STM32F4xx_HAL_Driver\Src\stm32f4xx_hal_tim.c 0x00000000   Number         0  stm32f4xx_hal_tim.o ABSOLUTE
    ..\Drivers\STM32F4xx_HAL_Driver\Src\stm32f4xx_hal_tim_ex.c 0x00000000   Number         0  stm32f4xx_hal_tim_ex.o ABSOLUTE
    ..\Drivers\STM32F4xx_HAL_Driver\Src\stm32f4xx_hal_uart.c 0x00000000   Number         0  stm32f4xx_hal_uart.o ABSOLUTE
    ..\\Core\\Src\\MCUFRIEND_kbv.c           0x00000000   Number         0  mcufriend_kbv.o ABSOLUTE
    cdrcmple.s                               0x00000000   Number         0  cdrcmple.o ABSOLUTE
    dc.s                                     0x00000000   Number         0  dc.o ABSOLUTE
    handlers.s                               0x00000000   Number         0  handlers.o ABSOLUTE
    init.s                                   0x00000000   Number         0  init.o ABSOLUTE
    startup_stm32f446xx.s                    0x00000000   Number         0  startup_stm32f446xx.o ABSOLUTE
    RESET                                    0x08000000   Section      452  startup_stm32f446xx.o(RESET)
    .ARM.Collect$$$$00000000                 0x080001c4   Section        0  entry.o(.ARM.Collect$$$$00000000)
    .ARM.Collect$$$$00000001                 0x080001c4   Section        4  entry2.o(.ARM.Collect$$$$00000001)
    .ARM.Collect$$$$00000004                 0x080001c8   Section        4  entry5.o(.ARM.Collect$$$$00000004)
    .ARM.Collect$$$$00000008                 0x080001cc   Section        0  entry7b.o(.ARM.Collect$$$$00000008)
    .ARM.Collect$$$$0000000A                 0x080001cc   Section        0  entry8b.o(.ARM.Collect$$$$0000000A)
    .ARM.Collect$$$$0000000B                 0x080001cc   Section        8  entry9a.o(.ARM.Collect$$$$0000000B)
    .ARM.Collect$$$$0000000D                 0x080001d4   Section        0  entry10a.o(.ARM.Collect$$$$0000000D)
    .ARM.Collect$$$$0000000F                 0x080001d4   Section        0  entry11a.o(.ARM.Collect$$$$0000000F)
    .ARM.Collect$$$$00002712                 0x080001d4   Section        4  entry2.o(.ARM.Collect$$$$00002712)
    __lit__00000000                          0x080001d4   Data           4  entry2.o(.ARM.Collect$$$$00002712)
    .text                                    0x080001d8   Section       36  startup_stm32f446xx.o(.text)
    $v0                                      0x080001d8   Number         0  startup_stm32f446xx.o(.text)
    .text                                    0x080001fc   Section        0  uldiv.o(.text)
    .text                                    0x0800025e   Section        0  memseta.o(.text)
    .text                                    0x08000282   Section        0  uidiv.o(.text)
    .text                                    0x080002ae   Section        0  llshl.o(.text)
    .text                                    0x080002cc   Section        0  llushr.o(.text)
    .text                                    0x080002ec   Section        0  iusefp.o(.text)
    .text                                    0x080002ec   Section        0  dadd.o(.text)
    .text                                    0x0800043a   Section        0  dmul.o(.text)
    .text                                    0x0800051e   Section        0  ddiv.o(.text)
    .text                                    0x080005fc   Section        0  dfixul.o(.text)
    .text                                    0x0800062c   Section       48  cdrcmple.o(.text)
    .text                                    0x0800065c   Section       36  init.o(.text)
    .text                                    0x08000680   Section        0  llsshr.o(.text)
    .text                                    0x080006a4   Section        0  depilogue.o(.text)
    i.BusFault_Handler                       0x0800075e   Section        0  stm32f4xx_it.o(i.BusFault_Handler)
    i.DebugMon_Handler                       0x08000760   Section        0  stm32f4xx_it.o(i.DebugMon_Handler)
    i.Error_Handler                          0x08000762   Section        0  main.o(i.Error_Handler)
    i.HAL_Delay                              0x08000764   Section        0  stm32f4xx_hal.o(i.HAL_Delay)
    i.HAL_GPIO_Init                          0x08000788   Section        0  stm32f4xx_hal_gpio.o(i.HAL_GPIO_Init)
    i.HAL_GPIO_WritePin                      0x08000930   Section        0  stm32f4xx_hal_gpio.o(i.HAL_GPIO_WritePin)
    i.HAL_GetTick                            0x0800093c   Section        0  stm32f4xx_hal.o(i.HAL_GetTick)
    i.HAL_IncTick                            0x08000948   Section        0  stm32f4xx_hal.o(i.HAL_IncTick)
    i.HAL_Init                               0x08000958   Section        0  stm32f4xx_hal.o(i.HAL_Init)
    i.HAL_InitTick                           0x0800098c   Section        0  stm32f4xx_hal.o(i.HAL_InitTick)
    i.HAL_MspInit                            0x080009cc   Section        0  stm32f4xx_hal_msp.o(i.HAL_MspInit)
    i.HAL_NVIC_EnableIRQ                     0x08000a00   Section        0  stm32f4xx_hal_cortex.o(i.HAL_NVIC_EnableIRQ)
    i.HAL_NVIC_SetPriority                   0x08000a1c   Section        0  stm32f4xx_hal_cortex.o(i.HAL_NVIC_SetPriority)
    i.HAL_NVIC_SetPriorityGrouping           0x08000a5c   Section        0  stm32f4xx_hal_cortex.o(i.HAL_NVIC_SetPriorityGrouping)
    i.HAL_RCC_ClockConfig                    0x08000a80   Section        0  stm32f4xx_hal_rcc.o(i.HAL_RCC_ClockConfig)
    i.HAL_RCC_GetPCLK1Freq                   0x08000bb4   Section        0  stm32f4xx_hal_rcc.o(i.HAL_RCC_GetPCLK1Freq)
    i.HAL_RCC_GetPCLK2Freq                   0x08000bd4   Section        0  stm32f4xx_hal_rcc.o(i.HAL_RCC_GetPCLK2Freq)
    i.HAL_RCC_GetSysClockFreq                0x08000bf4   Section        0  stm32f4xx_hal_rcc_ex.o(i.HAL_RCC_GetSysClockFreq)
    i.HAL_RCC_OscConfig                      0x08000c88   Section        0  stm32f4xx_hal_rcc_ex.o(i.HAL_RCC_OscConfig)
    i.HAL_SYSTICK_Callback                   0x08000fcc   Section        0  main.o(i.HAL_SYSTICK_Callback)
    i.HAL_SYSTICK_Config                     0x08000fce   Section        0  stm32f4xx_hal_cortex.o(i.HAL_SYSTICK_Config)
    i.HAL_SYSTICK_IRQHandler                 0x08000ff6   Section        0  stm32f4xx_hal_cortex.o(i.HAL_SYSTICK_IRQHandler)
    i.HAL_TIMEx_BreakCallback                0x08000ffe   Section        0  stm32f4xx_hal_tim_ex.o(i.HAL_TIMEx_BreakCallback)
    i.HAL_TIMEx_CommutCallback               0x08001000   Section        0  stm32f4xx_hal_tim_ex.o(i.HAL_TIMEx_CommutCallback)
    i.HAL_TIMEx_MasterConfigSynchronization  0x08001004   Section        0  stm32f4xx_hal_tim_ex.o(i.HAL_TIMEx_MasterConfigSynchronization)
    i.HAL_TIM_Base_Init                      0x08001094   Section        0  stm32f4xx_hal_tim.o(i.HAL_TIM_Base_Init)
    i.HAL_TIM_Base_MspInit                   0x080010cc   Section        0  tim.o(i.HAL_TIM_Base_MspInit)
    i.HAL_TIM_ConfigClockSource              0x080010f0   Section        0  stm32f4xx_hal_tim.o(i.HAL_TIM_ConfigClockSource)
    i.HAL_TIM_IC_CaptureCallback             0x080011c6   Section        0  stm32f4xx_hal_tim.o(i.HAL_TIM_IC_CaptureCallback)
    i.HAL_TIM_IC_ConfigChannel               0x080011c8   Section        0  stm32f4xx_hal_tim.o(i.HAL_TIM_IC_ConfigChannel)
    i.HAL_TIM_IC_Init                        0x080012e6   Section        0  stm32f4xx_hal_tim.o(i.HAL_TIM_IC_Init)
    i.HAL_TIM_IC_MspInit                     0x0800131c   Section        0  tim.o(i.HAL_TIM_IC_MspInit)
    i.HAL_TIM_IRQHandler                     0x08001394   Section        0  stm32f4xx_hal_tim.o(i.HAL_TIM_IRQHandler)
    i.HAL_TIM_MspPostInit                    0x080014fc   Section        0  tim.o(i.HAL_TIM_MspPostInit)
    i.HAL_TIM_OC_DelayElapsedCallback        0x0800154c   Section        0  stm32f4xx_hal_tim.o(i.HAL_TIM_OC_DelayElapsedCallback)
    i.HAL_TIM_PWM_ConfigChannel              0x0800154e   Section        0  stm32f4xx_hal_tim.o(i.HAL_TIM_PWM_ConfigChannel)
    i.HAL_TIM_PWM_Init                       0x0800161e   Section        0  stm32f4xx_hal_tim.o(i.HAL_TIM_PWM_Init)
    i.HAL_TIM_PWM_MspInit                    0x08001654   Section        0  stm32f4xx_hal_tim.o(i.HAL_TIM_PWM_MspInit)
    i.HAL_TIM_PWM_PulseFinishedCallback      0x08001656   Section        0  stm32f4xx_hal_tim.o(i.HAL_TIM_PWM_PulseFinishedCallback)
    i.HAL_TIM_PeriodElapsedCallback          0x08001658   Section        0  stm32f4xx_hal_tim.o(i.HAL_TIM_PeriodElapsedCallback)
    i.HAL_TIM_TriggerCallback                0x0800165a   Section        0  stm32f4xx_hal_tim.o(i.HAL_TIM_TriggerCallback)
    i.HAL_UART_Init                          0x0800165c   Section        0  stm32f4xx_hal_uart.o(i.HAL_UART_Init)
    i.HAL_UART_MspInit                       0x080016c0   Section        0  usart.o(i.HAL_UART_MspInit)
    i.HardFault_Handler                      0x08001728   Section        0  stm32f4xx_it.o(i.HardFault_Handler)
    i.LCD_Begin                              0x0800172c   Section        0  mcufriend_kbv.o(i.LCD_Begin)
    i.LCD_Color565                           0x08001abc   Section        0  mcufriend_kbv.o(i.LCD_Color565)
    i.LCD_DrawChar                           0x08001ad0   Section        0  mcufriend_kbv.o(i.LCD_DrawChar)
    i.LCD_DrawCircle                         0x08001b7c   Section        0  mcufriend_kbv.o(i.LCD_DrawCircle)
    i.LCD_DrawFastHLine                      0x08001c78   Section        0  mcufriend_kbv.o(i.LCD_DrawFastHLine)
    i.LCD_DrawFastVLine                      0x08001c84   Section        0  mcufriend_kbv.o(i.LCD_DrawFastVLine)
    i.LCD_DrawPixel                          0x08001c94   Section        0  mcufriend_kbv.o(i.LCD_DrawPixel)
    i.LCD_DrawRect                           0x08001ce4   Section        0  mcufriend_kbv.o(i.LCD_DrawRect)
    i.LCD_FillRect                           0x08001d2c   Section        0  mcufriend_kbv.o(i.LCD_FillRect)
    i.LCD_FillScreen                         0x08002030   Section        0  mcufriend_kbv.o(i.LCD_FillScreen)
    i.LCD_InvertDisplay                      0x0800204c   Section        0  mcufriend_kbv.o(i.LCD_InvertDisplay)
    i.LCD_Printf                             0x08002104   Section        0  mcufriend_kbv.o(i.LCD_Printf)
    i.LCD_PushCommand                        0x0800217c   Section        0  mcufriend_kbv.o(i.LCD_PushCommand)
    i.LCD_ReadGRAM                           0x08002188   Section        0  mcufriend_kbv.o(i.LCD_ReadGRAM)
    i.LCD_ReadID                             0x080028d8   Section        0  mcufriend_kbv.o(i.LCD_ReadID)
    i.LCD_ReadPixel                          0x08002a54   Section        0  mcufriend_kbv.o(i.LCD_ReadPixel)
    i.LCD_ReadReg                            0x08002a68   Section        0  mcufriend_kbv.o(i.LCD_ReadReg)
    i.LCD_ReadReg32                          0x08002c0c   Section        0  mcufriend_kbv.o(i.LCD_ReadReg32)
    i.LCD_ReadReg40                          0x08002c26   Section        0  mcufriend_kbv.o(i.LCD_ReadReg40)
    i.LCD_Reset                              0x08002c54   Section        0  mcufriend_kbv.o(i.LCD_Reset)
    i.LCD_SetAddrWindow                      0x08002d18   Section        0  mcufriend_kbv.o(i.LCD_SetAddrWindow)
    i.LCD_SetRotation                        0x08002e5c   Section        0  mcufriend_kbv.o(i.LCD_SetRotation)
    i.LCD_VertScroll                         0x08003180   Section        0  mcufriend_kbv.o(i.LCD_VertScroll)
    i.LCD_WriteCmdData                       0x080032fc   Section        0  mcufriend_kbv.o(i.LCD_WriteCmdData)
    i.MX_GPIO_Init                           0x08003300   Section        0  gpio.o(i.MX_GPIO_Init)
    i.MX_TIM2_Init                           0x080033b8   Section        0  tim.o(i.MX_TIM2_Init)
    i.MX_TIM3_Init                           0x08003454   Section        0  tim.o(i.MX_TIM3_Init)
    i.MX_USART2_UART_Init                    0x080034c4   Section        0  usart.o(i.MX_USART2_UART_Init)
    i.MemManage_Handler                      0x080034fc   Section        0  stm32f4xx_it.o(i.MemManage_Handler)
    i.NMI_Handler                            0x080034fe   Section        0  stm32f4xx_it.o(i.NMI_Handler)
    i.PendSV_Handler                         0x08003500   Section        0  stm32f4xx_it.o(i.PendSV_Handler)
    i.SVC_Handler                            0x08003502   Section        0  stm32f4xx_it.o(i.SVC_Handler)
    i.SysTick_Handler                        0x08003504   Section        0  stm32f4xx_it.o(i.SysTick_Handler)
    i.SystemClock_Config                     0x08003514   Section        0  main.o(i.SystemClock_Config)
    i.SystemInit                             0x0800359c   Section        0  system_stm32f4xx.o(i.SystemInit)
    i.TIM3_IRQHandler                        0x080035b8   Section        0  stm32f4xx_it.o(i.TIM3_IRQHandler)
    i.TIM_Base_SetConfig                     0x080035c4   Section        0  stm32f4xx_hal_tim.o(i.TIM_Base_SetConfig)
    i.TIM_ETR_SetConfig                      0x0800368c   Section        0  stm32f4xx_hal_tim.o(i.TIM_ETR_SetConfig)
    i.TIM_ITRx_SetConfig                     0x080036a0   Section        0  stm32f4xx_hal_tim.o(i.TIM_ITRx_SetConfig)
    TIM_ITRx_SetConfig                       0x080036a1   Thumb Code    16  stm32f4xx_hal_tim.o(i.TIM_ITRx_SetConfig)
    i.TIM_OC1_SetConfig                      0x080036b0   Section        0  stm32f4xx_hal_tim.o(i.TIM_OC1_SetConfig)
    TIM_OC1_SetConfig                        0x080036b1   Thumb Code    88  stm32f4xx_hal_tim.o(i.TIM_OC1_SetConfig)
    i.TIM_OC2_SetConfig                      0x08003710   Section        0  stm32f4xx_hal_tim.o(i.TIM_OC2_SetConfig)
    i.TIM_OC3_SetConfig                      0x0800377c   Section        0  stm32f4xx_hal_tim.o(i.TIM_OC3_SetConfig)
    TIM_OC3_SetConfig                        0x0800377d   Thumb Code    96  stm32f4xx_hal_tim.o(i.TIM_OC3_SetConfig)
    i.TIM_OC4_SetConfig                      0x080037e4   Section        0  stm32f4xx_hal_tim.o(i.TIM_OC4_SetConfig)
    TIM_OC4_SetConfig                        0x080037e5   Thumb Code    70  stm32f4xx_hal_tim.o(i.TIM_OC4_SetConfig)
    i.TIM_TI1_ConfigInputStage               0x08003834   Section        0  stm32f4xx_hal_tim.o(i.TIM_TI1_ConfigInputStage)
    TIM_TI1_ConfigInputStage                 0x08003835   Thumb Code    34  stm32f4xx_hal_tim.o(i.TIM_TI1_ConfigInputStage)
    i.TIM_TI1_SetConfig                      0x08003858   Section        0  stm32f4xx_hal_tim.o(i.TIM_TI1_SetConfig)
    i.TIM_TI2_ConfigInputStage               0x080038d8   Section        0  stm32f4xx_hal_tim.o(i.TIM_TI2_ConfigInputStage)
    TIM_TI2_ConfigInputStage                 0x080038d9   Thumb Code    36  stm32f4xx_hal_tim.o(i.TIM_TI2_ConfigInputStage)
    i.TIM_TI2_SetConfig                      0x080038fc   Section        0  stm32f4xx_hal_tim.o(i.TIM_TI2_SetConfig)
    TIM_TI2_SetConfig                        0x080038fd   Thumb Code    54  stm32f4xx_hal_tim.o(i.TIM_TI2_SetConfig)
    i.UART_SetConfig                         0x08003934   Section        0  stm32f4xx_hal_uart.o(i.UART_SetConfig)
    UART_SetConfig                           0x08003935   Thumb Code   286  stm32f4xx_hal_uart.o(i.UART_SetConfig)
    i.UsageFault_Handler                     0x08003a5c   Section        0  stm32f4xx_it.o(i.UsageFault_Handler)
    i.WriteCmdParam4                         0x08003a5e   Section        0  mcufriend_kbv.o(i.WriteCmdParam4)
    WriteCmdParam4                           0x08003a5f   Thumb Code    30  mcufriend_kbv.o(i.WriteCmdParam4)
    i.WriteCmdParamN                         0x08003a7c   Section        0  mcufriend_kbv.o(i.WriteCmdParamN)
    WriteCmdParamN                           0x08003a7d   Thumb Code   764  mcufriend_kbv.o(i.WriteCmdParamN)
    i.__0vsprintf                            0x08003d88   Section        0  printfa.o(i.__0vsprintf)
    i.__NVIC_SetPriority                     0x08003dac   Section        0  stm32f4xx_hal_cortex.o(i.__NVIC_SetPriority)
    __NVIC_SetPriority                       0x08003dad   Thumb Code    32  stm32f4xx_hal_cortex.o(i.__NVIC_SetPriority)
    i.__scatterload_copy                     0x08003dcc   Section       14  handlers.o(i.__scatterload_copy)
    i.__scatterload_null                     0x08003dda   Section        2  handlers.o(i.__scatterload_null)
    i.__scatterload_zeroinit                 0x08003ddc   Section       14  handlers.o(i.__scatterload_zeroinit)
    i._fp_digits                             0x08003dec   Section        0  printfa.o(i._fp_digits)
    _fp_digits                               0x08003ded   Thumb Code   366  printfa.o(i._fp_digits)
    i._printf_core                           0x08003f70   Section        0  printfa.o(i._printf_core)
    _printf_core                             0x08003f71   Thumb Code  1744  printfa.o(i._printf_core)
    i._printf_post_padding                   0x0800464c   Section        0  printfa.o(i._printf_post_padding)
    _printf_post_padding                     0x0800464d   Thumb Code    36  printfa.o(i._printf_post_padding)
    i._printf_pre_padding                    0x08004670   Section        0  printfa.o(i._printf_pre_padding)
    _printf_pre_padding                      0x08004671   Thumb Code    46  printfa.o(i._printf_pre_padding)
    i._sputc                                 0x0800469e   Section        0  printfa.o(i._sputc)
    _sputc                                   0x0800469f   Thumb Code    10  printfa.o(i._sputc)
    i.color565_to_555                        0x080046a8   Section        0  mcufriend_kbv.o(i.color565_to_555)
    color565_to_555                          0x080046a9   Thumb Code    20  mcufriend_kbv.o(i.color565_to_555)
    i.delay                                  0x080046bc   Section        0  mcufriend_kbv.o(i.delay)
    i.init_table                             0x080046dc   Section        0  mcufriend_kbv.o(i.init_table)
    init_table                               0x080046dd   Thumb Code    78  mcufriend_kbv.o(i.init_table)
    i.init_table16                           0x0800472a   Section        0  mcufriend_kbv.o(i.init_table16)
    init_table16                             0x0800472b   Thumb Code    46  mcufriend_kbv.o(i.init_table16)
    i.main                                   0x08004758   Section        0  main.o(i.main)
    i.read16bits                             0x080047cc   Section        0  mcufriend_kbv.o(i.read16bits)
    read16bits                               0x080047cd   Thumb Code   238  mcufriend_kbv.o(i.read16bits)
    i.writecmddata                           0x080048c8   Section        0  mcufriend_kbv.o(i.writecmddata)
    writecmddata                             0x080048c9   Thumb Code   474  mcufriend_kbv.o(i.writecmddata)
    .constdata                               0x08004ab0   Section     2345  mcufriend_kbv.o(.constdata)
    NT35310_regValues                        0x08004ab0   Data           2  mcufriend_kbv.o(.constdata)
    HX8357C_regValues                        0x08004ab2   Data           2  mcufriend_kbv.o(.constdata)
    R61511_regValues                         0x08004ab4   Data           3  mcufriend_kbv.o(.constdata)
    RM68140_regValues_max                    0x08004ab7   Data           3  mcufriend_kbv.o(.constdata)
    ILI9329_regValues                        0x08004aba   Data           3  mcufriend_kbv.o(.constdata)
    R61520_regValues                         0x08004abd   Data           6  mcufriend_kbv.o(.constdata)
    wake_on                                  0x08004ac3   Data           6  mcufriend_kbv.o(.constdata)
    font                                     0x08004ac9   Data         640  mcufriend_kbv.o(.constdata)
    S6D0154_regValues                        0x08004d4a   Data         156  mcufriend_kbv.o(.constdata)
    R61526_regValues                         0x08004de6   Data          12  mcufriend_kbv.o(.constdata)
    LGDP4535_regValues                       0x08004df2   Data         156  mcufriend_kbv.o(.constdata)
    ST7781_regValues                         0x08004e8e   Data         144  mcufriend_kbv.o(.constdata)
    ST7789_regValues                         0x08004f1e   Data          65  mcufriend_kbv.o(.constdata)
    FK8031_regValues                         0x08004f5f   Data          18  mcufriend_kbv.o(.constdata)
    HX8357_99_regValues                      0x08004f71   Data          29  mcufriend_kbv.o(.constdata)
    ILI9327_regValues                        0x08004f8e   Data          30  mcufriend_kbv.o(.constdata)
    ILI9341_regValues_2_4                    0x08004fac   Data         101  mcufriend_kbv.o(.constdata)
    ILI9486_regValues                        0x08005011   Data          59  mcufriend_kbv.o(.constdata)
    R61505V_regValues                        0x0800504c   Data         176  mcufriend_kbv.o(.constdata)
    R61509V_regValues                        0x080050fc   Data         192  mcufriend_kbv.o(.constdata)
    ILI9320_regValues                        0x080051bc   Data         216  mcufriend_kbv.o(.constdata)
    ILI9325_regValues                        0x08005294   Data         204  mcufriend_kbv.o(.constdata)
    ILI9481_regValues                        0x08005360   Data          69  mcufriend_kbv.o(.constdata)
    ILI9488_regValues_max                    0x080053a5   Data          43  mcufriend_kbv.o(.constdata)
    reset_off                                0x080053d0   Data           9  mcufriend_kbv.o(.constdata)
    .constdata                               0x080053d9   Section       16  system_stm32f4xx.o(.constdata)
    .constdata                               0x080053e9   Section        8  system_stm32f4xx.o(.constdata)
    .data                                    0x20000000   Section       48  mcufriend_kbv.o(.data)
    done_reset                               0x20000004   Data           1  mcufriend_kbv.o(.data)
    is8347                                   0x20000005   Data           1  mcufriend_kbv.o(.data)
    is555                                    0x20000006   Data           1  mcufriend_kbv.o(.data)
    .data                                    0x20000030   Section       12  stm32f4xx_hal.o(.data)
    .data                                    0x2000003c   Section        4  system_stm32f4xx.o(.data)
    .bss                                     0x20000040   Section      128  tim.o(.bss)
    .bss                                     0x200000c0   Section       64  usart.o(.bss)
    .bss                                     0x20000100   Section      256  mcufriend_kbv.o(.bss)
    buf                                      0x20000100   Data         256  mcufriend_kbv.o(.bss)
    STACK                                    0x20000200   Section     1024  startup_stm32f446xx.o(STACK)

    Global Symbols

    Symbol Name                              Value     Ov Type        Size  Object(Section)

    BuildAttributes$$THM_ISAv4$E$P$D$K$B$S$7EM$VFPi3$EXTD16$VFPS$VFMA$PE$A:L22UL41UL21$X:L11$S22US41US21$IEEE1$IW$USESV6$~STKCKD$USESV7$~SHL$OSPACE$ROPI$EBA8$MICROLIB$REQ8$PRES8$EABIv2 0x00000000   Number         0  anon$$obj.o ABSOLUTE
    __ARM_use_no_argv                        0x00000000   Number         0  main.o ABSOLUTE
    __cpp_initialize__aeabi_                  - Undefined Weak Reference
    __cxa_finalize                            - Undefined Weak Reference
    __decompress                              - Undefined Weak Reference
    _clock_init                               - Undefined Weak Reference
    _microlib_exit                            - Undefined Weak Reference
    __Vectors_Size                           0x000001c4   Number         0  startup_stm32f446xx.o ABSOLUTE
    __Vectors                                0x08000000   Data           4  startup_stm32f446xx.o(RESET)
    __Vectors_End                            0x080001c4   Data           0  startup_stm32f446xx.o(RESET)
    __main                                   0x080001c5   Thumb Code     0  entry.o(.ARM.Collect$$$$00000000)
    _main_stk                                0x080001c5   Thumb Code     0  entry2.o(.ARM.Collect$$$$00000001)
    _main_scatterload                        0x080001c9   Thumb Code     0  entry5.o(.ARM.Collect$$$$00000004)
    __main_after_scatterload                 0x080001cd   Thumb Code     0  entry5.o(.ARM.Collect$$$$00000004)
    _main_clock                              0x080001cd   Thumb Code     0  entry7b.o(.ARM.Collect$$$$00000008)
    _main_cpp_init                           0x080001cd   Thumb Code     0  entry8b.o(.ARM.Collect$$$$0000000A)
    _main_init                               0x080001cd   Thumb Code     0  entry9a.o(.ARM.Collect$$$$0000000B)
    __rt_final_cpp                           0x080001d5   Thumb Code     0  entry10a.o(.ARM.Collect$$$$0000000D)
    __rt_final_exit                          0x080001d5   Thumb Code     0  entry11a.o(.ARM.Collect$$$$0000000F)
    Reset_Handler                            0x080001d9   Thumb Code     8  startup_stm32f446xx.o(.text)
    ADC_IRQHandler                           0x080001f3   Thumb Code     0  startup_stm32f446xx.o(.text)
    CAN1_RX0_IRQHandler                      0x080001f3   Thumb Code     0  startup_stm32f446xx.o(.text)
    CAN1_RX1_IRQHandler                      0x080001f3   Thumb Code     0  startup_stm32f446xx.o(.text)
    CAN1_SCE_IRQHandler                      0x080001f3   Thumb Code     0  startup_stm32f446xx.o(.text)
    CAN1_TX_IRQHandler                       0x080001f3   Thumb Code     0  startup_stm32f446xx.o(.text)
    CAN2_RX0_IRQHandler                      0x080001f3   Thumb Code     0  startup_stm32f446xx.o(.text)
    CAN2_RX1_IRQHandler                      0x080001f3   Thumb Code     0  startup_stm32f446xx.o(.text)
    CAN2_SCE_IRQHandler                      0x080001f3   Thumb Code     0  startup_stm32f446xx.o(.text)
    CAN2_TX_IRQHandler                       0x080001f3   Thumb Code     0  startup_stm32f446xx.o(.text)
    CEC_IRQHandler                           0x080001f3   Thumb Code     0  startup_stm32f446xx.o(.text)
    DCMI_IRQHandler                          0x080001f3   Thumb Code     0  startup_stm32f446xx.o(.text)
    DMA1_Stream0_IRQHandler                  0x080001f3   Thumb Code     0  startup_stm32f446xx.o(.text)
    DMA1_Stream1_IRQHandler                  0x080001f3   Thumb Code     0  startup_stm32f446xx.o(.text)
    DMA1_Stream2_IRQHandler                  0x080001f3   Thumb Code     0  startup_stm32f446xx.o(.text)
    DMA1_Stream3_IRQHandler                  0x080001f3   Thumb Code     0  startup_stm32f446xx.o(.text)
    DMA1_Stream4_IRQHandler                  0x080001f3   Thumb Code     0  startup_stm32f446xx.o(.text)
    DMA1_Stream5_IRQHandler                  0x080001f3   Thumb Code     0  startup_stm32f446xx.o(.text)
    DMA1_Stream6_IRQHandler                  0x080001f3   Thumb Code     0  startup_stm32f446xx.o(.text)
    DMA1_Stream7_IRQHandler                  0x080001f3   Thumb Code     0  startup_stm32f446xx.o(.text)
    DMA2_Stream0_IRQHandler                  0x080001f3   Thumb Code     0  startup_stm32f446xx.o(.text)
    DMA2_Stream1_IRQHandler                  0x080001f3   Thumb Code     0  startup_stm32f446xx.o(.text)
    DMA2_Stream2_IRQHandler                  0x080001f3   Thumb Code     0  startup_stm32f446xx.o(.text)
    DMA2_Stream3_IRQHandler                  0x080001f3   Thumb Code     0  startup_stm32f446xx.o(.text)
    DMA2_Stream4_IRQHandler                  0x080001f3   Thumb Code     0  startup_stm32f446xx.o(.text)
    DMA2_Stream5_IRQHandler                  0x080001f3   Thumb Code     0  startup_stm32f446xx.o(.text)
    DMA2_Stream6_IRQHandler                  0x080001f3   Thumb Code     0  startup_stm32f446xx.o(.text)
    DMA2_Stream7_IRQHandler                  0x080001f3   Thumb Code     0  startup_stm32f446xx.o(.text)
    EXTI0_IRQHandler                         0x080001f3   Thumb Code     0  startup_stm32f446xx.o(.text)
    EXTI15_10_IRQHandler                     0x080001f3   Thumb Code     0  startup_stm32f446xx.o(.text)
    EXTI1_IRQHandler                         0x080001f3   Thumb Code     0  startup_stm32f446xx.o(.text)
    EXTI2_IRQHandler                         0x080001f3   Thumb Code     0  startup_stm32f446xx.o(.text)
    EXTI3_IRQHandler                         0x080001f3   Thumb Code     0  startup_stm32f446xx.o(.text)
    EXTI4_IRQHandler                         0x080001f3   Thumb Code     0  startup_stm32f446xx.o(.text)
    EXTI9_5_IRQHandler                       0x080001f3   Thumb Code     0  startup_stm32f446xx.o(.text)
    FLASH_IRQHandler                         0x080001f3   Thumb Code     0  startup_stm32f446xx.o(.text)
    FMC_IRQHandler                           0x080001f3   Thumb Code     0  startup_stm32f446xx.o(.text)
    FMPI2C1_ER_IRQHandler                    0x080001f3   Thumb Code     0  startup_stm32f446xx.o(.text)
    FMPI2C1_EV_IRQHandler                    0x080001f3   Thumb Code     0  startup_stm32f446xx.o(.text)
    FPU_IRQHandler                           0x080001f3   Thumb Code     0  startup_stm32f446xx.o(.text)
    I2C1_ER_IRQHandler                       0x080001f3   Thumb Code     0  startup_stm32f446xx.o(.text)
    I2C1_EV_IRQHandler                       0x080001f3   Thumb Code     0  startup_stm32f446xx.o(.text)
    I2C2_ER_IRQHandler                       0x080001f3   Thumb Code     0  startup_stm32f446xx.o(.text)
    I2C2_EV_IRQHandler                       0x080001f3   Thumb Code     0  startup_stm32f446xx.o(.text)
    I2C3_ER_IRQHandler                       0x080001f3   Thumb Code     0  startup_stm32f446xx.o(.text)
    I2C3_EV_IRQHandler                       0x080001f3   Thumb Code     0  startup_stm32f446xx.o(.text)
    OTG_FS_IRQHandler                        0x080001f3   Thumb Code     0  startup_stm32f446xx.o(.text)
    OTG_FS_WKUP_IRQHandler                   0x080001f3   Thumb Code     0  startup_stm32f446xx.o(.text)
    OTG_HS_EP1_IN_IRQHandler                 0x080001f3   Thumb Code     0  startup_stm32f446xx.o(.text)
    OTG_HS_EP1_OUT_IRQHandler                0x080001f3   Thumb Code     0  startup_stm32f446xx.o(.text)
    OTG_HS_IRQHandler                        0x080001f3   Thumb Code     0  startup_stm32f446xx.o(.text)
    OTG_HS_WKUP_IRQHandler                   0x080001f3   Thumb Code     0  startup_stm32f446xx.o(.text)
    PVD_IRQHandler                           0x080001f3   Thumb Code     0  startup_stm32f446xx.o(.text)
    QUADSPI_IRQHandler                       0x080001f3   Thumb Code     0  startup_stm32f446xx.o(.text)
    RCC_IRQHandler                           0x080001f3   Thumb Code     0  startup_stm32f446xx.o(.text)
    RTC_Alarm_IRQHandler                     0x080001f3   Thumb Code     0  startup_stm32f446xx.o(.text)
    RTC_WKUP_IRQHandler                      0x080001f3   Thumb Code     0  startup_stm32f446xx.o(.text)
    SAI1_IRQHandler                          0x080001f3   Thumb Code     0  startup_stm32f446xx.o(.text)
    SAI2_IRQHandler                          0x080001f3   Thumb Code     0  startup_stm32f446xx.o(.text)
    SDIO_IRQHandler                          0x080001f3   Thumb Code     0  startup_stm32f446xx.o(.text)
    SPDIF_RX_IRQHandler                      0x080001f3   Thumb Code     0  startup_stm32f446xx.o(.text)
    SPI1_IRQHandler                          0x080001f3   Thumb Code     0  startup_stm32f446xx.o(.text)
    SPI2_IRQHandler                          0x080001f3   Thumb Code     0  startup_stm32f446xx.o(.text)
    SPI3_IRQHandler                          0x080001f3   Thumb Code     0  startup_stm32f446xx.o(.text)
    SPI4_IRQHandler                          0x080001f3   Thumb Code     0  startup_stm32f446xx.o(.text)
    TAMP_STAMP_IRQHandler                    0x080001f3   Thumb Code     0  startup_stm32f446xx.o(.text)
    TIM1_BRK_TIM9_IRQHandler                 0x080001f3   Thumb Code     0  startup_stm32f446xx.o(.text)
    TIM1_CC_IRQHandler                       0x080001f3   Thumb Code     0  startup_stm32f446xx.o(.text)
    TIM1_TRG_COM_TIM11_IRQHandler            0x080001f3   Thumb Code     0  startup_stm32f446xx.o(.text)
    TIM1_UP_TIM10_IRQHandler                 0x080001f3   Thumb Code     0  startup_stm32f446xx.o(.text)
    TIM2_IRQHandler                          0x080001f3   Thumb Code     0  startup_stm32f446xx.o(.text)
    TIM4_IRQHandler                          0x080001f3   Thumb Code     0  startup_stm32f446xx.o(.text)
    TIM5_IRQHandler                          0x080001f3   Thumb Code     0  startup_stm32f446xx.o(.text)
    TIM6_DAC_IRQHandler                      0x080001f3   Thumb Code     0  startup_stm32f446xx.o(.text)
    TIM7_IRQHandler                          0x080001f3   Thumb Code     0  startup_stm32f446xx.o(.text)
    TIM8_BRK_TIM12_IRQHandler                0x080001f3   Thumb Code     0  startup_stm32f446xx.o(.text)
    TIM8_CC_IRQHandler                       0x080001f3   Thumb Code     0  startup_stm32f446xx.o(.text)
    TIM8_TRG_COM_TIM14_IRQHandler            0x080001f3   Thumb Code     0  startup_stm32f446xx.o(.text)
    TIM8_UP_TIM13_IRQHandler                 0x080001f3   Thumb Code     0  startup_stm32f446xx.o(.text)
    UART4_IRQHandler                         0x080001f3   Thumb Code     0  startup_stm32f446xx.o(.text)
    UART5_IRQHandler                         0x080001f3   Thumb Code     0  startup_stm32f446xx.o(.text)
    USART1_IRQHandler                        0x080001f3   Thumb Code     0  startup_stm32f446xx.o(.text)
    USART2_IRQHandler                        0x080001f3   Thumb Code     0  startup_stm32f446xx.o(.text)
    USART3_IRQHandler                        0x080001f3   Thumb Code     0  startup_stm32f446xx.o(.text)
    USART6_IRQHandler                        0x080001f3   Thumb Code     0  startup_stm32f446xx.o(.text)
    WWDG_IRQHandler                          0x080001f3   Thumb Code     0  startup_stm32f446xx.o(.text)
    __aeabi_uldivmod                         0x080001fd   Thumb Code    98  uldiv.o(.text)
    __aeabi_memset                           0x0800025f   Thumb Code    14  memseta.o(.text)
    __aeabi_memset4                          0x0800025f   Thumb Code     0  memseta.o(.text)
    __aeabi_memset8                          0x0800025f   Thumb Code     0  memseta.o(.text)
    __aeabi_memclr                           0x0800026d   Thumb Code     4  memseta.o(.text)
    __aeabi_memclr4                          0x0800026d   Thumb Code     0  memseta.o(.text)
    __aeabi_memclr8                          0x0800026d   Thumb Code     0  memseta.o(.text)
    _memset$wrapper                          0x08000271   Thumb Code    18  memseta.o(.text)
    __aeabi_uidiv                            0x08000283   Thumb Code     0  uidiv.o(.text)
    __aeabi_uidivmod                         0x08000283   Thumb Code    44  uidiv.o(.text)
    __aeabi_llsl                             0x080002af   Thumb Code    30  llshl.o(.text)
    _ll_shift_l                              0x080002af   Thumb Code     0  llshl.o(.text)
    __aeabi_llsr                             0x080002cd   Thumb Code    32  llushr.o(.text)
    _ll_ushift_r                             0x080002cd   Thumb Code     0  llushr.o(.text)
    __I$use$fp                               0x080002ed   Thumb Code     0  iusefp.o(.text)
    __aeabi_dadd                             0x080002ed   Thumb Code   322  dadd.o(.text)
    __aeabi_dsub                             0x0800042f   Thumb Code     6  dadd.o(.text)
    __aeabi_drsub                            0x08000435   Thumb Code     6  dadd.o(.text)
    __aeabi_dmul                             0x0800043b   Thumb Code   228  dmul.o(.text)
    __aeabi_ddiv                             0x0800051f   Thumb Code   222  ddiv.o(.text)
    __aeabi_d2ulz                            0x080005fd   Thumb Code    48  dfixul.o(.text)
    __aeabi_cdrcmple                         0x0800062d   Thumb Code    48  cdrcmple.o(.text)
    __scatterload                            0x0800065d   Thumb Code    28  init.o(.text)
    __scatterload_rt2                        0x0800065d   Thumb Code     0  init.o(.text)
    __aeabi_lasr                             0x08000681   Thumb Code    36  llsshr.o(.text)
    _ll_sshift_r                             0x08000681   Thumb Code     0  llsshr.o(.text)
    _double_round                            0x080006a5   Thumb Code    30  depilogue.o(.text)
    _double_epilogue                         0x080006c3   Thumb Code   156  depilogue.o(.text)
    BusFault_Handler                         0x0800075f   Thumb Code     2  stm32f4xx_it.o(i.BusFault_Handler)
    DebugMon_Handler                         0x08000761   Thumb Code     2  stm32f4xx_it.o(i.DebugMon_Handler)
    Error_Handler                            0x08000763   Thumb Code     2  main.o(i.Error_Handler)
    HAL_Delay                                0x08000765   Thumb Code    32  stm32f4xx_hal.o(i.HAL_Delay)
    HAL_GPIO_Init                            0x08000789   Thumb Code   384  stm32f4xx_hal_gpio.o(i.HAL_GPIO_Init)
    HAL_GPIO_WritePin                        0x08000931   Thumb Code    10  stm32f4xx_hal_gpio.o(i.HAL_GPIO_WritePin)
    HAL_GetTick                              0x0800093d   Thumb Code     6  stm32f4xx_hal.o(i.HAL_GetTick)
    HAL_IncTick                              0x08000949   Thumb Code    12  stm32f4xx_hal.o(i.HAL_IncTick)
    HAL_Init                                 0x08000959   Thumb Code    48  stm32f4xx_hal.o(i.HAL_Init)
    HAL_InitTick                             0x0800098d   Thumb Code    54  stm32f4xx_hal.o(i.HAL_InitTick)
    HAL_MspInit                              0x080009cd   Thumb Code    48  stm32f4xx_hal_msp.o(i.HAL_MspInit)
    HAL_NVIC_EnableIRQ                       0x08000a01   Thumb Code    26  stm32f4xx_hal_cortex.o(i.HAL_NVIC_EnableIRQ)
    HAL_NVIC_SetPriority                     0x08000a1d   Thumb Code    60  stm32f4xx_hal_cortex.o(i.HAL_NVIC_SetPriority)
    HAL_NVIC_SetPriorityGrouping             0x08000a5d   Thumb Code    26  stm32f4xx_hal_cortex.o(i.HAL_NVIC_SetPriorityGrouping)
    HAL_RCC_ClockConfig                      0x08000a81   Thumb Code   288  stm32f4xx_hal_rcc.o(i.HAL_RCC_ClockConfig)
    HAL_RCC_GetPCLK1Freq                     0x08000bb5   Thumb Code    20  stm32f4xx_hal_rcc.o(i.HAL_RCC_GetPCLK1Freq)
    HAL_RCC_GetPCLK2Freq                     0x08000bd5   Thumb Code    20  stm32f4xx_hal_rcc.o(i.HAL_RCC_GetPCLK2Freq)
    HAL_RCC_GetSysClockFreq                  0x08000bf5   Thumb Code   140  stm32f4xx_hal_rcc_ex.o(i.HAL_RCC_GetSysClockFreq)
    HAL_RCC_OscConfig                        0x08000c89   Thumb Code   814  stm32f4xx_hal_rcc_ex.o(i.HAL_RCC_OscConfig)
    HAL_SYSTICK_Callback                     0x08000fcd   Thumb Code     2  main.o(i.HAL_SYSTICK_Callback)
    HAL_SYSTICK_Config                       0x08000fcf   Thumb Code    40  stm32f4xx_hal_cortex.o(i.HAL_SYSTICK_Config)
    HAL_SYSTICK_IRQHandler                   0x08000ff7   Thumb Code     8  stm32f4xx_hal_cortex.o(i.HAL_SYSTICK_IRQHandler)
    HAL_TIMEx_BreakCallback                  0x08000fff   Thumb Code     2  stm32f4xx_hal_tim_ex.o(i.HAL_TIMEx_BreakCallback)
    HAL_TIMEx_CommutCallback                 0x08001001   Thumb Code     2  stm32f4xx_hal_tim_ex.o(i.HAL_TIMEx_CommutCallback)
    HAL_TIMEx_MasterConfigSynchronization    0x08001005   Thumb Code   116  stm32f4xx_hal_tim_ex.o(i.HAL_TIMEx_MasterConfigSynchronization)
    HAL_TIM_Base_Init                        0x08001095   Thumb Code    54  stm32f4xx_hal_tim.o(i.HAL_TIM_Base_Init)
    HAL_TIM_Base_MspInit                     0x080010cd   Thumb Code    30  tim.o(i.HAL_TIM_Base_MspInit)
    HAL_TIM_ConfigClockSource                0x080010f1   Thumb Code   214  stm32f4xx_hal_tim.o(i.HAL_TIM_ConfigClockSource)
    HAL_TIM_IC_CaptureCallback               0x080011c7   Thumb Code     2  stm32f4xx_hal_tim.o(i.HAL_TIM_IC_CaptureCallback)
    HAL_TIM_IC_ConfigChannel                 0x080011c9   Thumb Code   286  stm32f4xx_hal_tim.o(i.HAL_TIM_IC_ConfigChannel)
    HAL_TIM_IC_Init                          0x080012e7   Thumb Code    54  stm32f4xx_hal_tim.o(i.HAL_TIM_IC_Init)
    HAL_TIM_IC_MspInit                       0x0800131d   Thumb Code   106  tim.o(i.HAL_TIM_IC_MspInit)
    HAL_TIM_IRQHandler                       0x08001395   Thumb Code   358  stm32f4xx_hal_tim.o(i.HAL_TIM_IRQHandler)
    HAL_TIM_MspPostInit                      0x080014fd   Thumb Code    72  tim.o(i.HAL_TIM_MspPostInit)
    HAL_TIM_OC_DelayElapsedCallback          0x0800154d   Thumb Code     2  stm32f4xx_hal_tim.o(i.HAL_TIM_OC_DelayElapsedCallback)
    HAL_TIM_PWM_ConfigChannel                0x0800154f   Thumb Code   208  stm32f4xx_hal_tim.o(i.HAL_TIM_PWM_ConfigChannel)
    HAL_TIM_PWM_Init                         0x0800161f   Thumb Code    54  stm32f4xx_hal_tim.o(i.HAL_TIM_PWM_Init)
    HAL_TIM_PWM_MspInit                      0x08001655   Thumb Code     2  stm32f4xx_hal_tim.o(i.HAL_TIM_PWM_MspInit)
    HAL_TIM_PWM_PulseFinishedCallback        0x08001657   Thumb Code     2  stm32f4xx_hal_tim.o(i.HAL_TIM_PWM_PulseFinishedCallback)
    HAL_TIM_PeriodElapsedCallback            0x08001659   Thumb Code     2  stm32f4xx_hal_tim.o(i.HAL_TIM_PeriodElapsedCallback)
    HAL_TIM_TriggerCallback                  0x0800165b   Thumb Code     2  stm32f4xx_hal_tim.o(i.HAL_TIM_TriggerCallback)
    HAL_UART_Init                            0x0800165d   Thumb Code    98  stm32f4xx_hal_uart.o(i.HAL_UART_Init)
    HAL_UART_MspInit                         0x080016c1   Thumb Code    92  usart.o(i.HAL_UART_MspInit)
    HardFault_Handler                        0x08001729   Thumb Code     2  stm32f4xx_it.o(i.HardFault_Handler)
    LCD_Begin                                0x0800172d   Thumb Code   882  mcufriend_kbv.o(i.LCD_Begin)
    LCD_Color565                             0x08001abd   Thumb Code    20  mcufriend_kbv.o(i.LCD_Color565)
    LCD_DrawChar                             0x08001ad1   Thumb Code   168  mcufriend_kbv.o(i.LCD_DrawChar)
    LCD_DrawCircle                           0x08001b7d   Thumb Code   252  mcufriend_kbv.o(i.LCD_DrawCircle)
    LCD_DrawFastHLine                        0x08001c79   Thumb Code    12  mcufriend_kbv.o(i.LCD_DrawFastHLine)
    LCD_DrawFastVLine                        0x08001c85   Thumb Code    14  mcufriend_kbv.o(i.LCD_DrawFastVLine)
    LCD_DrawPixel                            0x08001c95   Thumb Code    74  mcufriend_kbv.o(i.LCD_DrawPixel)
    LCD_DrawRect                             0x08001ce5   Thumb Code    70  mcufriend_kbv.o(i.LCD_DrawRect)
    LCD_FillRect                             0x08001d2d   Thumb Code   756  mcufriend_kbv.o(i.LCD_FillRect)
    LCD_FillScreen                           0x08002031   Thumb Code    24  mcufriend_kbv.o(i.LCD_FillScreen)
    LCD_InvertDisplay                        0x0800204d   Thumb Code   180  mcufriend_kbv.o(i.LCD_InvertDisplay)
    LCD_Printf                               0x08002105   Thumb Code   112  mcufriend_kbv.o(i.LCD_Printf)
    LCD_PushCommand                          0x0800217d   Thumb Code    10  mcufriend_kbv.o(i.LCD_PushCommand)
    LCD_ReadGRAM                             0x08002189   Thumb Code  1848  mcufriend_kbv.o(i.LCD_ReadGRAM)
    LCD_ReadID                               0x080028d9   Thumb Code   376  mcufriend_kbv.o(i.LCD_ReadID)
    LCD_ReadPixel                            0x08002a55   Thumb Code    20  mcufriend_kbv.o(i.LCD_ReadPixel)
    LCD_ReadReg                              0x08002a69   Thumb Code   396  mcufriend_kbv.o(i.LCD_ReadReg)
    LCD_ReadReg32                            0x08002c0d   Thumb Code    26  mcufriend_kbv.o(i.LCD_ReadReg32)
    LCD_ReadReg40                            0x08002c27   Thumb Code    44  mcufriend_kbv.o(i.LCD_ReadReg40)
    LCD_Reset                                0x08002c55   Thumb Code   170  mcufriend_kbv.o(i.LCD_Reset)
    LCD_SetAddrWindow                        0x08002d19   Thumb Code   318  mcufriend_kbv.o(i.LCD_SetAddrWindow)
    LCD_SetRotation                          0x08002e5d   Thumb Code   798  mcufriend_kbv.o(i.LCD_SetRotation)
    LCD_VertScroll                           0x08003181   Thumb Code   374  mcufriend_kbv.o(i.LCD_VertScroll)
    LCD_WriteCmdData                         0x080032fd   Thumb Code     4  mcufriend_kbv.o(i.LCD_WriteCmdData)
    MX_GPIO_Init                             0x08003301   Thumb Code   166  gpio.o(i.MX_GPIO_Init)
    MX_TIM2_Init                             0x080033b9   Thumb Code   146  tim.o(i.MX_TIM2_Init)
    MX_TIM3_Init                             0x08003455   Thumb Code   102  tim.o(i.MX_TIM3_Init)
    MX_USART2_UART_Init                      0x080034c5   Thumb Code    48  usart.o(i.MX_USART2_UART_Init)
    MemManage_Handler                        0x080034fd   Thumb Code     2  stm32f4xx_it.o(i.MemManage_Handler)
    NMI_Handler                              0x080034ff   Thumb Code     2  stm32f4xx_it.o(i.NMI_Handler)
    PendSV_Handler                           0x08003501   Thumb Code     2  stm32f4xx_it.o(i.PendSV_Handler)
    SVC_Handler                              0x08003503   Thumb Code     2  stm32f4xx_it.o(i.SVC_Handler)
    SysTick_Handler                          0x08003505   Thumb Code    14  stm32f4xx_it.o(i.SysTick_Handler)
    SystemClock_Config                       0x08003515   Thumb Code   126  main.o(i.SystemClock_Config)
    SystemInit                               0x0800359d   Thumb Code    22  system_stm32f4xx.o(i.SystemInit)
    TIM3_IRQHandler                          0x080035b9   Thumb Code     6  stm32f4xx_it.o(i.TIM3_IRQHandler)
    TIM_Base_SetConfig                       0x080035c5   Thumb Code   156  stm32f4xx_hal_tim.o(i.TIM_Base_SetConfig)
    TIM_ETR_SetConfig                        0x0800368d   Thumb Code    20  stm32f4xx_hal_tim.o(i.TIM_ETR_SetConfig)
    TIM_OC2_SetConfig                        0x08003711   Thumb Code    98  stm32f4xx_hal_tim.o(i.TIM_OC2_SetConfig)
    TIM_TI1_SetConfig                        0x08003859   Thumb Code   100  stm32f4xx_hal_tim.o(i.TIM_TI1_SetConfig)
    UsageFault_Handler                       0x08003a5d   Thumb Code     2  stm32f4xx_it.o(i.UsageFault_Handler)
    __0vsprintf                              0x08003d89   Thumb Code    30  printfa.o(i.__0vsprintf)
    __1vsprintf                              0x08003d89   Thumb Code     0  printfa.o(i.__0vsprintf)
    __2vsprintf                              0x08003d89   Thumb Code     0  printfa.o(i.__0vsprintf)
    __c89vsprintf                            0x08003d89   Thumb Code     0  printfa.o(i.__0vsprintf)
    vsprintf                                 0x08003d89   Thumb Code     0  printfa.o(i.__0vsprintf)
    __scatterload_copy                       0x08003dcd   Thumb Code    14  handlers.o(i.__scatterload_copy)
    __scatterload_null                       0x08003ddb   Thumb Code     2  handlers.o(i.__scatterload_null)
    __scatterload_zeroinit                   0x08003ddd   Thumb Code    14  handlers.o(i.__scatterload_zeroinit)
    delay                                    0x080046bd   Thumb Code    32  mcufriend_kbv.o(i.delay)
    main                                     0x08004759   Thumb Code   102  main.o(i.main)
    AHBPrescTable                            0x080053d9   Data          16  system_stm32f4xx.o(.constdata)
    APBPrescTable                            0x080053e9   Data           8  system_stm32f4xx.o(.constdata)
    Region$$Table$$Base                      0x080053f4   Number         0  anon$$obj.o(Region$$Table)
    Region$$Table$$Limit                     0x08005414   Number         0  anon$$obj.o(Region$$Table)
    textsize_x                               0x20000000   Data           1  mcufriend_kbv.o(.data)
    textsize_y                               0x20000001   Data           1  mcufriend_kbv.o(.data)
    rotation                                 0x20000002   Data           1  mcufriend_kbv.o(.data)
    wrap                                     0x20000003   Data           1  mcufriend_kbv.o(.data)
    WIDTH                                    0x20000008   Data           2  mcufriend_kbv.o(.data)
    HEIGHT                                   0x2000000a   Data           2  mcufriend_kbv.o(.data)
    _width                                   0x2000000c   Data           2  mcufriend_kbv.o(.data)
    _height                                  0x2000000e   Data           2  mcufriend_kbv.o(.data)
    cursor_x                                 0x20000010   Data           2  mcufriend_kbv.o(.data)
    cursor_y                                 0x20000012   Data           2  mcufriend_kbv.o(.data)
    textcolor                                0x20000014   Data           2  mcufriend_kbv.o(.data)
    textbgcolor                              0x20000016   Data           2  mcufriend_kbv.o(.data)
    _lcd_xor                                 0x20000018   Data           2  mcufriend_kbv.o(.data)
    _lcd_capable                             0x2000001a   Data           2  mcufriend_kbv.o(.data)
    _lcd_ID                                  0x2000001c   Data           2  mcufriend_kbv.o(.data)
    _lcd_rev                                 0x2000001e   Data           2  mcufriend_kbv.o(.data)
    _lcd_madctl                              0x20000020   Data           2  mcufriend_kbv.o(.data)
    _MC                                      0x20000022   Data           2  mcufriend_kbv.o(.data)
    _MP                                      0x20000024   Data           2  mcufriend_kbv.o(.data)
    _MW                                      0x20000026   Data           2  mcufriend_kbv.o(.data)
    _SC                                      0x20000028   Data           2  mcufriend_kbv.o(.data)
    _EC                                      0x2000002a   Data           2  mcufriend_kbv.o(.data)
    _SP                                      0x2000002c   Data           2  mcufriend_kbv.o(.data)
    _EP                                      0x2000002e   Data           2  mcufriend_kbv.o(.data)
    uwTickFreq                               0x20000030   Data           1  stm32f4xx_hal.o(.data)
    uwTickPrio                               0x20000034   Data           4  stm32f4xx_hal.o(.data)
    uwTick                                   0x20000038   Data           4  stm32f4xx_hal.o(.data)
    SystemCoreClock                          0x2000003c   Data           4  system_stm32f4xx.o(.data)
    htim2                                    0x20000040   Data          64  tim.o(.bss)
    htim3                                    0x20000080   Data          64  tim.o(.bss)
    huart2                                   0x200000c0   Data          64  usart.o(.bss)
    __initial_sp                             0x20000600   Data           0  startup_stm32f446xx.o(STACK)



==============================================================================

Memory Map of the image

  Image Entry point : 0x080001c5

  Load Region LR_IROM1 (Base: 0x08000000, Size: 0x00005454, Max: 0x00080000, ABSOLUTE)

    Execution Region ER_IROM1 (Exec base: 0x08000000, Load base: 0x08000000, Size: 0x00005414, Max: 0x00080000, ABSOLUTE)

    Exec Addr    Load Addr    Size         Type   Attr      Idx    E Section Name        Object

    0x08000000   0x08000000   0x000001c4   Data   RO            3    RESET               startup_stm32f446xx.o
    0x080001c4   0x080001c4   0x00000000   Code   RO         3246  * .ARM.Collect$$$$00000000  mc_w.l(entry.o)
    0x080001c4   0x080001c4   0x00000004   Code   RO         3281    .ARM.Collect$$$$00000001  mc_w.l(entry2.o)
    0x080001c8   0x080001c8   0x00000004   Code   RO         3284    .ARM.Collect$$$$00000004  mc_w.l(entry5.o)
    0x080001cc   0x080001cc   0x00000000   Code   RO         3286    .ARM.Collect$$$$00000008  mc_w.l(entry7b.o)
    0x080001cc   0x080001cc   0x00000000   Code   RO         3288    .ARM.Collect$$$$0000000A  mc_w.l(entry8b.o)
    0x080001cc   0x080001cc   0x00000008   Code   RO         3289    .ARM.Collect$$$$0000000B  mc_w.l(entry9a.o)
    0x080001d4   0x080001d4   0x00000000   Code   RO         3291    .ARM.Collect$$$$0000000D  mc_w.l(entry10a.o)
    0x080001d4   0x080001d4   0x00000000   Code   RO         3293    .ARM.Collect$$$$0000000F  mc_w.l(entry11a.o)
    0x080001d4   0x080001d4   0x00000004   Code   RO         3282    .ARM.Collect$$$$00002712  mc_w.l(entry2.o)
    0x080001d8   0x080001d8   0x00000024   Code   RO            4    .text               startup_stm32f446xx.o
    0x080001fc   0x080001fc   0x00000062   Code   RO         3249    .text               mc_w.l(uldiv.o)
    0x0800025e   0x0800025e   0x00000024   Code   RO         3251    .text               mc_w.l(memseta.o)
    0x08000282   0x08000282   0x0000002c   Code   RO         3296    .text               mc_w.l(uidiv.o)
    0x080002ae   0x080002ae   0x0000001e   Code   RO         3298    .text               mc_w.l(llshl.o)
    0x080002cc   0x080002cc   0x00000020   Code   RO         3300    .text               mc_w.l(llushr.o)
    0x080002ec   0x080002ec   0x00000000   Code   RO         3302    .text               mc_w.l(iusefp.o)
    0x080002ec   0x080002ec   0x0000014e   Code   RO         3303    .text               mf_w.l(dadd.o)
    0x0800043a   0x0800043a   0x000000e4   Code   RO         3305    .text               mf_w.l(dmul.o)
    0x0800051e   0x0800051e   0x000000de   Code   RO         3307    .text               mf_w.l(ddiv.o)
    0x080005fc   0x080005fc   0x00000030   Code   RO         3309    .text               mf_w.l(dfixul.o)
    0x0800062c   0x0800062c   0x00000030   Code   RO         3311    .text               mf_w.l(cdrcmple.o)
    0x0800065c   0x0800065c   0x00000024   Code   RO         3313    .text               mc_w.l(init.o)
    0x08000680   0x08000680   0x00000024   Code   RO         3315    .text               mc_w.l(llsshr.o)
    0x080006a4   0x080006a4   0x000000ba   Code   RO         3317    .text               mf_w.l(depilogue.o)
    0x0800075e   0x0800075e   0x00000002   Code   RO          325    i.BusFault_Handler  stm32f4xx_it.o
    0x08000760   0x08000760   0x00000002   Code   RO          326    i.DebugMon_Handler  stm32f4xx_it.o
    0x08000762   0x08000762   0x00000002   Code   RO           13    i.Error_Handler     main.o
    0x08000764   0x08000764   0x00000024   Code   RO         2634    i.HAL_Delay         stm32f4xx_hal.o
    0x08000788   0x08000788   0x000001a8   Code   RO         2090    i.HAL_GPIO_Init     stm32f4xx_hal_gpio.o
    0x08000930   0x08000930   0x0000000a   Code   RO         2094    i.HAL_GPIO_WritePin  stm32f4xx_hal_gpio.o
    0x0800093a   0x0800093a   0x00000002   PAD
    0x0800093c   0x0800093c   0x0000000c   Code   RO         2640    i.HAL_GetTick       stm32f4xx_hal.o
    0x08000948   0x08000948   0x00000010   Code   RO         2646    i.HAL_IncTick       stm32f4xx_hal.o
    0x08000958   0x08000958   0x00000034   Code   RO         2647    i.HAL_Init          stm32f4xx_hal.o
    0x0800098c   0x0800098c   0x00000040   Code   RO         2648    i.HAL_InitTick      stm32f4xx_hal.o
    0x080009cc   0x080009cc   0x00000034   Code   RO          407    i.HAL_MspInit       stm32f4xx_hal_msp.o
    0x08000a00   0x08000a00   0x0000001a   Code   RO         2497    i.HAL_NVIC_EnableIRQ  stm32f4xx_hal_cortex.o
    0x08000a1a   0x08000a1a   0x00000002   PAD
    0x08000a1c   0x08000a1c   0x00000040   Code   RO         2503    i.HAL_NVIC_SetPriority  stm32f4xx_hal_cortex.o
    0x08000a5c   0x08000a5c   0x00000024   Code   RO         2504    i.HAL_NVIC_SetPriorityGrouping  stm32f4xx_hal_cortex.o
    0x08000a80   0x08000a80   0x00000134   Code   RO         1652    i.HAL_RCC_ClockConfig  stm32f4xx_hal_rcc.o
    0x08000bb4   0x08000bb4   0x00000020   Code   RO         1659    i.HAL_RCC_GetPCLK1Freq  stm32f4xx_hal_rcc.o
    0x08000bd4   0x08000bd4   0x00000020   Code   RO         1660    i.HAL_RCC_GetPCLK2Freq  stm32f4xx_hal_rcc.o
    0x08000bf4   0x08000bf4   0x00000094   Code   RO         1763    i.HAL_RCC_GetSysClockFreq  stm32f4xx_hal_rcc_ex.o
    0x08000c88   0x08000c88   0x00000344   Code   RO         1764    i.HAL_RCC_OscConfig  stm32f4xx_hal_rcc_ex.o
    0x08000fcc   0x08000fcc   0x00000002   Code   RO           14    i.HAL_SYSTICK_Callback  main.o
    0x08000fce   0x08000fce   0x00000028   Code   RO         2508    i.HAL_SYSTICK_Config  stm32f4xx_hal_cortex.o
    0x08000ff6   0x08000ff6   0x00000008   Code   RO         2509    i.HAL_SYSTICK_IRQHandler  stm32f4xx_hal_cortex.o
    0x08000ffe   0x08000ffe   0x00000002   Code   RO         1400    i.HAL_TIMEx_BreakCallback  stm32f4xx_hal_tim_ex.o
    0x08001000   0x08001000   0x00000002   Code   RO         1401    i.HAL_TIMEx_CommutCallback  stm32f4xx_hal_tim_ex.o
    0x08001002   0x08001002   0x00000002   PAD
    0x08001004   0x08001004   0x00000090   Code   RO         1418    i.HAL_TIMEx_MasterConfigSynchronization  stm32f4xx_hal_tim_ex.o
    0x08001094   0x08001094   0x00000036   Code   RO          725    i.HAL_TIM_Base_Init  stm32f4xx_hal_tim.o
    0x080010ca   0x080010ca   0x00000002   PAD
    0x080010cc   0x080010cc   0x00000024   Code   RO          218    i.HAL_TIM_Base_MspInit  tim.o
    0x080010f0   0x080010f0   0x000000d6   Code   RO          734    i.HAL_TIM_ConfigClockSource  stm32f4xx_hal_tim.o
    0x080011c6   0x080011c6   0x00000002   Code   RO          754    i.HAL_TIM_IC_CaptureCallback  stm32f4xx_hal_tim.o
    0x080011c8   0x080011c8   0x0000011e   Code   RO          756    i.HAL_TIM_IC_ConfigChannel  stm32f4xx_hal_tim.o
    0x080012e6   0x080012e6   0x00000036   Code   RO          759    i.HAL_TIM_IC_Init   stm32f4xx_hal_tim.o
    0x0800131c   0x0800131c   0x00000078   Code   RO          220    i.HAL_TIM_IC_MspInit  tim.o
    0x08001394   0x08001394   0x00000166   Code   RO          768    i.HAL_TIM_IRQHandler  stm32f4xx_hal_tim.o
    0x080014fa   0x080014fa   0x00000002   PAD
    0x080014fc   0x080014fc   0x00000050   Code   RO          221    i.HAL_TIM_MspPostInit  tim.o
    0x0800154c   0x0800154c   0x00000002   Code   RO          771    i.HAL_TIM_OC_DelayElapsedCallback  stm32f4xx_hal_tim.o
    0x0800154e   0x0800154e   0x000000d0   Code   RO          792    i.HAL_TIM_PWM_ConfigChannel  stm32f4xx_hal_tim.o
    0x0800161e   0x0800161e   0x00000036   Code   RO          795    i.HAL_TIM_PWM_Init  stm32f4xx_hal_tim.o
    0x08001654   0x08001654   0x00000002   Code   RO          797    i.HAL_TIM_PWM_MspInit  stm32f4xx_hal_tim.o
    0x08001656   0x08001656   0x00000002   Code   RO          798    i.HAL_TIM_PWM_PulseFinishedCallback  stm32f4xx_hal_tim.o
    0x08001658   0x08001658   0x00000002   Code   RO          806    i.HAL_TIM_PeriodElapsedCallback  stm32f4xx_hal_tim.o
    0x0800165a   0x0800165a   0x00000002   Code   RO          811    i.HAL_TIM_TriggerCallback  stm32f4xx_hal_tim.o
    0x0800165c   0x0800165c   0x00000062   Code   RO         2910    i.HAL_UART_Init     stm32f4xx_hal_uart.o
    0x080016be   0x080016be   0x00000002   PAD
    0x080016c0   0x080016c0   0x00000068   Code   RO          284    i.HAL_UART_MspInit  usart.o
    0x08001728   0x08001728   0x00000002   Code   RO          327    i.HardFault_Handler  stm32f4xx_it.o
    0x0800172a   0x0800172a   0x00000002   PAD
    0x0800172c   0x0800172c   0x00000390   Code   RO          431    i.LCD_Begin         mcufriend_kbv.o
    0x08001abc   0x08001abc   0x00000014   Code   RO          432    i.LCD_Color565      mcufriend_kbv.o
    0x08001ad0   0x08001ad0   0x000000ac   Code   RO          433    i.LCD_DrawChar      mcufriend_kbv.o
    0x08001b7c   0x08001b7c   0x000000fc   Code   RO          434    i.LCD_DrawCircle    mcufriend_kbv.o
    0x08001c78   0x08001c78   0x0000000c   Code   RO          436    i.LCD_DrawFastHLine  mcufriend_kbv.o
    0x08001c84   0x08001c84   0x0000000e   Code   RO          437    i.LCD_DrawFastVLine  mcufriend_kbv.o
    0x08001c92   0x08001c92   0x00000002   PAD
    0x08001c94   0x08001c94   0x00000050   Code   RO          439    i.LCD_DrawPixel     mcufriend_kbv.o
    0x08001ce4   0x08001ce4   0x00000046   Code   RO          440    i.LCD_DrawRect      mcufriend_kbv.o
    0x08001d2a   0x08001d2a   0x00000002   PAD
    0x08001d2c   0x08001d2c   0x00000304   Code   RO          443    i.LCD_FillRect      mcufriend_kbv.o
    0x08002030   0x08002030   0x0000001c   Code   RO          444    i.LCD_FillScreen    mcufriend_kbv.o
    0x0800204c   0x0800204c   0x000000b8   Code   RO          445    i.LCD_InvertDisplay  mcufriend_kbv.o
    0x08002104   0x08002104   0x00000078   Code   RO          446    i.LCD_Printf        mcufriend_kbv.o
    0x0800217c   0x0800217c   0x0000000a   Code   RO          450    i.LCD_PushCommand   mcufriend_kbv.o
    0x08002186   0x08002186   0x00000002   PAD
    0x08002188   0x08002188   0x00000750   Code   RO          451    i.LCD_ReadGRAM      mcufriend_kbv.o
    0x080028d8   0x080028d8   0x0000017c   Code   RO          452    i.LCD_ReadID        mcufriend_kbv.o
    0x08002a54   0x08002a54   0x00000014   Code   RO          453    i.LCD_ReadPixel     mcufriend_kbv.o
    0x08002a68   0x08002a68   0x000001a4   Code   RO          454    i.LCD_ReadReg       mcufriend_kbv.o
    0x08002c0c   0x08002c0c   0x0000001a   Code   RO          455    i.LCD_ReadReg32     mcufriend_kbv.o
    0x08002c26   0x08002c26   0x0000002c   Code   RO          456    i.LCD_ReadReg40     mcufriend_kbv.o
    0x08002c52   0x08002c52   0x00000002   PAD
    0x08002c54   0x08002c54   0x000000c4   Code   RO          457    i.LCD_Reset         mcufriend_kbv.o
    0x08002d18   0x08002d18   0x00000144   Code   RO          458    i.LCD_SetAddrWindow  mcufriend_kbv.o
    0x08002e5c   0x08002e5c   0x00000324   Code   RO          460    i.LCD_SetRotation   mcufriend_kbv.o
    0x08003180   0x08003180   0x0000017c   Code   RO          463    i.LCD_VertScroll    mcufriend_kbv.o
    0x080032fc   0x080032fc   0x00000004   Code   RO          464    i.LCD_WriteCmdData  mcufriend_kbv.o
    0x08003300   0x08003300   0x000000b8   Code   RO          193    i.MX_GPIO_Init      gpio.o
    0x080033b8   0x080033b8   0x0000009c   Code   RO          222    i.MX_TIM2_Init      tim.o
    0x08003454   0x08003454   0x00000070   Code   RO          223    i.MX_TIM3_Init      tim.o
    0x080034c4   0x080034c4   0x00000038   Code   RO          285    i.MX_USART2_UART_Init  usart.o
    0x080034fc   0x080034fc   0x00000002   Code   RO          328    i.MemManage_Handler  stm32f4xx_it.o
    0x080034fe   0x080034fe   0x00000002   Code   RO          329    i.NMI_Handler       stm32f4xx_it.o
    0x08003500   0x08003500   0x00000002   Code   RO          330    i.PendSV_Handler    stm32f4xx_it.o
    0x08003502   0x08003502   0x00000002   Code   RO          331    i.SVC_Handler       stm32f4xx_it.o
    0x08003504   0x08003504   0x0000000e   Code   RO          332    i.SysTick_Handler   stm32f4xx_it.o
    0x08003512   0x08003512   0x00000002   PAD
    0x08003514   0x08003514   0x00000088   Code   RO           15    i.SystemClock_Config  main.o
    0x0800359c   0x0800359c   0x0000001c   Code   RO         3212    i.SystemInit        system_stm32f4xx.o
    0x080035b8   0x080035b8   0x0000000c   Code   RO          333    i.TIM3_IRQHandler   stm32f4xx_it.o
    0x080035c4   0x080035c4   0x000000c8   Code   RO          813    i.TIM_Base_SetConfig  stm32f4xx_hal_tim.o
    0x0800368c   0x0800368c   0x00000014   Code   RO          824    i.TIM_ETR_SetConfig  stm32f4xx_hal_tim.o
    0x080036a0   0x080036a0   0x00000010   Code   RO          825    i.TIM_ITRx_SetConfig  stm32f4xx_hal_tim.o
    0x080036b0   0x080036b0   0x00000060   Code   RO          826    i.TIM_OC1_SetConfig  stm32f4xx_hal_tim.o
    0x08003710   0x08003710   0x0000006c   Code   RO          827    i.TIM_OC2_SetConfig  stm32f4xx_hal_tim.o
    0x0800377c   0x0800377c   0x00000068   Code   RO          828    i.TIM_OC3_SetConfig  stm32f4xx_hal_tim.o
    0x080037e4   0x080037e4   0x00000050   Code   RO          829    i.TIM_OC4_SetConfig  stm32f4xx_hal_tim.o
    0x08003834   0x08003834   0x00000022   Code   RO          831    i.TIM_TI1_ConfigInputStage  stm32f4xx_hal_tim.o
    0x08003856   0x08003856   0x00000002   PAD
    0x08003858   0x08003858   0x00000080   Code   RO          832    i.TIM_TI1_SetConfig  stm32f4xx_hal_tim.o
    0x080038d8   0x080038d8   0x00000024   Code   RO          833    i.TIM_TI2_ConfigInputStage  stm32f4xx_hal_tim.o
    0x080038fc   0x080038fc   0x00000036   Code   RO          834    i.TIM_TI2_SetConfig  stm32f4xx_hal_tim.o
    0x08003932   0x08003932   0x00000002   PAD
    0x08003934   0x08003934   0x00000128   Code   RO         2936    i.UART_SetConfig    stm32f4xx_hal_uart.o
    0x08003a5c   0x08003a5c   0x00000002   Code   RO          334    i.UsageFault_Handler  stm32f4xx_it.o
    0x08003a5e   0x08003a5e   0x0000001e   Code   RO          465    i.WriteCmdParam4    mcufriend_kbv.o
    0x08003a7c   0x08003a7c   0x0000030c   Code   RO          466    i.WriteCmdParamN    mcufriend_kbv.o
    0x08003d88   0x08003d88   0x00000024   Code   RO         3260    i.__0vsprintf       mc_w.l(printfa.o)
    0x08003dac   0x08003dac   0x00000020   Code   RO         2510    i.__NVIC_SetPriority  stm32f4xx_hal_cortex.o
    0x08003dcc   0x08003dcc   0x0000000e   Code   RO         3321    i.__scatterload_copy  mc_w.l(handlers.o)
    0x08003dda   0x08003dda   0x00000002   Code   RO         3322    i.__scatterload_null  mc_w.l(handlers.o)
    0x08003ddc   0x08003ddc   0x0000000e   Code   RO         3323    i.__scatterload_zeroinit  mc_w.l(handlers.o)
    0x08003dea   0x08003dea   0x00000002   PAD
    0x08003dec   0x08003dec   0x00000184   Code   RO         3261    i._fp_digits        mc_w.l(printfa.o)
    0x08003f70   0x08003f70   0x000006dc   Code   RO         3262    i._printf_core      mc_w.l(printfa.o)
    0x0800464c   0x0800464c   0x00000024   Code   RO         3263    i._printf_post_padding  mc_w.l(printfa.o)
    0x08004670   0x08004670   0x0000002e   Code   RO         3264    i._printf_pre_padding  mc_w.l(printfa.o)
    0x0800469e   0x0800469e   0x0000000a   Code   RO         3266    i._sputc            mc_w.l(printfa.o)
    0x080046a8   0x080046a8   0x00000014   Code   RO          467    i.color565_to_555   mcufriend_kbv.o
    0x080046bc   0x080046bc   0x00000020   Code   RO          468    i.delay             mcufriend_kbv.o
    0x080046dc   0x080046dc   0x0000004e   Code   RO          469    i.init_table        mcufriend_kbv.o
    0x0800472a   0x0800472a   0x0000002e   Code   RO          470    i.init_table16      mcufriend_kbv.o
    0x08004758   0x08004758   0x00000074   Code   RO           17    i.main              main.o
    0x080047cc   0x080047cc   0x000000fc   Code   RO          472    i.read16bits        mcufriend_kbv.o
    0x080048c8   0x080048c8   0x000001e8   Code   RO          473    i.writecmddata      mcufriend_kbv.o
    0x08004ab0   0x08004ab0   0x00000929   Data   RO          475    .constdata          mcufriend_kbv.o
    0x080053d9   0x080053d9   0x00000010   Data   RO         3213    .constdata          system_stm32f4xx.o
    0x080053e9   0x080053e9   0x00000008   Data   RO         3214    .constdata          system_stm32f4xx.o
    0x080053f1   0x080053f1   0x00000003   PAD
    0x080053f4   0x080053f4   0x00000020   Data   RO         3319    Region$$Table       anon$$obj.o


    Execution Region RW_IRAM1 (Exec base: 0x20000000, Load base: 0x08005414, Size: 0x00000600, Max: 0x00020000, ABSOLUTE)

    Exec Addr    Load Addr    Size         Type   Attr      Idx    E Section Name        Object

    0x20000000   0x08005414   0x00000030   Data   RW          476    .data               mcufriend_kbv.o
    0x20000030   0x08005444   0x0000000c   Data   RW         2654    .data               stm32f4xx_hal.o
    0x2000003c   0x08005450   0x00000004   Data   RW         3215    .data               system_stm32f4xx.o
    0x20000040        -       0x00000080   Zero   RW          224    .bss                tim.o
    0x200000c0        -       0x00000040   Zero   RW          286    .bss                usart.o
    0x20000100        -       0x00000100   Zero   RW          474    .bss                mcufriend_kbv.o
    0x20000200        -       0x00000400   Zero   RW            1    STACK               startup_stm32f446xx.o


==============================================================================

Image component sizes


      Code (inc. data)   RO Data    RW Data    ZI Data      Debug   Object Name

       184         18          0          0          0       1019   gpio.o
       256         24          0          0          0     708927   main.o
      8842        232       2345         48        256      31858   mcufriend_kbv.o
        36          8        452          0       1024        852   startup_stm32f446xx.o
       180         28          0         12          0       9409   stm32f4xx_hal.o
       206         14          0          0          0      34632   stm32f4xx_hal_cortex.o
       434         40          0          0          0       2436   stm32f4xx_hal_gpio.o
        52          4          0          0          0        902   stm32f4xx_hal_msp.o
       372         44          0          0          0       2954   stm32f4xx_hal_rcc.o
       984         30          0          0          0       2762   stm32f4xx_hal_rcc_ex.o
      2116        108          0          0          0      18871   stm32f4xx_hal_tim.o
       148         28          0          0          0       2521   stm32f4xx_hal_tim_ex.o
       394         10          0          0          0       2100   stm32f4xx_hal_uart.o
        42          6          0          0          0       4852   stm32f4xx_it.o
        28          6         24          4          0       1203   system_stm32f4xx.o
       504         48          0          0        128       3842   tim.o
       160         20          0          0         64       1782   usart.o

    ----------------------------------------------------------------------
     14966        668       2856         64       1472     830922   Object Totals
         0          0         32          0          0          0   (incl. Generated)
        28          0          3          0          0          0   (incl. Padding)

    ----------------------------------------------------------------------

      Code (inc. data)   RO Data    RW Data    ZI Data      Debug   Library Member Name

         0          0          0          0          0          0   entry.o
         0          0          0          0          0          0   entry10a.o
         0          0          0          0          0          0   entry11a.o
         8          4          0          0          0          0   entry2.o
         4          0          0          0          0          0   entry5.o
         0          0          0          0          0          0   entry7b.o
         0          0          0          0          0          0   entry8b.o
         8          4          0          0          0          0   entry9a.o
        30          0          0          0          0          0   handlers.o
        36          8          0          0          0         68   init.o
         0          0          0          0          0          0   iusefp.o
        30          0          0          0          0         68   llshl.o
        36          0          0          0          0         68   llsshr.o
        32          0          0          0          0         68   llushr.o
        36          0          0          0          0        108   memseta.o
      2272         86          0          0          0        516   printfa.o
        44          0          0          0          0         80   uidiv.o
        98          0          0          0          0         92   uldiv.o
        48          0          0          0          0         68   cdrcmple.o
       334          0          0          0          0        148   dadd.o
       222          0          0          0          0        100   ddiv.o
       186          0          0          0          0        176   depilogue.o
        48          0          0          0          0         68   dfixul.o
       228          0          0          0          0         96   dmul.o

    ----------------------------------------------------------------------
      3702        102          0          0          0       1724   Library Totals
         2          0          0          0          0          0   (incl. Padding)

    ----------------------------------------------------------------------

      Code (inc. data)   RO Data    RW Data    ZI Data      Debug   Library Name

      2634        102          0          0          0       1068   mc_w.l
      1066          0          0          0          0        656   mf_w.l

    ----------------------------------------------------------------------
      3702        102          0          0          0       1724   Library Totals

    ----------------------------------------------------------------------

==============================================================================


      Code (inc. data)   RO Data    RW Data    ZI Data      Debug   

     18668        770       2856         64       1472     822366   Grand Totals
     18668        770       2856         64       1472     822366   ELF Image Totals
     18668        770       2856         64          0          0   ROM Totals

==============================================================================

    Total RO  Size (Code + RO Data)                21524 (  21.02kB)
    Total RW  Size (RW Data + ZI Data)              1536 (   1.50kB)
    Total ROM Size (Code + RO Data + RW Data)      21588 (  21.08kB)

==============================================================================

